06-17 07:10:20.659  4313  4313 E ActivityThread: 	at java.util.concurrent.Executors$RunnableAdapter.call(Executors.java:487)
06-17 07:10:20.659  4313  4313 E ActivityThread: 	at eni.a(PG:3)
06-17 07:10:20.659  4313  4313 E ActivityThread: 	at emo.run(PG:19)
06-17 07:10:20.659  4313  4313 E ActivityThread: 	at enj.run(PG:5)
06-17 07:10:20.659  4313  4313 E ActivityThread: 	at eii.run(PG:44)
06-17 07:10:20.659  4313  4313 E ActivityThread: 	at qq.run(PG:250)
06-17 07:10:20.659  4313  4313 E ActivityThread: 	at java.lang.Thread.run(Thread.java:1012)
06-17 07:10:20.659  4313  4313 E ActivityThread: 	at cgw.run(PG:58)
06-17 07:10:20.665  4313  4313 E ActivityThread: Service com.google.android.apps.turbo.deadline.library.DeadlineUpdateJobService has leaked ServiceConnection bdz@2e2f6e9 that was originally bound here
06-17 07:10:20.665  4313  4313 E ActivityThread: android.app.ServiceConnectionLeaked: Service com.google.android.apps.turbo.deadline.library.DeadlineUpdateJobService has leaked ServiceConnection bdz@2e2f6e9 that was originally bound here
06-17 07:10:20.665  4313  4313 E ActivityThread: 	at android.app.LoadedApk$ServiceDispatcher.<init>(LoadedApk.java:2064)
06-17 07:10:20.665  4313  4313 E ActivityThread: 	at android.app.LoadedApk.getServiceDispatcherCommon(LoadedApk.java:1936)
06-17 07:10:20.665  4313  4313 E ActivityThread: 	at android.app.LoadedApk.getServiceDispatcher(LoadedApk.java:1915)
06-17 07:10:20.665  4313  4313 E ActivityThread: 	at android.app.ContextImpl.bindServiceCommon(ContextImpl.java:2113)
06-17 07:10:20.665  4313  4313 E ActivityThread: 	at android.app.ContextImpl.bindService(ContextImpl.java:1989)
06-17 07:10:20.665  4313  4313 E ActivityThread: 	at android.content.ContextWrapper.bindService(ContextWrapper.java:861)
06-17 07:10:20.665  4313  4313 E ActivityThread: 	at bdo.a(PG:204)
06-17 07:10:20.665  4313  4313 E ActivityThread: 	at ly.c(PG:19)
06-17 07:10:20.665  4313  4313 E ActivityThread: 	at com.google.android.apps.turbo.deadline.library.DeadlineUpdateJobService.e(PG:31)
06-17 07:10:20.665  4313  4313 E ActivityThread: 	at gl.run(PG:129)
06-17 07:10:20.665  4313  4313 E ActivityThread: 	at java.util.concurrent.Executors$RunnableAdapter.call(Executors.java:487)
06-17 07:10:20.665  4313  4313 E ActivityThread: 	at eni.a(PG:3)
06-17 07:10:20.665  4313  4313 E ActivityThread: 	at emo.run(PG:19)
06-17 07:10:20.665  4313  4313 E ActivityThread: 	at enj.run(PG:5)
06-17 07:10:20.665  4313  4313 E ActivityThread: 	at eii.run(PG:44)
06-17 07:10:20.665  4313  4313 E ActivityThread: 	at qq.run(PG:250)
06-17 07:10:20.665  4313  4313 E ActivityThread: 	at java.lang.Thread.run(Thread.java:1012)
06-17 07:10:20.665  4313  4313 E ActivityThread: 	at cgw.run(PG:58)
06-17 07:11:58.446  2077  2232 E KernelWakelockReader: neither /proc/wakelocks nor /d/wakeup_sources exists
06-17 07:12:56.413  2077  2232 E KernelWakelockReader: neither /proc/wakelocks nor /d/wakeup_sources exists
06-17 07:12:56.458  4313  4313 E ActivityThread: Service com.google.android.apps.turbo.deadline.library.BatteryFlagService has leaked ServiceConnection bdz@20737ef that was originally bound here
06-17 07:12:56.458  4313  4313 E ActivityThread: android.app.ServiceConnectionLeaked: Service com.google.android.apps.turbo.deadline.library.BatteryFlagService has leaked ServiceConnection bdz@20737ef that was originally bound here
06-17 07:12:56.458  4313  4313 E ActivityThread: 	at android.app.LoadedApk$ServiceDispatcher.<init>(LoadedApk.java:2064)
06-17 07:12:56.458  4313  4313 E ActivityThread: 	at android.app.LoadedApk.getServiceDispatcherCommon(LoadedApk.java:1936)
06-17 07:12:56.458  4313  4313 E ActivityThread: 	at android.app.LoadedApk.getServiceDispatcher(LoadedApk.java:1915)
06-17 07:12:56.458  4313  4313 E ActivityThread: 	at android.app.ContextImpl.bindServiceCommon(ContextImpl.java:2113)
06-17 07:12:56.458  4313  4313 E ActivityThread: 	at android.app.ContextImpl.bindService(ContextImpl.java:1989)
06-17 07:12:56.458  4313  4313 E ActivityThread: 	at android.content.ContextWrapper.bindService(ContextWrapper.java:861)
06-17 07:12:56.458  4313  4313 E ActivityThread: 	at bdo.a(PG:283)
06-17 07:12:56.458  4313  4313 E ActivityThread: 	at ly.c(PG:19)
06-17 07:12:56.458  4313  4313 E ActivityThread: 	at com.google.android.apps.turbo.deadline.library.BatteryFlagService.e(PG:17)
06-17 07:12:56.458  4313  4313 E ActivityThread: 	at gl.run(PG:267)
06-17 07:12:56.458  4313  4313 E ActivityThread: 	at java.util.concurrent.Executors$RunnableAdapter.call(Executors.java:487)
06-17 07:12:56.458  4313  4313 E ActivityThread: 	at eni.a(PG:3)
06-17 07:12:56.458  4313  4313 E ActivityThread: 	at emo.run(PG:19)
06-17 07:12:56.458  4313  4313 E ActivityThread: 	at enj.run(PG:5)
06-17 07:12:56.458  4313  4313 E ActivityThread: 	at eii.run(PG:44)
06-17 07:12:56.458  4313  4313 E ActivityThread: 	at qq.run(PG:250)
06-17 07:12:56.458  4313  4313 E ActivityThread: 	at java.lang.Thread.run(Thread.java:1012)
06-17 07:12:56.458  4313  4313 E ActivityThread: 	at cgw.run(PG:58)
06-17 07:12:56.477  4313  4313 E ActivityThread: Service com.google.android.apps.turbo.deadline.library.DeadlineUpdateJobService has leaked ServiceConnection bdz@d8abd01 that was originally bound here
06-17 07:12:56.477  4313  4313 E ActivityThread: android.app.ServiceConnectionLeaked: Service com.google.android.apps.turbo.deadline.library.DeadlineUpdateJobService has leaked ServiceConnection bdz@d8abd01 that was originally bound here
06-17 07:12:56.477  4313  4313 E ActivityThread: 	at android.app.LoadedApk$ServiceDispatcher.<init>(LoadedApk.java:2064)
06-17 07:12:56.477  4313  4313 E ActivityThread: 	at android.app.LoadedApk.getServiceDispatcherCommon(LoadedApk.java:1936)
06-17 07:12:56.477  4313  4313 E ActivityThread: 	at android.app.LoadedApk.getServiceDispatcher(LoadedApk.java:1915)
06-17 07:12:56.477  4313  4313 E ActivityThread: 	at android.app.ContextImpl.bindServiceCommon(ContextImpl.java:2113)
06-17 07:12:56.477  4313  4313 E ActivityThread: 	at android.app.ContextImpl.bindService(ContextImpl.java:1989)
06-17 07:12:56.477  4313  4313 E ActivityThread: 	at android.content.ContextWrapper.bindService(ContextWrapper.java:861)
06-17 07:12:56.477  4313  4313 E ActivityThread: 	at bdo.a(PG:204)
06-17 07:12:56.477  4313  4313 E ActivityThread: 	at ly.c(PG:19)
06-17 07:12:56.477  4313  4313 E ActivityThread: 	at com.google.android.apps.turbo.deadline.library.DeadlineUpdateJobService.e(PG:31)
06-17 07:12:56.477  4313  4313 E ActivityThread: 	at gl.run(PG:129)
06-17 07:12:56.477  4313  4313 E ActivityThread: 	at java.util.concurrent.Executors$RunnableAdapter.call(Executors.java:487)
06-17 07:12:56.477  4313  4313 E ActivityThread: 	at eni.a(PG:3)
06-17 07:12:56.477  4313  4313 E ActivityThread: 	at emo.run(PG:19)
06-17 07:12:56.477  4313  4313 E ActivityThread: 	at enj.run(PG:5)
06-17 07:12:56.477  4313  4313 E ActivityThread: 	at eii.run(PG:44)
06-17 07:12:56.477  4313  4313 E ActivityThread: 	at qq.run(PG:250)
06-17 07:12:56.477  4313  4313 E ActivityThread: 	at java.lang.Thread.run(Thread.java:1012)
06-17 07:12:56.477  4313  4313 E ActivityThread: 	at cgw.run(PG:58)
06-17 07:16:08.858  4313  4313 E ActivityThread: Service com.google.android.apps.turbo.deadline.library.BatteryFlagService has leaked ServiceConnection bdz@5bf7bc4 that was originally bound here
06-17 07:16:08.858  4313  4313 E ActivityThread: android.app.ServiceConnectionLeaked: Service com.google.android.apps.turbo.deadline.library.BatteryFlagService has leaked ServiceConnection bdz@5bf7bc4 that was originally bound here
06-17 07:16:08.858  4313  4313 E ActivityThread: 	at android.app.LoadedApk$ServiceDispatcher.<init>(LoadedApk.java:2064)
06-17 07:16:08.858  4313  4313 E ActivityThread: 	at android.app.LoadedApk.getServiceDispatcherCommon(LoadedApk.java:1936)
06-17 07:16:08.858  4313  4313 E ActivityThread: 	at android.app.LoadedApk.getServiceDispatcher(LoadedApk.java:1915)
06-17 07:16:08.858  4313  4313 E ActivityThread: 	at android.app.ContextImpl.bindServiceCommon(ContextImpl.java:2113)
06-17 07:16:08.858  4313  4313 E ActivityThread: 	at android.app.ContextImpl.bindService(ContextImpl.java:1989)
06-17 07:16:08.858  4313  4313 E ActivityThread: 	at android.content.ContextWrapper.bindService(ContextWrapper.java:861)
06-17 07:16:08.858  4313  4313 E ActivityThread: 	at bdo.a(PG:283)
06-17 07:16:08.858  4313  4313 E ActivityThread: 	at ly.c(PG:19)
06-17 07:16:08.858  4313  4313 E ActivityThread: 	at com.google.android.apps.turbo.deadline.library.BatteryFlagService.e(PG:17)
06-17 07:16:08.858  4313  4313 E ActivityThread: 	at gl.run(PG:267)
06-17 07:16:08.858  4313  4313 E ActivityThread: 	at java.util.concurrent.Executors$RunnableAdapter.call(Executors.java:487)
06-17 07:16:08.858  4313  4313 E ActivityThread: 	at eni.a(PG:3)
06-17 07:16:08.858  4313  4313 E ActivityThread: 	at emo.run(PG:19)
06-17 07:16:08.858  4313  4313 E ActivityThread: 	at enj.run(PG:5)
06-17 07:16:08.858  4313  4313 E ActivityThread: 	at eii.run(PG:44)
06-17 07:16:08.858  4313  4313 E ActivityThread: 	at qq.run(PG:250)
06-17 07:16:08.858  4313  4313 E ActivityThread: 	at java.lang.Thread.run(Thread.java:1012)
06-17 07:16:08.858  4313  4313 E ActivityThread: 	at cgw.run(PG:58)
06-17 07:16:08.859  4313  4313 E ActivityThread: Service com.google.android.apps.turbo.deadline.library.DeadlineUpdateJobService has leaked ServiceConnection bdz@4de1a2e that was originally bound here
06-17 07:16:08.859  4313  4313 E ActivityThread: android.app.ServiceConnectionLeaked: Service com.google.android.apps.turbo.deadline.library.DeadlineUpdateJobService has leaked ServiceConnection bdz@4de1a2e that was originally bound here
06-17 07:16:08.859  4313  4313 E ActivityThread: 	at android.app.LoadedApk$ServiceDispatcher.<init>(LoadedApk.java:2064)
06-17 07:16:08.859  4313  4313 E ActivityThread: 	at android.app.LoadedApk.getServiceDispatcherCommon(LoadedApk.java:1936)
06-17 07:16:08.859  4313  4313 E ActivityThread: 	at android.app.LoadedApk.getServiceDispatcher(LoadedApk.java:1915)
06-17 07:16:08.859  4313  4313 E ActivityThread: 	at android.app.ContextImpl.bindServiceCommon(ContextImpl.java:2113)
06-17 07:16:08.859  4313  4313 E ActivityThread: 	at android.app.ContextImpl.bindService(ContextImpl.java:1989)
06-17 07:16:08.859  4313  4313 E ActivityThread: 	at android.content.ContextWrapper.bindService(ContextWrapper.java:861)
06-17 07:16:08.859  4313  4313 E ActivityThread: 	at bdo.a(PG:204)
06-17 07:16:08.859  4313  4313 E ActivityThread: 	at ly.c(PG:19)
06-17 07:16:08.859  4313  4313 E ActivityThread: 	at com.google.android.apps.turbo.deadline.library.DeadlineUpdateJobService.e(PG:31)
06-17 07:16:08.859  4313  4313 E ActivityThread: 	at gl.run(PG:129)
06-17 07:16:08.859  4313  4313 E ActivityThread: 	at java.util.concurrent.Executors$RunnableAdapter.call(Executors.java:487)
06-17 07:16:08.859  4313  4313 E ActivityThread: 	at eni.a(PG:3)
06-17 07:16:08.859  4313  4313 E ActivityThread: 	at emo.run(PG:19)
06-17 07:16:08.859  4313  4313 E ActivityThread: 	at enj.run(PG:5)
06-17 07:16:08.859  4313  4313 E ActivityThread: 	at eii.run(PG:44)
06-17 07:16:08.859  4313  4313 E ActivityThread: 	at qq.run(PG:250)
06-17 07:16:08.859  4313  4313 E ActivityThread: 	at java.lang.Thread.run(Thread.java:1012)
06-17 07:16:08.859  4313  4313 E ActivityThread: 	at cgw.run(PG:58)
06-17 07:17:57.401  2077  2297 E JobScheduler.JobStatus: App com.google.android.inputmethod.latin became active but still in NEVER bucket
06-17 07:17:57.401  2077  2297 E JobScheduler.JobStatus: App com.google.android.inputmethod.latin became active but still in NEVER bucket
06-17 07:17:57.402  2077  2297 E JobScheduler.JobStatus: App com.google.android.inputmethod.latin became active but still in NEVER bucket
06-17 07:17:57.402  2077  2297 E JobScheduler.JobStatus: App com.google.android.inputmethod.latin became active but still in NEVER bucket
06-17 07:17:57.402  2077  2297 E JobScheduler.JobStatus: App com.google.android.inputmethod.latin became active but still in NEVER bucket
06-17 07:17:57.403  2077  2297 E JobScheduler.JobStatus: App com.google.android.inputmethod.latin became active but still in NEVER bucket
06-17 07:17:57.403  2077  2297 E JobScheduler.JobStatus: App com.google.android.inputmethod.latin became active but still in NEVER bucket
06-17 07:17:57.403  2077  2297 E JobScheduler.JobStatus: App com.google.android.inputmethod.latin became active but still in NEVER bucket
06-17 07:17:57.403  2077  2297 E JobScheduler.JobStatus: App com.google.android.inputmethod.latin became active but still in NEVER bucket
06-17 07:17:57.404  2077  2297 E JobScheduler.JobStatus: App com.google.android.inputmethod.latin became active but still in NEVER bucket
06-17 07:17:57.404  2077  2297 E JobScheduler.JobStatus: App com.google.android.inputmethod.latin became active but still in NEVER bucket
06-17 07:17:57.404  2077  2297 E JobScheduler.JobStatus: App com.google.android.inputmethod.latin became active but still in NEVER bucket
06-17 07:17:57.405  2077  2297 E JobScheduler.JobStatus: App com.google.android.inputmethod.latin became active but still in NEVER bucket
06-17 07:17:57.405  2077  2297 E JobScheduler.JobStatus: App com.google.android.inputmethod.latin became active but still in NEVER bucket
06-17 07:17:57.405  2077  2297 E JobScheduler.JobStatus: App com.google.android.inputmethod.latin became active but still in NEVER bucket
06-17 07:17:57.405  2077  2297 E JobScheduler.JobStatus: App com.google.android.inputmethod.latin became active but still in NEVER bucket
06-17 07:17:57.406  2077  2297 E JobScheduler.JobStatus: App com.google.android.inputmethod.latin became active but still in NEVER bucket
06-17 07:18:00.762  2077  2077 E ActivityManager: Cancel pending or running compactions as system is awake
06-17 07:18:00.770  2077  6212 E TransitionController: Set visible without transition ActivityRecord{8fa7537 u0 com.google.android.apps.nexuslauncher/.NexusLauncherActivity t102} playing=false caller=com.android.server.wm.TaskFragment.resumeTopActivity:1413 
06-17 07:18:01.173  2077  2077 E Fingerprint21: onAcquired for non-acquisition client: null
06-17 07:18:07.505  2077  2256 E ResilientAtomicFile: Failed to verity-protect package restrictions
06-17 07:18:07.505  2077  2256 E ResilientAtomicFile: java.io.IOException: Failed to enable fs-verity on FD(401): Inappropriate ioctl for device
06-17 07:18:07.505  2077  2256 E ResilientAtomicFile: 	at com.android.internal.security.VerityUtils.setUpFsverity(VerityUtils.java:89)
06-17 07:18:07.505  2077  2256 E ResilientAtomicFile: 	at com.android.server.security.FileIntegrity.setUpFsVerity(FileIntegrity.java:56)
06-17 07:18:07.505  2077  2256 E ResilientAtomicFile: 	at com.android.server.pm.ResilientAtomicFile.finishWrite(ResilientAtomicFile.java:146)
06-17 07:18:07.505  2077  2256 E ResilientAtomicFile: 	at com.android.server.pm.Settings.writePackageRestrictions(Settings.java:2336)
06-17 07:18:07.505  2077  2256 E ResilientAtomicFile: 	at com.android.server.pm.Settings.writePackageRestrictions(Settings.java:2171)
06-17 07:18:07.505  2077  2256 E ResilientAtomicFile: 	at com.android.server.pm.PackageManagerService.writePendingRestrictions(PackageManagerService.java:1484)
06-17 07:18:07.505  2077  2256 E ResilientAtomicFile: 	at com.android.server.pm.PackageManagerService$2.handleMessage(PackageManagerService.java:1511)
06-17 07:18:07.505  2077  2256 E ResilientAtomicFile: 	at android.os.Handler.dispatchMessage(Handler.java:102)
06-17 07:18:07.505  2077  2256 E ResilientAtomicFile: 	at android.os.Looper.loopOnce(Looper.java:205)
06-17 07:18:07.505  2077  2256 E ResilientAtomicFile: 	at android.os.Looper.loop(Looper.java:294)
06-17 07:18:07.505  2077  2256 E ResilientAtomicFile: 	at android.os.HandlerThread.run(HandlerThread.java:67)
06-17 07:18:07.505  2077  2256 E ResilientAtomicFile: 	at com.android.server.ServiceThread.run(ServiceThread.java:46)
06-17 07:21:08.850  2077  2232 E KernelWakelockReader: neither /proc/wakelocks nor /d/wakeup_sources exists
06-17 07:23:59.873  4313  4313 E ActivityThread: Service com.google.android.apps.turbo.deadline.library.BatteryFlagService has leaked ServiceConnection bdz@77054bf that was originally bound here
06-17 07:23:59.873  4313  4313 E ActivityThread: android.app.ServiceConnectionLeaked: Service com.google.android.apps.turbo.deadline.library.BatteryFlagService has leaked ServiceConnection bdz@77054bf that was originally bound here
06-17 07:23:59.873  4313  4313 E ActivityThread: 	at android.app.LoadedApk$ServiceDispatcher.<init>(LoadedApk.java:2064)
06-17 07:23:59.873  4313  4313 E ActivityThread: 	at android.app.LoadedApk.getServiceDispatcherCommon(LoadedApk.java:1936)
06-17 07:23:59.873  4313  4313 E ActivityThread: 	at android.app.LoadedApk.getServiceDispatcher(LoadedApk.java:1915)
06-17 07:23:59.873  4313  4313 E ActivityThread: 	at android.app.ContextImpl.bindServiceCommon(ContextImpl.java:2113)
06-17 07:23:59.873  4313  4313 E ActivityThread: 	at android.app.ContextImpl.bindService(ContextImpl.java:1989)
06-17 07:23:59.873  4313  4313 E ActivityThread: 	at android.content.ContextWrapper.bindService(ContextWrapper.java:861)
06-17 07:23:59.873  4313  4313 E ActivityThread: 	at bdo.a(PG:283)
06-17 07:23:59.873  4313  4313 E ActivityThread: 	at ly.c(PG:19)
06-17 07:23:59.873  4313  4313 E ActivityThread: 	at com.google.android.apps.turbo.deadline.library.BatteryFlagService.e(PG:17)
06-17 07:23:59.873  4313  4313 E ActivityThread: 	at gl.run(PG:267)
06-17 07:23:59.873  4313  4313 E ActivityThread: 	at java.util.concurrent.Executors$RunnableAdapter.call(Executors.java:487)
06-17 07:23:59.873  4313  4313 E ActivityThread: 	at eni.a(PG:3)
06-17 07:23:59.873  4313  4313 E ActivityThread: 	at emo.run(PG:19)
06-17 07:23:59.873  4313  4313 E ActivityThread: 	at enj.run(PG:5)
06-17 07:23:59.873  4313  4313 E ActivityThread: 	at eii.run(PG:44)
06-17 07:23:59.873  4313  4313 E ActivityThread: 	at qq.run(PG:250)
06-17 07:23:59.873  4313  4313 E ActivityThread: 	at java.lang.Thread.run(Thread.java:1012)
06-17 07:23:59.873  4313  4313 E ActivityThread: 	at cgw.run(PG:58)
06-17 07:23:59.874  4313  4313 E ActivityThread: Service com.google.android.apps.turbo.deadline.library.DeadlineUpdateJobService has leaked ServiceConnection bdz@c527351 that was originally bound here
06-17 07:23:59.874  4313  4313 E ActivityThread: android.app.ServiceConnectionLeaked: Service com.google.android.apps.turbo.deadline.library.DeadlineUpdateJobService has leaked ServiceConnection bdz@c527351 that was originally bound here
06-17 07:23:59.874  4313  4313 E ActivityThread: 	at android.app.LoadedApk$ServiceDispatcher.<init>(LoadedApk.java:2064)
06-17 07:23:59.874  4313  4313 E ActivityThread: 	at android.app.LoadedApk.getServiceDispatcherCommon(LoadedApk.java:1936)
06-17 07:23:59.874  4313  4313 E ActivityThread: 	at android.app.LoadedApk.getServiceDispatcher(LoadedApk.java:1915)
06-17 07:23:59.874  4313  4313 E ActivityThread: 	at android.app.ContextImpl.bindServiceCommon(ContextImpl.java:2113)
06-17 07:23:59.874  4313  4313 E ActivityThread: 	at android.app.ContextImpl.bindService(ContextImpl.java:1989)
06-17 07:23:59.874  4313  4313 E ActivityThread: 	at android.content.ContextWrapper.bindService(ContextWrapper.java:861)
06-17 07:23:59.874  4313  4313 E ActivityThread: 	at bdo.a(PG:204)
06-17 07:23:59.874  4313  4313 E ActivityThread: 	at ly.c(PG:19)
06-17 07:23:59.874  4313  4313 E ActivityThread: 	at com.google.android.apps.turbo.deadline.library.DeadlineUpdateJobService.e(PG:31)
06-17 07:23:59.874  4313  4313 E ActivityThread: 	at gl.run(PG:129)
06-17 07:23:59.874  4313  4313 E ActivityThread: 	at java.util.concurrent.Executors$RunnableAdapter.call(Executors.java:487)
06-17 07:23:59.874  4313  4313 E ActivityThread: 	at eni.a(PG:3)
06-17 07:23:59.874  4313  4313 E ActivityThread: 	at emo.run(PG:19)
06-17 07:23:59.874  4313  4313 E ActivityThread: 	at enj.run(PG:5)
06-17 07:23:59.874  4313  4313 E ActivityThread: 	at eii.run(PG:44)
06-17 07:23:59.874  4313  4313 E ActivityThread: 	at qq.run(PG:250)
06-17 07:23:59.874  4313  4313 E ActivityThread: 	at java.lang.Thread.run(Thread.java:1012)
06-17 07:23:59.874  4313  4313 E ActivityThread: 	at cgw.run(PG:58)
06-17 07:24:35.599  2077  2256 E ResilientAtomicFile: Failed to verity-protect package restrictions
06-17 07:24:35.599  2077  2256 E ResilientAtomicFile: java.io.IOException: Failed to enable fs-verity on FD(613): Inappropriate ioctl for device
06-17 07:24:35.599  2077  2256 E ResilientAtomicFile: 	at com.android.internal.security.VerityUtils.setUpFsverity(VerityUtils.java:89)
06-17 07:24:35.599  2077  2256 E ResilientAtomicFile: 	at com.android.server.security.FileIntegrity.setUpFsVerity(FileIntegrity.java:56)
06-17 07:24:35.599  2077  2256 E ResilientAtomicFile: 	at com.android.server.pm.ResilientAtomicFile.finishWrite(ResilientAtomicFile.java:146)
06-17 07:24:35.599  2077  2256 E ResilientAtomicFile: 	at com.android.server.pm.Settings.writePackageRestrictions(Settings.java:2336)
06-17 07:24:35.599  2077  2256 E ResilientAtomicFile: 	at com.android.server.pm.Settings.writePackageRestrictions(Settings.java:2171)
06-17 07:24:35.599  2077  2256 E ResilientAtomicFile: 	at com.android.server.pm.PackageManagerService.writePendingRestrictions(PackageManagerService.java:1484)
06-17 07:24:35.599  2077  2256 E ResilientAtomicFile: 	at com.android.server.pm.PackageManagerService$2.handleMessage(PackageManagerService.java:1511)
06-17 07:24:35.599  2077  2256 E ResilientAtomicFile: 	at android.os.Handler.dispatchMessage(Handler.java:102)
06-17 07:24:35.599  2077  2256 E ResilientAtomicFile: 	at android.os.Looper.loopOnce(Looper.java:205)
06-17 07:24:35.599  2077  2256 E ResilientAtomicFile: 	at android.os.Looper.loop(Looper.java:294)
06-17 07:24:35.599  2077  2256 E ResilientAtomicFile: 	at android.os.HandlerThread.run(HandlerThread.java:67)
06-17 07:24:35.599  2077  2256 E ResilientAtomicFile: 	at com.android.server.ServiceThread.run(ServiceThread.java:46)
06-17 07:24:38.665  2077  2205 E ShortcutService: Failed to verity-protect /data/system_ce/0/shortcut_service/packages/com.android.vending.xml
06-17 07:24:38.665  2077  2205 E ShortcutService: java.io.IOException: Failed to enable fs-verity on /data/system_ce/0/shortcut_service/packages/com.android.vending.xml: Inappropriate ioctl for device
06-17 07:24:38.665  2077  2205 E ShortcutService: 	at com.android.internal.security.VerityUtils.setUpFsverity(VerityUtils.java:80)
06-17 07:24:38.665  2077  2205 E ShortcutService: 	at com.android.server.security.FileIntegrity.setUpFsVerity(FileIntegrity.java:45)
06-17 07:24:38.665  2077  2205 E ShortcutService: 	at com.android.server.pm.ShortcutPackageItem.saveToFileLocked(ShortcutPackageItem.java:186)
06-17 07:24:38.665  2077  2205 E ShortcutService: 	at com.android.server.pm.ShortcutPackageItem.saveShortcutPackageItem(ShortcutPackageItem.java:232)
06-17 07:24:38.665  2077  2205 E ShortcutService: 	at com.android.server.pm.ShortcutPackageItem$$ExternalSyntheticLambda0.run(R8$$SyntheticClass:0)
06-17 07:24:38.665  2077  2205 E ShortcutService: 	at android.os.Handler.handleCallback(Handler.java:958)
06-17 07:24:38.665  2077  2205 E ShortcutService: 	at android.os.Handler.dispatchMessage(Handler.java:99)
06-17 07:24:38.665  2077  2205 E ShortcutService: 	at android.os.Looper.loopOnce(Looper.java:205)
06-17 07:24:38.665  2077  2205 E ShortcutService: 	at android.os.Looper.loop(Looper.java:294)
06-17 07:24:38.665  2077  2205 E ShortcutService: 	at android.os.HandlerThread.run(HandlerThread.java:67)
06-17 07:24:55.413  2077  2260 E ResilientAtomicFile: Failed to verity-protect package manager settings
06-17 07:24:55.413  2077  2260 E ResilientAtomicFile: java.io.IOException: Failed to enable fs-verity on FD(615): Inappropriate ioctl for device
06-17 07:24:55.413  2077  2260 E ResilientAtomicFile: 	at com.android.internal.security.VerityUtils.setUpFsverity(VerityUtils.java:89)
06-17 07:24:55.413  2077  2260 E ResilientAtomicFile: 	at com.android.server.security.FileIntegrity.setUpFsVerity(FileIntegrity.java:56)
06-17 07:24:55.413  2077  2260 E ResilientAtomicFile: 	at com.android.server.pm.ResilientAtomicFile.finishWrite(ResilientAtomicFile.java:146)
06-17 07:24:55.413  2077  2260 E ResilientAtomicFile: 	at com.android.server.pm.Settings.writeLPr(Settings.java:2652)
06-17 07:24:55.413  2077  2260 E ResilientAtomicFile: 	at com.android.server.pm.PackageManagerService.writeSettingsLPrTEMP(PackageManagerService.java:7409)
06-17 07:24:55.413  2077  2260 E ResilientAtomicFile: 	at com.android.server.pm.PackageManagerService.writeSettingsLPrTEMP(PackageManagerService.java:7414)
06-17 07:24:55.413  2077  2260 E ResilientAtomicFile: 	at com.android.server.pm.InstallPackageHelper.updateSettingsInternalLI(InstallPackageHelper.java:2385)
06-17 07:24:55.413  2077  2260 E ResilientAtomicFile: 	at com.android.server.pm.InstallPackageHelper.updateSettingsLI(InstallPackageHelper.java:2165)
06-17 07:24:55.413  2077  2260 E ResilientAtomicFile: 	at com.android.server.pm.InstallPackageHelper.commitPackagesLocked(InstallPackageHelper.java:2134)
06-17 07:24:55.413  2077  2260 E ResilientAtomicFile: 	at com.android.server.pm.InstallPackageHelper.installPackagesLI(InstallPackageHelper.java:1031)
06-17 07:24:55.413  2077  2260 E ResilientAtomicFile: 	at com.android.server.pm.InstallPackageHelper.installPackagesTraced(InstallPackageHelper.java:915)
06-17 07:24:55.413  2077  2260 E ResilientAtomicFile: 	at com.android.server.pm.InstallingSession.processApkInstallRequests(InstallingSession.java:540)
06-17 07:24:55.413  2077  2260 E ResilientAtomicFile: 	at com.android.server.pm.InstallingSession.processInstallRequests(InstallingSession.java:529)
06-17 07:24:55.413  2077  2260 E ResilientAtomicFile: 	at com.android.server.pm.InstallingSession.lambda$processPendingInstall$0(InstallingSession.java:288)
06-17 07:24:55.413  2077  2260 E ResilientAtomicFile: 	at com.android.server.pm.InstallingSession.$r8$lambda$tqRjKCgCJYNNnnY7Qw5M5BHLup8(InstallingSession.java:0)
06-17 07:24:55.413  2077  2260 E ResilientAtomicFile: 	at com.android.server.pm.InstallingSession$$ExternalSyntheticLambda1.run(R8$$SyntheticClass:0)
06-17 07:24:55.413  2077  2260 E ResilientAtomicFile: 	at android.os.Handler.handleCallback(Handler.java:958)
06-17 07:24:55.413  2077  2260 E ResilientAtomicFile: 	at android.os.Handler.dispatchMessage(Handler.java:99)
06-17 07:24:55.413  2077  2260 E ResilientAtomicFile: 	at android.os.Looper.loopOnce(Looper.java:205)
06-17 07:24:55.413  2077  2260 E ResilientAtomicFile: 	at android.os.Looper.loop(Looper.java:294)
06-17 07:24:55.413  2077  2260 E ResilientAtomicFile: 	at android.os.HandlerThread.run(HandlerThread.java:67)
06-17 07:24:55.413  2077  2260 E ResilientAtomicFile: 	at com.android.server.ServiceThread.run(ServiceThread.java:46)
06-17 07:24:55.476  2077  2256 E ResilientAtomicFile: Failed to verity-protect package restrictions
06-17 07:24:55.476  2077  2256 E ResilientAtomicFile: java.io.IOException: Failed to enable fs-verity on FD(621): Inappropriate ioctl for device
06-17 07:24:55.476  2077  2256 E ResilientAtomicFile: 	at com.android.internal.security.VerityUtils.setUpFsverity(VerityUtils.java:89)
06-17 07:24:55.476  2077  2256 E ResilientAtomicFile: 	at com.android.server.security.FileIntegrity.setUpFsVerity(FileIntegrity.java:56)
06-17 07:24:55.476  2077  2256 E ResilientAtomicFile: 	at com.android.server.pm.ResilientAtomicFile.finishWrite(ResilientAtomicFile.java:146)
06-17 07:24:55.476  2077  2256 E ResilientAtomicFile: 	at com.android.server.pm.Settings.writePackageRestrictions(Settings.java:2336)
06-17 07:24:55.476  2077  2256 E ResilientAtomicFile: 	at com.android.server.pm.Settings.lambda$writePackageRestrictionsLPr$1(Settings.java:2162)
06-17 07:24:55.476  2077  2256 E ResilientAtomicFile: 	at com.android.server.pm.Settings.$r8$lambda$OPlPaPj08qmthsK8f0-7Du1VRyA(Settings.java:0)
06-17 07:24:55.476  2077  2256 E ResilientAtomicFile: 	at com.android.server.pm.Settings$$ExternalSyntheticLambda0.run(R8$$SyntheticClass:0)
06-17 07:24:55.476  2077  2256 E ResilientAtomicFile: 	at com.android.server.pm.PackageManagerService$2.handleMessage(PackageManagerService.java:1516)
06-17 07:24:55.476  2077  2256 E ResilientAtomicFile: 	at android.os.Handler.dispatchMessage(Handler.java:102)
06-17 07:24:55.476  2077  2256 E ResilientAtomicFile: 	at android.os.Looper.loopOnce(Looper.java:205)
06-17 07:24:55.476  2077  2256 E ResilientAtomicFile: 	at android.os.Looper.loop(Looper.java:294)
06-17 07:24:55.476  2077  2256 E ResilientAtomicFile: 	at android.os.HandlerThread.run(HandlerThread.java:67)
06-17 07:24:55.476  2077  2256 E ResilientAtomicFile: 	at com.android.server.ServiceThread.run(ServiceThread.java:46)
06-17 07:24:55.714  2077  2387 E AppOps  : attributionTag VCN not declared in manifest of android
06-17 07:24:55.716  2077  2387 E AppOps  : attributionTag VCN not declared in manifest of android
06-17 07:24:55.717  2077  2387 E AppOps  : attributionTag VCN not declared in manifest of android
06-17 07:24:55.718  2077  2387 E AppOps  : attributionTag VCN not declared in manifest of android
06-17 07:24:55.748  2077  2387 E AppOps  : attributionTag VCN not declared in manifest of android
06-17 07:24:55.751  2077  2387 E AppOps  : attributionTag VCN not declared in manifest of android
06-17 07:24:55.754  2077  2387 E AppOps  : attributionTag VCN not declared in manifest of android
06-17 07:24:55.764  2077  2387 E AppOps  : attributionTag VCN not declared in manifest of android
06-17 07:24:55.786  2077  2387 E AppOps  : attributionTag VCN not declared in manifest of android
06-17 07:24:55.791  2077  2387 E AppOps  : attributionTag VCN not declared in manifest of android
06-17 07:24:55.792  2077  2387 E AppOps  : attributionTag VCN not declared in manifest of android
06-17 07:24:55.793  2077  2387 E AppOps  : attributionTag VCN not declared in manifest of android
06-17 07:24:56.295  2077  2256 E VerityUtils: Failed to measure fs-verity, errno 25: /data/app/~~HzNIooX_mOzui9WmSwUAuA==/org.vestaopensource.tutor-BRtVYHwlRytQrYTkO08eBA==/base.apk
06-17 07:24:56.872  2077  2256 E VerityUtils: Failed to measure fs-verity, errno 25: /data/app/~~HzNIooX_mOzui9WmSwUAuA==/org.vestaopensource.tutor-BRtVYHwlRytQrYTkO08eBA==/base.apk
06-17 07:25:06.055  2077  2256 E ResilientAtomicFile: Failed to verity-protect package restrictions
06-17 07:25:06.055  2077  2256 E ResilientAtomicFile: java.io.IOException: Failed to enable fs-verity on FD(406): Inappropriate ioctl for device
06-17 07:25:06.055  2077  2256 E ResilientAtomicFile: 	at com.android.internal.security.VerityUtils.setUpFsverity(VerityUtils.java:89)
06-17 07:25:06.055  2077  2256 E ResilientAtomicFile: 	at com.android.server.security.FileIntegrity.setUpFsVerity(FileIntegrity.java:56)
06-17 07:25:06.055  2077  2256 E ResilientAtomicFile: 	at com.android.server.pm.ResilientAtomicFile.finishWrite(ResilientAtomicFile.java:146)
06-17 07:25:06.055  2077  2256 E ResilientAtomicFile: 	at com.android.server.pm.Settings.writePackageRestrictions(Settings.java:2336)
06-17 07:25:06.055  2077  2256 E ResilientAtomicFile: 	at com.android.server.pm.Settings.writePackageRestrictions(Settings.java:2171)
06-17 07:25:06.055  2077  2256 E ResilientAtomicFile: 	at com.android.server.pm.PackageManagerService.writePendingRestrictions(PackageManagerService.java:1484)
06-17 07:25:06.055  2077  2256 E ResilientAtomicFile: 	at com.android.server.pm.PackageManagerService$2.handleMessage(PackageManagerService.java:1511)
06-17 07:25:06.055  2077  2256 E ResilientAtomicFile: 	at android.os.Handler.dispatchMessage(Handler.java:102)
06-17 07:25:06.055  2077  2256 E ResilientAtomicFile: 	at android.os.Looper.loopOnce(Looper.java:205)
06-17 07:25:06.055  2077  2256 E ResilientAtomicFile: 	at android.os.Looper.loop(Looper.java:294)
06-17 07:25:06.055  2077  2256 E ResilientAtomicFile: 	at android.os.HandlerThread.run(HandlerThread.java:67)
06-17 07:25:06.055  2077  2256 E ResilientAtomicFile: 	at com.android.server.ServiceThread.run(ServiceThread.java:46)
06-17 07:25:14.765  2077  2232 E KernelWakelockReader: neither /proc/wakelocks nor /d/wakeup_sources exists
--------- beginning of main
06-17 07:25:26.354   999  9880 E doh::ffi: timeout: deadline has elapsed
06-17 07:25:26.356   999  9879 E doh::ffi: timeout: deadline has elapsed
06-17 07:25:26.694   999  9911 E doh::ffi: timeout: deadline has elapsed
06-17 07:25:26.696   999  9910 E doh::ffi: timeout: deadline has elapsed
06-17 07:25:38.076   970   979 E QC-time-services: Daemon: Time-services: Waiting to acceptconnection
06-17 07:25:38.077   708   741 E QC-time-services: Receive Passed == base = 13, unit = 1, operation = 2, result = 0
06-17 07:25:38.078   970   979 E QC-time-services: Daemon: Time-services: Waiting to acceptconnection
06-17 07:25:38.396  9812 10081 E GoogleApiManager: Failed to get service from broker. 
06-17 07:25:38.396  9812 10081 E GoogleApiManager: java.lang.SecurityException: Unknown calling package name 'com.google.android.gms'.
06-17 07:25:38.396  9812 10081 E GoogleApiManager: 	at android.os.Parcel.createExceptionOrNull(Parcel.java:3057)
06-17 07:25:38.396  9812 10081 E GoogleApiManager: 	at android.os.Parcel.createException(Parcel.java:3041)
06-17 07:25:38.396  9812 10081 E GoogleApiManager: 	at android.os.Parcel.readException(Parcel.java:3024)
06-17 07:25:38.396  9812 10081 E GoogleApiManager: 	at android.os.Parcel.readException(Parcel.java:2966)
06-17 07:25:38.396  9812 10081 E GoogleApiManager: 	at bitm.a(:com.google.android.gms@262031029@26.20.31 (190400-919905943):36)
06-17 07:25:38.396  9812 10081 E GoogleApiManager: 	at biri.z(:com.google.android.gms@262031029@26.20.31 (190400-919905943):143)
06-17 07:25:38.396  9812 10081 E GoogleApiManager: 	at bhxl.run(:com.google.android.gms@262031029@26.20.31 (190400-919905943):42)
06-17 07:25:38.396  9812 10081 E GoogleApiManager: 	at android.os.Handler.handleCallback(Handler.java:958)
06-17 07:25:38.396  9812 10081 E GoogleApiManager: 	at android.os.Handler.dispatchMessage(Handler.java:99)
06-17 07:25:38.396  9812 10081 E GoogleApiManager: 	at cywq.mT(:com.google.android.gms@262031029@26.20.31 (190400-919905943):1)
06-17 07:25:38.396  9812 10081 E GoogleApiManager: 	at cywq.dispatchMessage(:com.google.android.gms@262031029@26.20.31 (190400-919905943):5)
06-17 07:25:38.396  9812 10081 E GoogleApiManager: 	at android.os.Looper.loopOnce(Looper.java:205)
06-17 07:25:38.396  9812 10081 E GoogleApiManager: 	at android.os.Looper.loop(Looper.java:294)
06-17 07:25:38.396  9812 10081 E GoogleApiManager: 	at android.os.HandlerThread.run(HandlerThread.java:67)
06-17 07:25:38.405  9812 10081 E GoogleApiManager: Failed to get service from broker. 
06-17 07:25:38.405  9812 10081 E GoogleApiManager: java.lang.SecurityException: Unknown calling package name 'com.google.android.gms'.
06-17 07:25:38.405  9812 10081 E GoogleApiManager: 	at android.os.Parcel.createExceptionOrNull(Parcel.java:3057)
06-17 07:25:38.405  9812 10081 E GoogleApiManager: 	at android.os.Parcel.createException(Parcel.java:3041)
06-17 07:25:38.405  9812 10081 E GoogleApiManager: 	at android.os.Parcel.readException(Parcel.java:3024)
06-17 07:25:38.405  9812 10081 E GoogleApiManager: 	at android.os.Parcel.readException(Parcel.java:2966)
06-17 07:25:38.405  9812 10081 E GoogleApiManager: 	at bitm.a(:com.google.android.gms@262031029@26.20.31 (190400-919905943):36)
06-17 07:25:38.405  9812 10081 E GoogleApiManager: 	at biri.z(:com.google.android.gms@262031029@26.20.31 (190400-919905943):143)
06-17 07:25:38.405  9812 10081 E GoogleApiManager: 	at bhxl.run(:com.google.android.gms@262031029@26.20.31 (190400-919905943):42)
06-17 07:25:38.405  9812 10081 E GoogleApiManager: 	at android.os.Handler.handleCallback(Handler.java:958)
06-17 07:25:38.405  9812 10081 E GoogleApiManager: 	at android.os.Handler.dispatchMessage(Handler.java:99)
06-17 07:25:38.405  9812 10081 E GoogleApiManager: 	at cywq.mT(:com.google.android.gms@262031029@26.20.31 (190400-919905943):1)
06-17 07:25:38.405  9812 10081 E GoogleApiManager: 	at cywq.dispatchMessage(:com.google.android.gms@262031029@26.20.31 (190400-919905943):5)
06-17 07:25:38.405  9812 10081 E GoogleApiManager: 	at android.os.Looper.loopOnce(Looper.java:205)
06-17 07:25:38.405  9812 10081 E GoogleApiManager: 	at android.os.Looper.loop(Looper.java:294)
06-17 07:25:38.405  9812 10081 E GoogleApiManager: 	at android.os.HandlerThread.run(HandlerThread.java:67)
06-17 07:25:48.408  9812 10081 E GoogleApiManager: Failed to get service from broker. 
06-17 07:25:48.408  9812 10081 E GoogleApiManager: java.lang.SecurityException: Unknown calling package name 'com.google.android.gms'.
06-17 07:25:48.408  9812 10081 E GoogleApiManager: 	at android.os.Parcel.createExceptionOrNull(Parcel.java:3057)
06-17 07:25:48.408  9812 10081 E GoogleApiManager: 	at android.os.Parcel.createException(Parcel.java:3041)
06-17 07:25:48.408  9812 10081 E GoogleApiManager: 	at android.os.Parcel.readException(Parcel.java:3024)
06-17 07:25:48.408  9812 10081 E GoogleApiManager: 	at android.os.Parcel.readException(Parcel.java:2966)
06-17 07:25:48.408  9812 10081 E GoogleApiManager: 	at bitm.a(:com.google.android.gms@262031029@26.20.31 (190400-919905943):36)
06-17 07:25:48.408  9812 10081 E GoogleApiManager: 	at biri.z(:com.google.android.gms@262031029@26.20.31 (190400-919905943):143)
06-17 07:25:48.408  9812 10081 E GoogleApiManager: 	at bhxl.run(:com.google.android.gms@262031029@26.20.31 (190400-919905943):42)
06-17 07:25:48.408  9812 10081 E GoogleApiManager: 	at android.os.Handler.handleCallback(Handler.java:958)
06-17 07:25:48.408  9812 10081 E GoogleApiManager: 	at android.os.Handler.dispatchMessage(Handler.java:99)
06-17 07:25:48.408  9812 10081 E GoogleApiManager: 	at cywq.mT(:com.google.android.gms@262031029@26.20.31 (190400-919905943):1)
06-17 07:25:48.408  9812 10081 E GoogleApiManager: 	at cywq.dispatchMessage(:com.google.android.gms@262031029@26.20.31 (190400-919905943):5)
06-17 07:25:48.408  9812 10081 E GoogleApiManager: 	at android.os.Looper.loopOnce(Looper.java:205)
06-17 07:25:48.408  9812 10081 E GoogleApiManager: 	at android.os.Looper.loop(Looper.java:294)
06-17 07:25:48.408  9812 10081 E GoogleApiManager: 	at android.os.HandlerThread.run(HandlerThread.java:67)
06-17 07:25:59.242  9812  9812 E MethodChannel#dexterous.com/flutter/local_notifications: Failed to handle method call
06-17 07:25:59.242  9812  9812 E MethodChannel#dexterous.com/flutter/local_notifications: java.lang.NullPointerException: Attempt to invoke virtual method 'int java.lang.Integer.intValue()' on a null object reference
06-17 07:25:59.242  9812  9812 E MethodChannel#dexterous.com/flutter/local_notifications: 	at com.dexterous.flutterlocalnotifications.FlutterLocalNotificationsPlugin.setSmallIcon(FlutterLocalNotificationsPlugin.java:490)
06-17 07:25:59.242  9812  9812 E MethodChannel#dexterous.com/flutter/local_notifications: 	at com.dexterous.flutterlocalnotifications.FlutterLocalNotificationsPlugin.createNotification(FlutterLocalNotificationsPlugin.java:391)
06-17 07:25:59.242  9812  9812 E MethodChannel#dexterous.com/flutter/local_notifications: 	at com.dexterous.flutterlocalnotifications.FlutterLocalNotificationsPlugin.showNotification(FlutterLocalNotificationsPlugin.java:1297)
06-17 07:25:59.242  9812  9812 E MethodChannel#dexterous.com/flutter/local_notifications: 	at com.dexterous.flutterlocalnotifications.FlutterLocalNotificationsPlugin.show(FlutterLocalNotificationsPlugin.java:1677)
06-17 07:25:59.242  9812  9812 E MethodChannel#dexterous.com/flutter/local_notifications: 	at com.dexterous.flutterlocalnotifications.FlutterLocalNotificationsPlugin.onMethodCall(FlutterLocalNotificationsPlugin.java:1462)
06-17 07:25:59.242  9812  9812 E MethodChannel#dexterous.com/flutter/local_notifications: 	at io.flutter.plugin.common.MethodChannel$IncomingMethodCallHandler.onMessage(MethodChannel.java:267)
06-17 07:25:59.242  9812  9812 E MethodChannel#dexterous.com/flutter/local_notifications: 	at io.flutter.embedding.engine.dart.DartMessenger.invokeHandler(DartMessenger.java:292)
06-17 07:25:59.242  9812  9812 E MethodChannel#dexterous.com/flutter/local_notifications: 	at io.flutter.embedding.engine.dart.DartMessenger.lambda$dispatchMessageToQueue$0$io-flutter-embedding-engine-dart-DartMessenger(DartMessenger.java:319)
06-17 07:25:59.242  9812  9812 E MethodChannel#dexterous.com/flutter/local_notifications: 	at io.flutter.embedding.engine.dart.DartMessenger$$ExternalSyntheticLambda0.run(D8$$SyntheticClass:0)
06-17 07:25:59.242  9812  9812 E MethodChannel#dexterous.com/flutter/local_notifications: 	at android.os.Handler.handleCallback(Handler.java:958)
06-17 07:25:59.242  9812  9812 E MethodChannel#dexterous.com/flutter/local_notifications: 	at android.os.Handler.dispatchMessage(Handler.java:99)
06-17 07:25:59.242  9812  9812 E MethodChannel#dexterous.com/flutter/local_notifications: 	at android.os.Looper.loopOnce(Looper.java:205)
06-17 07:25:59.242  9812  9812 E MethodChannel#dexterous.com/flutter/local_notifications: 	at android.os.Looper.loop(Looper.java:294)
06-17 07:25:59.242  9812  9812 E MethodChannel#dexterous.com/flutter/local_notifications: 	at android.app.ActivityThread.main(ActivityThread.java:8248)
06-17 07:25:59.242  9812  9812 E MethodChannel#dexterous.com/flutter/local_notifications: 	at java.lang.reflect.Method.invoke(Native Method)
06-17 07:25:59.242  9812  9812 E MethodChannel#dexterous.com/flutter/local_notifications: 	at com.android.internal.os.RuntimeInit$MethodAndArgsCaller.run(RuntimeInit.java:552)
06-17 07:25:59.242  9812  9812 E MethodChannel#dexterous.com/flutter/local_notifications: 	at com.android.internal.os.ZygoteInit.main(ZygoteInit.java:971)
06-17 07:25:59.266  9812  9912 E flutter : [ERROR:flutter/runtime/dart_vm_initializer.cc(41)] Unhandled Exception: PlatformException(error, Attempt to invoke virtual method 'int java.lang.Integer.intValue()' on a null object reference, null, java.lang.NullPointerException: Attempt to invoke virtual method 'int java.lang.Integer.intValue()' on a null object reference
06-17 07:25:59.266  9812  9912 E flutter : 	at com.dexterous.flutterlocalnotifications.FlutterLocalNotificationsPlugin.setSmallIcon(FlutterLocalNotificationsPlugin.java:490)
06-17 07:25:59.266  9812  9912 E flutter : 	at com.dexterous.flutterlocalnotifications.FlutterLocalNotificationsPlugin.createNotification(FlutterLocalNotificationsPlugin.java:391)
06-17 07:25:59.266  9812  9912 E flutter : 	at com.dexterous.flutterlocalnotifications.FlutterLocalNotificationsPlugin.showNotification(FlutterLocalNotificationsPlugin.java:1297)
06-17 07:25:59.266  9812  9912 E flutter : 	at com.dexterous.flutterlocalnotifications.FlutterLocalNotificationsPlugin.show(FlutterLocalNotificationsPlugin.java:1677)
06-17 07:25:59.266  9812  9912 E flutter : 	at com.dexterous.flutterlocalnotifications.FlutterLocalNotificationsPlugin.onMethodCall(FlutterLocalNotificationsPlugin.java:1462)
06-17 07:25:59.266  9812  9912 E flutter : 	at io.flutter.plugin.common.MethodChannel$IncomingMethodCallHandler.onMessage(MethodChannel.java:267)
06-17 07:25:59.266  9812  9912 E flutter : 	at io.flutter.embedding.engine.dart.DartMessenger.invokeHandler(DartMessenger.java:292)
06-17 07:25:59.266  9812  9912 E flutter : 	at io.flutter.embedding.engine.dart.DartMessenger.lambda$dispatchMessageToQueue$0$io-flutter-embedding-engine-dart-DartMessenger(DartMessenger.java:319)
06-17 07:25:59.266  9812  9912 E flutter : 	at io.flutter.embedding.engine.dart.DartMessenger$$ExternalSyntheticLambda0.run(D8$$SyntheticClass:0)
06-17 07:25:59.266  9812  9912 E flutter : 	at android.os.Handler.handleCallback(Handler.java:958)
06-17 07:25:59.266  9812  9912 E flutter : 	at android.os.Handler.dispatchMessage(Handler.java:99)
06-17 07:25:59.266  9812  9912 E flutter : 	at android.os.Looper.loopOnce(Looper.java:205)
06-17 07:25:59.266  9812  9912 E flutter : 	at android.os.Looper.loop(Looper.java:294)
06-17 07:25:59.266  9812  9912 E flutter : 	at android.app.ActivityThread.main(ActivityThread.java:8248)
06-17 07:25:59.266  9812  9912 E flutter : 	at java.lang.reflect.Method.invoke(Native Method)
06-17 07:25:59.266  9812  9912 E flutter : 	at com.android.internal.os.RuntimeInit$MethodAndArgsCaller.run(RuntimeInit.java:552)
06-17 07:25:59.266  9812  9912 E flutter : 	at com.android.internal.os.ZygoteInit.main(ZygoteInit.java:971)
06-17 07:25:59.266  9812  9912 E flutter : )
06-17 07:25:59.266  9812  9912 E flutter : #0      StandardMethodCodec.decodeEnvelope (package:flutter/src/services/message_codecs.dart:648:7)
06-17 07:25:59.266  9812  9912 E flutter : #1      MethodChannel._invokeMethod (package:flutter/src/services/platform_channel.dart:334:18)
06-17 07:25:59.266  9812  9912 E flutter : <asynchronous suspension>
06-17 07:25:59.266  9812  9912 E flutter : #2      FlutterLocalNotificationsPlugin.show (package:flutter_local_notifications/src/flutter_local_notifications_plugin.dart:244:7)
06-17 07:25:59.266  9812  9912 E flutter : <asynchronous suspension>
06-17 07:25:59.266  9812  9912 E flutter : #3      NotificationService.mostrarNotificacionInmediata (package:vesta_app/services/notification_service.dart:99:5)
06-17 07:25:59.266  9812  9912 E flutter : <asynchronous suspension>
06-17 07:25:59.266  9812  9912 E flutter : 
06-17 07:26:00.022  2483  2483 E SsBaseTemplateCard: No tap action can be set up
06-17 07:26:00.049  2483  2483 E SsBaseTemplateCard: No tap action can be set up
06-17 07:27:00.040  2483  2483 E SsBaseTemplateCard: No tap action can be set up
06-17 07:27:41.351  1122  1189 E sensors-hal: ~worker:70, pthread_join iRet = 0
06-17 07:27:41.357  1122  1189 E sensors-hal: ~worker:70, pthread_join iRet = 0
06-17 07:28:00.051  2483  2483 E SsBaseTemplateCard: No tap action can be set up
06-17 07:29:00.055  2483  2483 E SsBaseTemplateCard: No tap action can be set up
06-17 07:30:00.054  2483  2483 E SsBaseTemplateCard: No tap action can be set up
06-17 07:31:00.044  2483  2483 E SsBaseTemplateCard: No tap action can be set up
06-17 07:32:00.080  2483  2483 E SsBaseTemplateCard: No tap action can be set up
06-17 07:32:30.401 10946 10946 E .apps.safetyhub: Not starting debugger since process cannot load the jdwp agent.
06-17 07:33:00.048  2483  2483 E SsBaseTemplateCard: No tap action can be set up
06-17 07:34:00.087  2483  2483 E SsBaseTemplateCard: No tap action can be set up
06-17 07:34:11.188   999 11001 E doh::ffi: timeout: deadline has elapsed
06-17 07:34:11.188   999 11002 E doh::ffi: timeout: deadline has elapsed
06-17 07:34:16.199   999 11006 E doh::ffi: timeout: deadline has elapsed
06-17 07:34:16.199   999 11005 E doh::ffi: timeout: deadline has elapsed
06-17 07:34:17.198   999 11008 E doh::ffi: timeout: deadline has elapsed
06-17 07:34:17.198   999 11009 E doh::ffi: timeout: deadline has elapsed
06-17 07:34:17.202   999 11012 E doh::ffi: timeout: deadline has elapsed
06-17 07:34:17.202   999 11011 E doh::ffi: timeout: deadline has elapsed
06-17 07:34:22.199   999 11015 E doh::ffi: timeout: deadline has elapsed
06-17 07:34:22.199   999 11014 E doh::ffi: timeout: deadline has elapsed
06-17 07:34:23.220   999 11019 E doh::ffi: timeout: deadline has elapsed
06-17 07:34:23.220   999 11018 E doh::ffi: timeout: deadline has elapsed
06-17 07:35:00.049  2483  2483 E SsBaseTemplateCard: No tap action can be set up
06-17 07:36:00.047  2483  2483 E SsBaseTemplateCard: No tap action can be set up
06-17 07:37:00.045  2483  2483 E SsBaseTemplateCard: No tap action can be set up
06-17 07:37:08.346  4313  4313 E ActivityThread: Service com.google.android.apps.turbo.deadline.library.BatteryFlagService has leaked ServiceConnection bdz@b64e654 that was originally bound here
06-17 07:37:08.346  4313  4313 E ActivityThread: android.app.ServiceConnectionLeaked: Service com.google.android.apps.turbo.deadline.library.BatteryFlagService has leaked ServiceConnection bdz@b64e654 that was originally bound here
06-17 07:37:08.346  4313  4313 E ActivityThread: 	at android.app.LoadedApk$ServiceDispatcher.<init>(LoadedApk.java:2064)
06-17 07:37:08.346  4313  4313 E ActivityThread: 	at android.app.LoadedApk.getServiceDispatcherCommon(LoadedApk.java:1936)
06-17 07:37:08.346  4313  4313 E ActivityThread: 	at android.app.LoadedApk.getServiceDispatcher(LoadedApk.java:1915)
06-17 07:37:08.346  4313  4313 E ActivityThread: 	at android.app.ContextImpl.bindServiceCommon(ContextImpl.java:2113)
06-17 07:37:08.346  4313  4313 E ActivityThread: 	at android.app.ContextImpl.bindService(ContextImpl.java:1989)
06-17 07:37:08.346  4313  4313 E ActivityThread: 	at android.content.ContextWrapper.bindService(ContextWrapper.java:861)
06-17 07:37:08.346  4313  4313 E ActivityThread: 	at bdo.a(PG:283)
06-17 07:37:08.346  4313  4313 E ActivityThread: 	at ly.c(PG:19)
06-17 07:37:08.346  4313  4313 E ActivityThread: 	at com.google.android.apps.turbo.deadline.library.BatteryFlagService.e(PG:17)
06-17 07:37:08.346  4313  4313 E ActivityThread: 	at gl.run(PG:267)
06-17 07:37:08.346  4313  4313 E ActivityThread: 	at java.util.concurrent.Executors$RunnableAdapter.call(Executors.java:487)
06-17 07:37:08.346  4313  4313 E ActivityThread: 	at eni.a(PG:3)
06-17 07:37:08.346  4313  4313 E ActivityThread: 	at emo.run(PG:19)
06-17 07:37:08.346  4313  4313 E ActivityThread: 	at enj.run(PG:5)
06-17 07:37:08.346  4313  4313 E ActivityThread: 	at eii.run(PG:44)
06-17 07:37:08.346  4313  4313 E ActivityThread: 	at qq.run(PG:250)
06-17 07:37:08.346  4313  4313 E ActivityThread: 	at java.lang.Thread.run(Thread.java:1012)
06-17 07:37:08.346  4313  4313 E ActivityThread: 	at cgw.run(PG:58)
06-17 07:37:08.348  4313  4313 E ActivityThread: Service com.google.android.apps.turbo.deadline.library.DeadlineUpdateJobService has leaked ServiceConnection bdz@db9b03e that was originally bound here
