06-17 06:45:35.203  2077  2256 E ResilientAtomicFile: java.io.IOException: Failed to enable fs-verity on FD(469): Inappropriate ioctl for device
06-17 06:45:35.203  2077  2256 E ResilientAtomicFile: 	at com.android.internal.security.VerityUtils.setUpFsverity(VerityUtils.java:89)
06-17 06:45:35.203  2077  2256 E ResilientAtomicFile: 	at com.android.server.security.FileIntegrity.setUpFsVerity(FileIntegrity.java:56)
06-17 06:45:35.203  2077  2256 E ResilientAtomicFile: 	at com.android.server.pm.ResilientAtomicFile.finishWrite(ResilientAtomicFile.java:146)
06-17 06:45:35.203  2077  2256 E ResilientAtomicFile: 	at com.android.server.pm.Settings.writePackageRestrictions(Settings.java:2336)
06-17 06:45:35.203  2077  2256 E ResilientAtomicFile: 	at com.android.server.pm.Settings.lambda$writePackageRestrictionsLPr$1(Settings.java:2162)
06-17 06:45:35.203  2077  2256 E ResilientAtomicFile: 	at com.android.server.pm.Settings.$r8$lambda$OPlPaPj08qmthsK8f0-7Du1VRyA(Settings.java:0)
06-17 06:45:35.203  2077  2256 E ResilientAtomicFile: 	at com.android.server.pm.Settings$$ExternalSyntheticLambda0.run(R8$$SyntheticClass:0)
06-17 06:45:35.203  2077  2256 E ResilientAtomicFile: 	at com.android.server.pm.PackageManagerService$2.handleMessage(PackageManagerService.java:1516)
06-17 06:45:35.203  2077  2256 E ResilientAtomicFile: 	at android.os.Handler.dispatchMessage(Handler.java:102)
06-17 06:45:35.203  2077  2256 E ResilientAtomicFile: 	at android.os.Looper.loopOnce(Looper.java:205)
06-17 06:45:35.203  2077  2256 E ResilientAtomicFile: 	at android.os.Looper.loop(Looper.java:294)
06-17 06:45:35.203  2077  2256 E ResilientAtomicFile: 	at android.os.HandlerThread.run(HandlerThread.java:67)
06-17 06:45:35.203  2077  2256 E ResilientAtomicFile: 	at com.android.server.ServiceThread.run(ServiceThread.java:46)
06-17 06:45:35.277  2077  2387 E AppOps  : attributionTag VCN not declared in manifest of android
06-17 06:45:35.278  2077  2387 E AppOps  : attributionTag VCN not declared in manifest of android
06-17 06:45:35.279  2077  2387 E AppOps  : attributionTag VCN not declared in manifest of android
06-17 06:45:35.280  2077  2387 E AppOps  : attributionTag VCN not declared in manifest of android
06-17 06:45:35.869  2077  2256 E VerityUtils: Failed to measure fs-verity, errno 25: /data/app/~~bl6JUYvz9oaW0WJsaXbCzw==/org.vestaopensource.tutor-buKmOz1_9H2ehd9Fp3YKPw==/base.apk
06-17 06:45:45.518  2077  2256 E ResilientAtomicFile: Failed to verity-protect package restrictions
06-17 06:45:45.518  2077  2256 E ResilientAtomicFile: java.io.IOException: Failed to enable fs-verity on FD(605): Inappropriate ioctl for device
06-17 06:45:45.518  2077  2256 E ResilientAtomicFile: 	at com.android.internal.security.VerityUtils.setUpFsverity(VerityUtils.java:89)
06-17 06:45:45.518  2077  2256 E ResilientAtomicFile: 	at com.android.server.security.FileIntegrity.setUpFsVerity(FileIntegrity.java:56)
06-17 06:45:45.518  2077  2256 E ResilientAtomicFile: 	at com.android.server.pm.ResilientAtomicFile.finishWrite(ResilientAtomicFile.java:146)
06-17 06:45:45.518  2077  2256 E ResilientAtomicFile: 	at com.android.server.pm.Settings.writePackageRestrictions(Settings.java:2336)
06-17 06:45:45.518  2077  2256 E ResilientAtomicFile: 	at com.android.server.pm.Settings.writePackageRestrictions(Settings.java:2171)
06-17 06:45:45.518  2077  2256 E ResilientAtomicFile: 	at com.android.server.pm.PackageManagerService.writePendingRestrictions(PackageManagerService.java:1484)
06-17 06:45:45.518  2077  2256 E ResilientAtomicFile: 	at com.android.server.pm.PackageManagerService$2.handleMessage(PackageManagerService.java:1511)
06-17 06:45:45.518  2077  2256 E ResilientAtomicFile: 	at android.os.Handler.dispatchMessage(Handler.java:102)
06-17 06:45:45.518  2077  2256 E ResilientAtomicFile: 	at android.os.Looper.loopOnce(Looper.java:205)
06-17 06:45:45.518  2077  2256 E ResilientAtomicFile: 	at android.os.Looper.loop(Looper.java:294)
06-17 06:45:45.518  2077  2256 E ResilientAtomicFile: 	at android.os.HandlerThread.run(HandlerThread.java:67)
06-17 06:45:45.518  2077  2256 E ResilientAtomicFile: 	at com.android.server.ServiceThread.run(ServiceThread.java:46)
06-17 06:47:02.525  2077  2387 E AppOps  : attributionTag VCN not declared in manifest of android
06-17 06:47:02.527  2077  2387 E AppOps  : attributionTag VCN not declared in manifest of android
06-17 06:47:02.528  2077  2387 E AppOps  : attributionTag VCN not declared in manifest of android
06-17 06:47:02.532  2077  2387 E AppOps  : attributionTag VCN not declared in manifest of android
06-17 06:47:03.497  2077  2387 E AppOps  : attributionTag VCN not declared in manifest of android
06-17 06:47:03.500  2077  2387 E AppOps  : attributionTag VCN not declared in manifest of android
06-17 06:47:03.502  2077  2387 E AppOps  : attributionTag VCN not declared in manifest of android
06-17 06:47:03.502  2077  2387 E AppOps  : attributionTag VCN not declared in manifest of android
06-17 06:48:33.376  2077  2361 E HandwritingModeController: Cannot get requestId: Handwriting was not initialized.
06-17 06:48:36.591  2077  2232 E KernelWakelockReader: neither /proc/wakelocks nor /d/wakeup_sources exists
06-17 06:48:37.589  2077  2205 E ShortcutService: Failed to verity-protect /data/system_ce/0/shortcut_service/packages/com.android.chrome.xml
06-17 06:48:37.589  2077  2205 E ShortcutService: java.io.IOException: Failed to enable fs-verity on /data/system_ce/0/shortcut_service/packages/com.android.chrome.xml: Inappropriate ioctl for device
06-17 06:48:37.589  2077  2205 E ShortcutService: 	at com.android.internal.security.VerityUtils.setUpFsverity(VerityUtils.java:80)
06-17 06:48:37.589  2077  2205 E ShortcutService: 	at com.android.server.security.FileIntegrity.setUpFsVerity(FileIntegrity.java:45)
06-17 06:48:37.589  2077  2205 E ShortcutService: 	at com.android.server.pm.ShortcutPackageItem.saveToFileLocked(ShortcutPackageItem.java:186)
06-17 06:48:37.589  2077  2205 E ShortcutService: 	at com.android.server.pm.ShortcutPackageItem.saveShortcutPackageItem(ShortcutPackageItem.java:232)
06-17 06:48:37.589  2077  2205 E ShortcutService: 	at com.android.server.pm.ShortcutPackageItem$$ExternalSyntheticLambda0.run(R8$$SyntheticClass:0)
06-17 06:48:37.589  2077  2205 E ShortcutService: 	at android.os.Handler.handleCallback(Handler.java:958)
06-17 06:48:37.589  2077  2205 E ShortcutService: 	at android.os.Handler.dispatchMessage(Handler.java:99)
06-17 06:48:37.589  2077  2205 E ShortcutService: 	at android.os.Looper.loopOnce(Looper.java:205)
06-17 06:48:37.589  2077  2205 E ShortcutService: 	at android.os.Looper.loop(Looper.java:294)
06-17 06:48:37.589  2077  2205 E ShortcutService: 	at android.os.HandlerThread.run(HandlerThread.java:67)
06-17 06:49:15.524  2077  6296 E SettingsToPropertiesMapper: key=persist.device_config.storage_native_boot.transcode_compat_manifest value=com.yelp.android,0,com.yy.biu,0,com.groupme.android,0,air.tv.douyu.android,0,com.baidu.mbaby,0,com.vlocker.locker,0,com.znxh.hyhuo,0,com.yixia.xiaokaxiu,0 exceeds system property max length.
06-17 06:49:17.537  5475  5640 E ActivityThread: Failed to find provider info for com.android.partnerbookmarks
06-17 06:49:17.555  2077  4799 E Transition: Trying to add a ready-group twice: Display{#0 state=ON size=1080x2248 ROTATION_0}
06-17 06:49:20.337  2077  7907 E SettingsToPropertiesMapper: key=persist.device_config.configuration.AdbWritableFlags__adb_writable_flags_list value=adservices/disable_sdk_sandbox,adservices/enforce_broadcast_receiver_restrictions,adservices/fledge_ad_selection_enforce_foreground_status_custom_audience,adservices/fledge_custom_audience_max_count,adservices/fledge_custom_audience_max_num_ads,adservices/fledge_custom_audience_max_owner_count,adservices/fledge_custom_audience_per_app_max_count,adservices/fledge_js_isolate_enforce_max_heap_size,adservices/fledge_js_isolate_max_heap_size_bytes,adservices/sdk_request_permits_per_second,adservices/sdksandbox_customized_sdk_context_enabled,configuration/namespace_to_package_mapping,constrain_display_apis/always_constrain_display_apis,constrain_display_apis/never_constrain_display_apis,constrain_display_apis/never_constrain_display_apis_all_packages,device_policy_manager/disable_resources_updatability,flipendo/default_savings_mode_launch,flipendo/essential_apps,flipendo/flipendo_enabled_launch,flipendo/grayscale_enabled_launch,flipendo/lever_ble_scanning_enabled_launch,flipendo/lever_hotspot_enabled_launch,flipendo/lever_work_profile_enabled_launch,flipendo/resuspend_delay_minutes,namespace/key,namespace1/key1,namespace1/key2,namespace2/key1,namespace2/key2,package_manager_service/incfs_default_timeouts,package_manager_service/known_digesters_list,privacy/location_access_check_periodic_interval_millis,rollback/enable_rollback_timeout,rollback/watchdog_explicit_health_check_enabled,rollback/watchdog_request_timeout_millis,rollback/watchdog_trigger_failure_count,rollback/watchdog_trigger_failure_duration_millis,rollback_boot/rollback_lifetime_in_millis,systemui/nas_generate_actions,systemui/nas_generate_replies,systemui/nas_max_messages_to_extract,systemui/nas_max_suggestions,testspace/another,testspace/flagname,textclassifier/config_updater_model_enabled,textclassifier/key,textclassifier/key2,textclassifier/manifest_url_annotator_en,textclassifier/manifest_url_annotator_ru,textclassifier/model_download_backoff_delay_in_millis,textclassifier/model_download_manager_enabled,textclassifier/multi_language_support_enabled,textclassifier/testing_locale_list_override,textclassifier/textclassifier_service_package_override,window_manager/enable_default_rescind_bal_privileges_from_pending_intent_sender,wrong/nas_generate_replies, exceeds system property max length.
06-17 06:49:21.705  2077  5712 E Transition: Trying to add a ready-group twice: Display{#0 state=ON size=1080x2248 ROTATION_0}
06-17 06:49:25.560  2077  5712 E Transition: Trying to add a ready-group twice: Display{#0 state=ON size=1080x2248 ROTATION_0}
06-17 06:50:31.073   712  6444 E keystore2: system/security/keystore2/src/error.rs:180 - system/security/keystore2/src/security_level.rs:622
06-17 06:50:31.073   712  6444 E keystore2: 
06-17 06:50:31.073   712  6444 E keystore2: Caused by:
06-17 06:50:31.073   712  6444 E keystore2:     0: system/security/keystore2/src/security_level.rs:620: While generating Key without explicit attestation key.
06-17 06:50:31.073   712  6444 E keystore2:     1: Error::Km(-10003)
06-17 06:50:31.731   712  6444 E keystore2: system/security/keystore2/src/error.rs:180 - system/security/keystore2/src/security_level.rs:622
06-17 06:50:31.731   712  6444 E keystore2: 
06-17 06:50:31.731   712  6444 E keystore2: Caused by:
06-17 06:50:31.731   712  6444 E keystore2:     0: system/security/keystore2/src/security_level.rs:620: While generating Key without explicit attestation key.
06-17 06:50:31.731   712  6444 E keystore2:     1: Error::Km(-10003)
06-17 06:52:15.254  4313  4313 E ActivityThread: Service com.google.android.apps.turbo.deadline.library.BatteryFlagService has leaked ServiceConnection bdz@e0307d8 that was originally bound here
06-17 06:52:15.254  4313  4313 E ActivityThread: android.app.ServiceConnectionLeaked: Service com.google.android.apps.turbo.deadline.library.BatteryFlagService has leaked ServiceConnection bdz@e0307d8 that was originally bound here
06-17 06:52:15.254  4313  4313 E ActivityThread: 	at android.app.LoadedApk$ServiceDispatcher.<init>(LoadedApk.java:2064)
06-17 06:52:15.254  4313  4313 E ActivityThread: 	at android.app.LoadedApk.getServiceDispatcherCommon(LoadedApk.java:1936)
06-17 06:52:15.254  4313  4313 E ActivityThread: 	at android.app.LoadedApk.getServiceDispatcher(LoadedApk.java:1915)
06-17 06:52:15.254  4313  4313 E ActivityThread: 	at android.app.ContextImpl.bindServiceCommon(ContextImpl.java:2113)
06-17 06:52:15.254  4313  4313 E ActivityThread: 	at android.app.ContextImpl.bindService(ContextImpl.java:1989)
06-17 06:52:15.254  4313  4313 E ActivityThread: 	at android.content.ContextWrapper.bindService(ContextWrapper.java:861)
06-17 06:52:15.254  4313  4313 E ActivityThread: 	at bdo.a(PG:283)
06-17 06:52:15.254  4313  4313 E ActivityThread: 	at ly.c(PG:19)
06-17 06:52:15.254  4313  4313 E ActivityThread: 	at com.google.android.apps.turbo.deadline.library.BatteryFlagService.e(PG:17)
06-17 06:52:15.254  4313  4313 E ActivityThread: 	at gl.run(PG:267)
06-17 06:52:15.254  4313  4313 E ActivityThread: 	at java.util.concurrent.Executors$RunnableAdapter.call(Executors.java:487)
06-17 06:52:15.254  4313  4313 E ActivityThread: 	at eni.a(PG:3)
06-17 06:52:15.254  4313  4313 E ActivityThread: 	at emo.run(PG:19)
06-17 06:52:15.254  4313  4313 E ActivityThread: 	at enj.run(PG:5)
06-17 06:52:15.254  4313  4313 E ActivityThread: 	at eii.run(PG:44)
06-17 06:52:15.254  4313  4313 E ActivityThread: 	at qq.run(PG:250)
06-17 06:52:15.254  4313  4313 E ActivityThread: 	at java.lang.Thread.run(Thread.java:1012)
06-17 06:52:15.254  4313  4313 E ActivityThread: 	at cgw.run(PG:58)
06-17 06:52:15.255  4313  4313 E ActivityThread: Service com.google.android.apps.turbo.deadline.library.DeadlineUpdateJobService has leaked ServiceConnection bdz@5c25a2 that was originally bound here
06-17 06:52:15.255  4313  4313 E ActivityThread: android.app.ServiceConnectionLeaked: Service com.google.android.apps.turbo.deadline.library.DeadlineUpdateJobService has leaked ServiceConnection bdz@5c25a2 that was originally bound here
06-17 06:52:15.255  4313  4313 E ActivityThread: 	at android.app.LoadedApk$ServiceDispatcher.<init>(LoadedApk.java:2064)
06-17 06:52:15.255  4313  4313 E ActivityThread: 	at android.app.LoadedApk.getServiceDispatcherCommon(LoadedApk.java:1936)
06-17 06:52:15.255  4313  4313 E ActivityThread: 	at android.app.LoadedApk.getServiceDispatcher(LoadedApk.java:1915)
06-17 06:52:15.255  4313  4313 E ActivityThread: 	at android.app.ContextImpl.bindServiceCommon(ContextImpl.java:2113)
06-17 06:52:15.255  4313  4313 E ActivityThread: 	at android.app.ContextImpl.bindService(ContextImpl.java:1989)
06-17 06:52:15.255  4313  4313 E ActivityThread: 	at android.content.ContextWrapper.bindService(ContextWrapper.java:861)
06-17 06:52:15.255  4313  4313 E ActivityThread: 	at bdo.a(PG:204)
06-17 06:52:15.255  4313  4313 E ActivityThread: 	at ly.c(PG:19)
06-17 06:52:15.255  4313  4313 E ActivityThread: 	at com.google.android.apps.turbo.deadline.library.DeadlineUpdateJobService.e(PG:31)
06-17 06:52:15.255  4313  4313 E ActivityThread: 	at gl.run(PG:129)
06-17 06:52:15.255  4313  4313 E ActivityThread: 	at java.util.concurrent.Executors$RunnableAdapter.call(Executors.java:487)
06-17 06:52:15.255  4313  4313 E ActivityThread: 	at eni.a(PG:3)
06-17 06:52:15.255  4313  4313 E ActivityThread: 	at emo.run(PG:19)
06-17 06:52:15.255  4313  4313 E ActivityThread: 	at enj.run(PG:5)
06-17 06:52:15.255  4313  4313 E ActivityThread: 	at eii.run(PG:44)
06-17 06:52:15.255  4313  4313 E ActivityThread: 	at qq.run(PG:250)
06-17 06:52:15.255  4313  4313 E ActivityThread: 	at java.lang.Thread.run(Thread.java:1012)
06-17 06:52:15.255  4313  4313 E ActivityThread: 	at cgw.run(PG:58)
06-17 06:53:04.410  2077  6218 E ClipboardService: Denying clipboard access to org.vestaopensource.tutor, application is not in focus nor is it a system service for user 0
06-17 06:53:15.691  2077  2361 E HandwritingModeController: Cannot get requestId: Handwriting was not initialized.
06-17 06:53:44.271  2077  2232 E KernelWakelockReader: neither /proc/wakelocks nor /d/wakeup_sources exists
06-17 06:53:54.165  4313  5594 E ActivityThread: Failed to find provider info for com.google.android.apps.tips.repository
06-17 06:57:16.235  2077  3649 E ActivityManager: Unable to freeze binder for 7353: java.lang.RuntimeException: Unable to freeze/unfreeze binder
06-17 06:57:26.310  2077  2256 E ResilientAtomicFile: Failed to verity-protect package restrictions
06-17 06:57:26.310  2077  2256 E ResilientAtomicFile: java.io.IOException: Failed to enable fs-verity on FD(194): Inappropriate ioctl for device
06-17 06:57:26.310  2077  2256 E ResilientAtomicFile: 	at com.android.internal.security.VerityUtils.setUpFsverity(VerityUtils.java:89)
06-17 06:57:26.310  2077  2256 E ResilientAtomicFile: 	at com.android.server.security.FileIntegrity.setUpFsVerity(FileIntegrity.java:56)
06-17 06:57:26.310  2077  2256 E ResilientAtomicFile: 	at com.android.server.pm.ResilientAtomicFile.finishWrite(ResilientAtomicFile.java:146)
06-17 06:57:26.310  2077  2256 E ResilientAtomicFile: 	at com.android.server.pm.Settings.writePackageRestrictions(Settings.java:2336)
06-17 06:57:26.310  2077  2256 E ResilientAtomicFile: 	at com.android.server.pm.Settings.writePackageRestrictions(Settings.java:2171)
06-17 06:57:26.310  2077  2256 E ResilientAtomicFile: 	at com.android.server.pm.PackageManagerService.writePendingRestrictions(PackageManagerService.java:1484)
06-17 06:57:26.310  2077  2256 E ResilientAtomicFile: 	at com.android.server.pm.PackageManagerService$2.handleMessage(PackageManagerService.java:1511)
06-17 06:57:26.310  2077  2256 E ResilientAtomicFile: 	at android.os.Handler.dispatchMessage(Handler.java:102)
06-17 06:57:26.310  2077  2256 E ResilientAtomicFile: 	at android.os.Looper.loopOnce(Looper.java:205)
06-17 06:57:26.310  2077  2256 E ResilientAtomicFile: 	at android.os.Looper.loop(Looper.java:294)
06-17 06:57:26.310  2077  2256 E ResilientAtomicFile: 	at android.os.HandlerThread.run(HandlerThread.java:67)
06-17 06:57:26.310  2077  2256 E ResilientAtomicFile: 	at com.android.server.ServiceThread.run(ServiceThread.java:46)
06-17 06:59:54.254   712   759 E keystore2: system/security/keystore2/src/error.rs:180 - system/security/keystore2/src/security_level.rs:622
06-17 06:59:54.254   712   759 E keystore2: 
06-17 06:59:54.254   712   759 E keystore2: Caused by:
06-17 06:59:54.254   712   759 E keystore2:     0: system/security/keystore2/src/security_level.rs:620: While generating Key without explicit attestation key.
06-17 06:59:54.254   712   759 E keystore2:     1: Error::Km(-10003)
06-17 07:00:00.032  2077  2297 E JobScheduler.JobStatus: App com.google.android.inputmethod.latin became active but still in NEVER bucket
06-17 07:00:00.033  2077  2297 E JobScheduler.JobStatus: App com.google.android.inputmethod.latin became active but still in NEVER bucket
06-17 07:00:00.034  2077  2297 E JobScheduler.JobStatus: App com.google.android.inputmethod.latin became active but still in NEVER bucket
06-17 07:00:00.034  2077  2297 E JobScheduler.JobStatus: App com.google.android.inputmethod.latin became active but still in NEVER bucket
06-17 07:00:00.035  2077  2297 E JobScheduler.JobStatus: App com.google.android.inputmethod.latin became active but still in NEVER bucket
06-17 07:00:00.035  2077  2297 E JobScheduler.JobStatus: App com.google.android.inputmethod.latin became active but still in NEVER bucket
06-17 07:00:00.035  2077  2297 E JobScheduler.JobStatus: App com.google.android.inputmethod.latin became active but still in NEVER bucket
06-17 07:00:00.036  2077  2297 E JobScheduler.JobStatus: App com.google.android.inputmethod.latin became active but still in NEVER bucket
06-17 07:00:00.036  2077  2297 E JobScheduler.JobStatus: App com.google.android.inputmethod.latin became active but still in NEVER bucket
06-17 07:00:00.036  2077  2297 E JobScheduler.JobStatus: App com.google.android.inputmethod.latin became active but still in NEVER bucket
06-17 07:00:00.036  2077  2297 E JobScheduler.JobStatus: App com.google.android.inputmethod.latin became active but still in NEVER bucket
06-17 07:00:00.037  2077  2297 E JobScheduler.JobStatus: App com.google.android.inputmethod.latin became active but still in NEVER bucket
06-17 07:00:00.037  2077  2297 E JobScheduler.JobStatus: App com.google.android.inputmethod.latin became active but still in NEVER bucket
06-17 07:00:00.037  2077  2297 E JobScheduler.JobStatus: App com.google.android.inputmethod.latin became active but still in NEVER bucket
06-17 07:00:00.038  2077  2297 E JobScheduler.JobStatus: App com.google.android.inputmethod.latin became active but still in NEVER bucket
06-17 07:00:00.040  2077  2297 E JobScheduler.JobStatus: App com.google.android.inputmethod.latin became active but still in NEVER bucket
06-17 07:00:00.041  2077  2297 E JobScheduler.JobStatus: App com.google.android.inputmethod.latin became active but still in NEVER bucket
06-17 07:00:00.101  2077  2232 E KernelCpuUidUserSysTimeReader: Negative user/sys time delta for UID=10103
06-17 07:00:00.101  2077  2232 E KernelCpuUidUserSysTimeReader: Prev times: u=290000 s=30000 Curr times: u=240000 s=20000
06-17 07:00:00.101  2077  2232 E KernelCpuUidUserSysTimeReader: Negative user/sys time delta for UID=10069
06-17 07:00:00.101  2077  2232 E KernelCpuUidUserSysTimeReader: Prev times: u=120000 s=90000 Curr times: u=90000 s=50000
06-17 07:00:00.102  2077  2232 E KernelCpuUidUserSysTimeReader: Negative user/sys time delta for UID=10124
06-17 07:00:00.102  2077  2232 E KernelCpuUidUserSysTimeReader: Prev times: u=110000 s=40000 Curr times: u=70000 s=20000
06-17 07:00:00.102  2077  2232 E KernelCpuUidUserSysTimeReader: Negative user/sys time delta for UID=10098
06-17 07:00:00.102  2077  2232 E KernelCpuUidUserSysTimeReader: Prev times: u=120000 s=0 Curr times: u=80000 s=0
06-17 07:00:00.102  2077  2232 E KernelCpuUidUserSysTimeReader: Negative user/sys time delta for UID=10208
06-17 07:00:00.102  2077  2232 E KernelCpuUidUserSysTimeReader: Prev times: u=3460000 s=870000 Curr times: u=3210000 s=800000
06-17 07:00:00.102  2077  2232 E KernelCpuUidUserSysTimeReader: Negative user/sys time delta for UID=10119
06-17 07:00:00.102  2077  2232 E KernelCpuUidUserSysTimeReader: Prev times: u=290000 s=160000 Curr times: u=240000 s=120000
06-17 07:00:00.102  2077  2232 E KernelCpuUidUserSysTimeReader: Negative user/sys time delta for UID=10174
06-17 07:00:00.102  2077  2232 E KernelCpuUidUserSysTimeReader: Prev times: u=100000 s=120000 Curr times: u=70000 s=60000
06-17 07:00:00.102  2077  2232 E KernelCpuUidUserSysTimeReader: Negative user/sys time delta for UID=10140
06-17 07:00:00.102  2077  2232 E KernelCpuUidUserSysTimeReader: Prev times: u=530000 s=100000 Curr times: u=420000 s=80000
06-17 07:00:00.102  2077  2232 E KernelCpuUidUserSysTimeReader: Negative user/sys time delta for UID=10072
06-17 07:00:00.102  2077  2232 E KernelCpuUidUserSysTimeReader: Prev times: u=90000 s=60000 Curr times: u=60000 s=40000
06-17 07:00:00.102  2077  2232 E KernelCpuUidUserSysTimeReader: Negative user/sys time delta for UID=10093
06-17 07:00:00.102  2077  2232 E KernelCpuUidUserSysTimeReader: Prev times: u=140000 s=20000 Curr times: u=90000 s=10000
06-17 07:00:00.102  2077  2232 E KernelCpuUidUserSysTimeReader: Negative user/sys time delta for UID=10059
06-17 07:00:00.102  2077  2232 E KernelCpuUidUserSysTimeReader: Prev times: u=140000 s=40000 Curr times: u=90000 s=20000
06-17 07:00:00.102  2077  2232 E KernelCpuUidUserSysTimeReader: Negative user/sys time delta for UID=10203
06-17 07:00:00.102  2077  2232 E KernelCpuUidUserSysTimeReader: Prev times: u=2080000 s=290000 Curr times: u=1520000 s=210000
06-17 07:00:00.102  2077  2232 E KernelCpuUidUserSysTimeReader: Negative user/sys time delta for UID=10101
06-17 07:00:00.102  2077  2232 E KernelCpuUidUserSysTimeReader: Prev times: u=120000 s=10000 Curr times: u=80000 s=10000
06-17 07:00:00.102  2077  2232 E KernelCpuUidUserSysTimeReader: Negative user/sys time delta for UID=10075
06-17 07:00:00.102  2077  2232 E KernelCpuUidUserSysTimeReader: Prev times: u=110000 s=40000 Curr times: u=80000 s=20000
06-17 07:00:00.102  2077  2232 E KernelCpuUidUserSysTimeReader: Negative user/sys time delta for UID=10096
06-17 07:00:00.102  2077  2232 E KernelCpuUidUserSysTimeReader: Prev times: u=1020000 s=120000 Curr times: u=970000 s=100000
06-17 07:00:00.102  2077  2232 E KernelCpuUidUserSysTimeReader: Negative user/sys time delta for UID=10151
06-17 07:00:00.102  2077  2232 E KernelCpuUidUserSysTimeReader: Prev times: u=80000 s=40000 Curr times: u=50000 s=20000
06-17 07:00:00.102  2077  2232 E KernelCpuUidUserSysTimeReader: Negative user/sys time delta for UID=10117
06-17 07:00:00.102  2077  2232 E KernelCpuUidUserSysTimeReader: Prev times: u=7030000 s=1500000 Curr times: u=6910000 s=1440000
06-17 07:00:00.103  2077  2232 E KernelCpuUidUserSysTimeReader: Negative user/sys time delta for UID=10083
06-17 07:00:00.103  2077  2232 E KernelCpuUidUserSysTimeReader: Prev times: u=40000 s=100000 Curr times: u=30000 s=50000
06-17 07:00:00.103  2077  2232 E KernelCpuUidUserSysTimeReader: Negative user/sys time delta for UID=10193
06-17 07:00:00.103  2077  2232 E KernelCpuUidUserSysTimeReader: Prev times: u=440000 s=170000 Curr times: u=340000 s=120000
06-17 07:00:00.103  2077  2232 E KernelCpuUidUserSysTimeReader: Negative user/sys time delta for UID=10070
06-17 07:00:00.103  2077  2232 E KernelCpuUidUserSysTimeReader: Prev times: u=110000 s=120000 Curr times: u=100000 s=70000
06-17 07:00:00.103  2077  2232 E KernelCpuUidUserSysTimeReader: Negative user/sys time delta for UID=10112
06-17 07:00:00.103  2077  2232 E KernelCpuUidUserSysTimeReader: Prev times: u=930000 s=330000 Curr times: u=900000 s=360000
06-17 07:00:00.103  2077  2232 E KernelCpuUidUserSysTimeReader: Negative user/sys time delta for UID=10133
06-17 07:00:00.103  2077  2232 E KernelCpuUidUserSysTimeReader: Prev times: u=820000 s=240000 Curr times: u=720000 s=150000
06-17 07:00:00.103  2077  2232 E KernelCpuUidUserSysTimeReader: Negative user/sys time delta for UID=10099
06-17 07:00:00.103  2077  2232 E KernelCpuUidUserSysTimeReader: Prev times: u=430000 s=140000 Curr times: u=380000 s=80000
06-17 07:00:00.103  2077  2232 E KernelCpuUidUserSysTimeReader: Negative user/sys time delta for UID=10120
06-17 07:00:00.103  2077  2232 E KernelCpuUidUserSysTimeReader: Prev times: u=80000 s=20000 Curr times: u=60000 s=10000
06-17 07:00:00.103  2077  2232 E KernelCpuUidUserSysTimeReader: Negative user/sys time delta for UID=10141
06-17 07:00:00.103  2077  2232 E KernelCpuUidUserSysTimeReader: Prev times: u=6330000 s=480000 Curr times: u=4430000 s=310000
06-17 07:00:00.103  2077  2232 E KernelCpuUidUserSysTimeReader: Negative user/sys time delta for UID=10115
06-17 07:00:00.103  2077  2232 E KernelCpuUidUserSysTimeReader: Prev times: u=870000 s=160000 Curr times: u=700000 s=100000
06-17 07:00:00.103  2077  2232 E KernelCpuUidUserSysTimeReader: Negative user/sys time delta for UID=10136
06-17 07:00:00.103  2077  2232 E KernelCpuUidUserSysTimeReader: Prev times: u=400000 s=210000 Curr times: u=350000 s=130000
06-17 07:00:00.103  2077  2232 E KernelCpuUidUserSysTimeReader: Negative user/sys time delta for UID=99000
06-17 07:00:00.103  2077  2232 E KernelCpuUidUserSysTimeReader: Prev times: u=130000 s=240000 Curr times: u=90000 s=200000
06-17 07:00:00.103  2077  2232 E KernelCpuUidUserSysTimeReader: Negative user/sys time delta for UID=10110
06-17 07:00:00.103  2077  2232 E KernelCpuUidUserSysTimeReader: Prev times: u=520000 s=100000 Curr times: u=450000 s=50000
06-17 07:00:00.103  2077  2232 E KernelCpuUidUserSysTimeReader: Negative user/sys time delta for UID=10152
06-17 07:00:00.103  2077  2232 E KernelCpuUidUserSysTimeReader: Prev times: u=80000 s=50000 Curr times: u=60000 s=30000
06-17 07:00:00.103  2077  2232 E KernelCpuUidUserSysTimeReader: Negative user/sys time delta for UID=10118
06-17 07:00:00.103  2077  2232 E KernelCpuUidUserSysTimeReader: Prev times: u=50000 s=50000 Curr times: u=40000 s=30000
06-17 07:00:00.103  2077  2232 E KernelCpuUidUserSysTimeReader: Negative user/sys time delta for UID=10173
06-17 07:00:00.103  2077  2232 E KernelCpuUidUserSysTimeReader: Prev times: u=220000 s=60000 Curr times: u=170000 s=50000
06-17 07:00:00.103  2077  2232 E KernelCpuUidUserSysTimeReader: Negative user/sys time delta for UID=10105
06-17 07:00:00.103  2077  2232 E KernelCpuUidUserSysTimeReader: Prev times: u=220000 s=80000 Curr times: u=180000 s=50000
06-17 07:00:00.103  2077  2232 E KernelCpuUidUserSysTimeReader: Negative user/sys time delta for UID=10126
06-17 07:00:00.103  2077  2232 E KernelCpuUidUserSysTimeReader: Prev times: u=100000 s=30000 Curr times: u=70000 s=10000
06-17 07:00:00.103  2077  2232 E KernelCpuUidUserSysTimeReader: Negative user/sys time delta for UID=10113
06-17 07:00:00.103  2077  2232 E KernelCpuUidUserSysTimeReader: Prev times: u=430000 s=60000 Curr times: u=320000 s=40000
06-17 07:00:00.103  2077  2232 E KernelCpuUidUserSysTimeReader: Negative user/sys time delta for UID=10168
06-17 07:00:00.103  2077  2232 E KernelCpuUidUserSysTimeReader: Prev times: u=200000 s=30000 Curr times: u=130000 s=20000
06-17 07:00:00.103  2077  2232 E KernelCpuUidUserSysTimeReader: Negative user/sys time delta for UID=10100
06-17 07:00:00.103  2077  2232 E KernelCpuUidUserSysTimeReader: Prev times: u=1690000 s=640000 Curr times: u=1600000 s=600000
06-17 07:00:00.103  2077  2232 E KernelCpuUidUserSysTimeReader: Negative user/sys time delta for UID=10066
06-17 07:00:00.103  2077  2232 E KernelCpuUidUserSysTimeReader: Prev times: u=260000 s=80000 Curr times: u=170000 s=50000
06-17 07:00:00.103  2077  2232 E KernelCpuUidUserSysTimeReader: Negative user/sys time delta for UID=10176
06-17 07:00:00.103  2077  2232 E KernelCpuUidUserSysTimeReader: Prev times: u=210000 s=100000 Curr times: u=180000 s=60000
06-17 07:00:00.103  2077  2232 E KernelCpuUidUserSysTimeReader: Negative user/sys time delta for UID=10074
06-17 07:00:00.103  2077  2232 E KernelCpuUidUserSysTimeReader: Prev times: u=50000 s=60000 Curr times: u=40000 s=30000
06-17 07:00:00.103  2077  2232 E KernelCpuUidUserSysTimeReader: Negative user/sys time delta for UID=10116
06-17 07:00:00.103  2077  2232 E KernelCpuUidUserSysTimeReader: Prev times: u=190000 s=100000 Curr times: u=170000 s=60000
06-17 07:00:00.111  2077  2232 E KernelWakelockReader: neither /proc/wakelocks nor /d/wakeup_sources exists
06-17 07:01:42.108  2077  2232 E KernelWakelockReader: neither /proc/wakelocks nor /d/wakeup_sources exists
--------- beginning of crash
06-17 07:02:12.177  8234  8234 E AndroidRuntime: FATAL EXCEPTION: main
06-17 07:02:12.177  8234  8234 E AndroidRuntime: Process: org.vestaopensource.tutor, PID: 8234
06-17 07:02:12.177  8234  8234 E AndroidRuntime: java.lang.RuntimeException: Unable to create service id.flutter.flutter_background_service.BackgroundService: java.lang.IllegalArgumentException: foregroundServiceType 0x00000008 is not a subset of foregroundServiceType attribute 0x00000000 in service element of manifest file
06-17 07:02:12.177  8234  8234 E AndroidRuntime: 	at android.app.ActivityThread.handleCreateService(ActivityThread.java:4705)
06-17 07:02:12.177  8234  8234 E AndroidRuntime: 	at android.app.ActivityThread.-$$Nest$mhandleCreateService(Unknown Source:0)
06-17 07:02:12.177  8234  8234 E AndroidRuntime: 	at android.app.ActivityThread$H.handleMessage(ActivityThread.java:2289)
06-17 07:02:12.177  8234  8234 E AndroidRuntime: 	at android.os.Handler.dispatchMessage(Handler.java:106)
06-17 07:02:12.177  8234  8234 E AndroidRuntime: 	at android.os.Looper.loopOnce(Looper.java:205)
06-17 07:02:12.177  8234  8234 E AndroidRuntime: 	at android.os.Looper.loop(Looper.java:294)
06-17 07:02:12.177  8234  8234 E AndroidRuntime: 	at android.app.ActivityThread.main(ActivityThread.java:8248)
06-17 07:02:12.177  8234  8234 E AndroidRuntime: 	at java.lang.reflect.Method.invoke(Native Method)
06-17 07:02:12.177  8234  8234 E AndroidRuntime: 	at com.android.internal.os.RuntimeInit$MethodAndArgsCaller.run(RuntimeInit.java:552)
06-17 07:02:12.177  8234  8234 E AndroidRuntime: 	at com.android.internal.os.ZygoteInit.main(ZygoteInit.java:971)
06-17 07:02:12.177  8234  8234 E AndroidRuntime: Caused by: java.lang.IllegalArgumentException: foregroundServiceType 0x00000008 is not a subset of foregroundServiceType attribute 0x00000000 in service element of manifest file
06-17 07:02:12.177  8234  8234 E AndroidRuntime: 	at android.os.Parcel.createExceptionOrNull(Parcel.java:3061)
06-17 07:02:12.177  8234  8234 E AndroidRuntime: 	at android.os.Parcel.createException(Parcel.java:3041)
06-17 07:02:12.177  8234  8234 E AndroidRuntime: 	at android.os.Parcel.readException(Parcel.java:3024)
06-17 07:02:12.177  8234  8234 E AndroidRuntime: 	at android.os.Parcel.readException(Parcel.java:2966)
06-17 07:02:12.177  8234  8234 E AndroidRuntime: 	at android.app.IActivityManager$Stub$Proxy.setServiceForeground(IActivityManager.java:6790)
06-17 07:02:12.177  8234  8234 E AndroidRuntime: 	at android.app.Service.startForeground(Service.java:862)
06-17 07:02:12.177  8234  8234 E AndroidRuntime: 	at androidx.core.app.ServiceCompat$Api34Impl.startForeground(ServiceCompat.java:241)
06-17 07:02:12.177  8234  8234 E AndroidRuntime: 	at androidx.core.app.ServiceCompat.startForeground(ServiceCompat.java:172)
06-17 07:02:12.177  8234  8234 E AndroidRuntime: 	at id.flutter.flutter_background_service.BackgroundService.updateNotificationInfo(BackgroundService.java:173)
06-17 07:02:12.177  8234  8234 E AndroidRuntime: 	at id.flutter.flutter_background_service.BackgroundService.onCreate(BackgroundService.java:101)
06-17 07:02:12.177  8234  8234 E AndroidRuntime: 	at android.app.ActivityThread.handleCreateService(ActivityThread.java:4692)
06-17 07:02:12.177  8234  8234 E AndroidRuntime: 	... 9 more
06-17 07:02:12.177  8234  8234 E AndroidRuntime: Caused by: android.os.RemoteException: Remote stack trace:
06-17 07:02:12.177  8234  8234 E AndroidRuntime: 	at com.android.server.am.ActiveServices.setServiceForegroundInnerLocked(ActiveServices.java:2061)
06-17 07:02:12.177  8234  8234 E AndroidRuntime: 	at com.android.server.am.ActiveServices.setServiceForegroundLocked(ActiveServices.java:1687)
06-17 07:02:12.177  8234  8234 E AndroidRuntime: 	at com.android.server.am.ActivityManagerService.setServiceForeground(ActivityManagerService.java:13362)
06-17 07:02:12.177  8234  8234 E AndroidRuntime: 	at android.app.IActivityManager$Stub.onTransact(IActivityManager.java:3400)
06-17 07:02:12.177  8234  8234 E AndroidRuntime: 	at com.android.server.am.ActivityManagerService.onTransact(ActivityManagerService.java:2763)
06-17 07:02:12.177  8234  8234 E AndroidRuntime: 
06-17 07:02:12.864   712   759 E keystore2: system/security/keystore2/src/error.rs:180 - system/security/keystore2/src/security_level.rs:622
06-17 07:02:12.864   712   759 E keystore2: 
06-17 07:02:12.864   712   759 E keystore2: Caused by:
06-17 07:02:12.864   712   759 E keystore2:     0: system/security/keystore2/src/security_level.rs:620: While generating Key without explicit attestation key.
06-17 07:02:12.864   712   759 E keystore2:     1: Error::Km(-10003)
06-17 07:02:13.417   712   759 E keystore2: system/security/keystore2/src/error.rs:180 - system/security/keystore2/src/security_level.rs:622
06-17 07:02:13.417   712   759 E keystore2: 
06-17 07:02:13.417   712   759 E keystore2: Caused by:
06-17 07:02:13.417   712   759 E keystore2:     0: system/security/keystore2/src/security_level.rs:620: While generating Key without explicit attestation key.
06-17 07:02:13.417   712   759 E keystore2:     1: Error::Km(-10003)
06-17 07:02:14.470   712   759 E keystore2: system/security/keystore2/src/error.rs:180 - system/security/keystore2/src/security_level.rs:622
06-17 07:02:14.470   712   759 E keystore2: 
06-17 07:02:14.470   712   759 E keystore2: Caused by:
06-17 07:02:14.470   712   759 E keystore2:     0: system/security/keystore2/src/security_level.rs:620: While generating Key without explicit attestation key.
06-17 07:02:14.470   712   759 E keystore2:     1: Error::Km(-10003)
06-17 07:02:16.528   712   759 E keystore2: system/security/keystore2/src/error.rs:180 - system/security/keystore2/src/security_level.rs:622
06-17 07:02:16.528   712   759 E keystore2: 
06-17 07:02:16.528   712   759 E keystore2: Caused by:
06-17 07:02:16.528   712   759 E keystore2:     0: system/security/keystore2/src/security_level.rs:620: While generating Key without explicit attestation key.
06-17 07:02:16.528   712   759 E keystore2:     1: Error::Km(-10003)
06-17 07:02:20.607   712   759 E keystore2: system/security/keystore2/src/error.rs:180 - system/security/keystore2/src/security_level.rs:622
06-17 07:02:20.607   712   759 E keystore2: 
06-17 07:02:20.607   712   759 E keystore2: Caused by:
06-17 07:02:20.607   712   759 E keystore2:     0: system/security/keystore2/src/security_level.rs:620: While generating Key without explicit attestation key.
06-17 07:02:20.607   712   759 E keystore2:     1: Error::Km(-10003)
06-17 07:02:43.810  8568  8568 E AndroidRuntime: FATAL EXCEPTION: main
06-17 07:02:43.810  8568  8568 E AndroidRuntime: Process: org.vestaopensource.tutor, PID: 8568
06-17 07:02:43.810  8568  8568 E AndroidRuntime: android.app.RemoteServiceException$ForegroundServiceDidNotStartInTimeException: Context.startForegroundService() did not then call Service.startForeground(): ServiceRecord{b7c9e5d u0 org.vestaopensource.tutor/id.flutter.flutter_background_service.BackgroundService}
06-17 07:02:43.810  8568  8568 E AndroidRuntime: 	at android.app.ActivityThread.generateForegroundServiceDidNotStartInTimeException(ActivityThread.java:2129)
06-17 07:02:43.810  8568  8568 E AndroidRuntime: 	at android.app.ActivityThread.throwRemoteServiceException(ActivityThread.java:2100)
06-17 07:02:43.810  8568  8568 E AndroidRuntime: 	at android.app.ActivityThread.-$$Nest$mthrowRemoteServiceException(Unknown Source:0)
06-17 07:02:43.810  8568  8568 E AndroidRuntime: 	at android.app.ActivityThread$H.handleMessage(ActivityThread.java:2394)
06-17 07:02:43.810  8568  8568 E AndroidRuntime: 	at android.os.Handler.dispatchMessage(Handler.java:106)
06-17 07:02:43.810  8568  8568 E AndroidRuntime: 	at android.os.Looper.loopOnce(Looper.java:205)
06-17 07:02:43.810  8568  8568 E AndroidRuntime: 	at android.os.Looper.loop(Looper.java:294)
06-17 07:02:43.810  8568  8568 E AndroidRuntime: 	at android.app.ActivityThread.main(ActivityThread.java:8248)
06-17 07:02:43.810  8568  8568 E AndroidRuntime: 	at java.lang.reflect.Method.invoke(Native Method)
06-17 07:02:43.810  8568  8568 E AndroidRuntime: 	at com.android.internal.os.RuntimeInit$MethodAndArgsCaller.run(RuntimeInit.java:552)
06-17 07:02:43.810  8568  8568 E AndroidRuntime: 	at com.android.internal.os.ZygoteInit.main(ZygoteInit.java:971)
06-17 07:04:22.264  4313  4313 E ActivityThread: Service com.google.android.apps.turbo.deadline.library.BatteryFlagService has leaked ServiceConnection bdz@af70e75 that was originally bound here
06-17 07:04:22.264  4313  4313 E ActivityThread: android.app.ServiceConnectionLeaked: Service com.google.android.apps.turbo.deadline.library.BatteryFlagService has leaked ServiceConnection bdz@af70e75 that was originally bound here
06-17 07:04:22.264  4313  4313 E ActivityThread: 	at android.app.LoadedApk$ServiceDispatcher.<init>(LoadedApk.java:2064)
06-17 07:04:22.264  4313  4313 E ActivityThread: 	at android.app.LoadedApk.getServiceDispatcherCommon(LoadedApk.java:1936)
06-17 07:04:22.264  4313  4313 E ActivityThread: 	at android.app.LoadedApk.getServiceDispatcher(LoadedApk.java:1915)
06-17 07:04:22.264  4313  4313 E ActivityThread: 	at android.app.ContextImpl.bindServiceCommon(ContextImpl.java:2113)
06-17 07:04:22.264  4313  4313 E ActivityThread: 	at android.app.ContextImpl.bindService(ContextImpl.java:1989)
06-17 07:04:22.264  4313  4313 E ActivityThread: 	at android.content.ContextWrapper.bindService(ContextWrapper.java:861)
06-17 07:04:22.264  4313  4313 E ActivityThread: 	at bdo.a(PG:283)
06-17 07:04:22.264  4313  4313 E ActivityThread: 	at ly.c(PG:19)
06-17 07:04:22.264  4313  4313 E ActivityThread: 	at com.google.android.apps.turbo.deadline.library.BatteryFlagService.e(PG:17)
06-17 07:04:22.264  4313  4313 E ActivityThread: 	at gl.run(PG:267)
06-17 07:04:22.264  4313  4313 E ActivityThread: 	at java.util.concurrent.Executors$RunnableAdapter.call(Executors.java:487)
06-17 07:04:22.264  4313  4313 E ActivityThread: 	at eni.a(PG:3)
06-17 07:04:22.264  4313  4313 E ActivityThread: 	at emo.run(PG:19)
06-17 07:04:22.264  4313  4313 E ActivityThread: 	at enj.run(PG:5)
06-17 07:04:22.264  4313  4313 E ActivityThread: 	at eii.run(PG:44)
06-17 07:04:22.264  4313  4313 E ActivityThread: 	at qq.run(PG:250)
06-17 07:04:22.264  4313  4313 E ActivityThread: 	at java.lang.Thread.run(Thread.java:1012)
06-17 07:04:22.264  4313  4313 E ActivityThread: 	at cgw.run(PG:58)
06-17 07:04:22.265  4313  4313 E ActivityThread: Service com.google.android.apps.turbo.deadline.library.DeadlineUpdateJobService has leaked ServiceConnection bdz@1ed667b that was originally bound here
06-17 07:04:22.265  4313  4313 E ActivityThread: android.app.ServiceConnectionLeaked: Service com.google.android.apps.turbo.deadline.library.DeadlineUpdateJobService has leaked ServiceConnection bdz@1ed667b that was originally bound here
06-17 07:04:22.265  4313  4313 E ActivityThread: 	at android.app.LoadedApk$ServiceDispatcher.<init>(LoadedApk.java:2064)
06-17 07:04:22.265  4313  4313 E ActivityThread: 	at android.app.LoadedApk.getServiceDispatcherCommon(LoadedApk.java:1936)
06-17 07:04:22.265  4313  4313 E ActivityThread: 	at android.app.LoadedApk.getServiceDispatcher(LoadedApk.java:1915)
06-17 07:04:22.265  4313  4313 E ActivityThread: 	at android.app.ContextImpl.bindServiceCommon(ContextImpl.java:2113)
06-17 07:04:22.265  4313  4313 E ActivityThread: 	at android.app.ContextImpl.bindService(ContextImpl.java:1989)
06-17 07:04:22.265  4313  4313 E ActivityThread: 	at android.content.ContextWrapper.bindService(ContextWrapper.java:861)
06-17 07:04:22.265  4313  4313 E ActivityThread: 	at bdo.a(PG:204)
06-17 07:04:22.265  4313  4313 E ActivityThread: 	at ly.c(PG:19)
06-17 07:04:22.265  4313  4313 E ActivityThread: 	at com.google.android.apps.turbo.deadline.library.DeadlineUpdateJobService.e(PG:31)
06-17 07:04:22.265  4313  4313 E ActivityThread: 	at gl.run(PG:129)
06-17 07:04:22.265  4313  4313 E ActivityThread: 	at java.util.concurrent.Executors$RunnableAdapter.call(Executors.java:487)
06-17 07:04:22.265  4313  4313 E ActivityThread: 	at eni.a(PG:3)
06-17 07:04:22.265  4313  4313 E ActivityThread: 	at emo.run(PG:19)
06-17 07:04:22.265  4313  4313 E ActivityThread: 	at enj.run(PG:5)
06-17 07:04:22.265  4313  4313 E ActivityThread: 	at eii.run(PG:44)
06-17 07:04:22.265  4313  4313 E ActivityThread: 	at qq.run(PG:250)
06-17 07:04:22.265  4313  4313 E ActivityThread: 	at java.lang.Thread.run(Thread.java:1012)
06-17 07:04:22.265  4313  4313 E ActivityThread: 	at cgw.run(PG:58)
06-17 07:08:10.885  2077  2232 E KernelWakelockReader: neither /proc/wakelocks nor /d/wakeup_sources exists
06-17 07:08:10.934  4313  4313 E ActivityThread: Service com.google.android.apps.turbo.deadline.library.BatteryFlagService has leaked ServiceConnection bdz@520e46b that was originally bound here
06-17 07:08:10.934  4313  4313 E ActivityThread: android.app.ServiceConnectionLeaked: Service com.google.android.apps.turbo.deadline.library.BatteryFlagService has leaked ServiceConnection bdz@520e46b that was originally bound here
06-17 07:08:10.934  4313  4313 E ActivityThread: 	at android.app.LoadedApk$ServiceDispatcher.<init>(LoadedApk.java:2064)
06-17 07:08:10.934  4313  4313 E ActivityThread: 	at android.app.LoadedApk.getServiceDispatcherCommon(LoadedApk.java:1936)
06-17 07:08:10.934  4313  4313 E ActivityThread: 	at android.app.LoadedApk.getServiceDispatcher(LoadedApk.java:1915)
06-17 07:08:10.934  4313  4313 E ActivityThread: 	at android.app.ContextImpl.bindServiceCommon(ContextImpl.java:2113)
06-17 07:08:10.934  4313  4313 E ActivityThread: 	at android.app.ContextImpl.bindService(ContextImpl.java:1989)
06-17 07:08:10.934  4313  4313 E ActivityThread: 	at android.content.ContextWrapper.bindService(ContextWrapper.java:861)
06-17 07:08:10.934  4313  4313 E ActivityThread: 	at bdo.a(PG:283)
06-17 07:08:10.934  4313  4313 E ActivityThread: 	at ly.c(PG:19)
06-17 07:08:10.934  4313  4313 E ActivityThread: 	at com.google.android.apps.turbo.deadline.library.BatteryFlagService.e(PG:17)
06-17 07:08:10.934  4313  4313 E ActivityThread: 	at gl.run(PG:267)
06-17 07:08:10.934  4313  4313 E ActivityThread: 	at java.util.concurrent.Executors$RunnableAdapter.call(Executors.java:487)
06-17 07:08:10.934  4313  4313 E ActivityThread: 	at eni.a(PG:3)
06-17 07:08:10.934  4313  4313 E ActivityThread: 	at emo.run(PG:19)
06-17 07:08:10.934  4313  4313 E ActivityThread: 	at enj.run(PG:5)
06-17 07:08:10.934  4313  4313 E ActivityThread: 	at eii.run(PG:44)
06-17 07:08:10.934  4313  4313 E ActivityThread: 	at qq.run(PG:250)
06-17 07:08:10.934  4313  4313 E ActivityThread: 	at java.lang.Thread.run(Thread.java:1012)
06-17 07:08:10.934  4313  4313 E ActivityThread: 	at cgw.run(PG:58)
06-17 07:08:10.939  4313  4313 E ActivityThread: Service com.google.android.apps.turbo.deadline.library.DeadlineUpdateJobService has leaked ServiceConnection bdz@2b375e3 that was originally bound here
06-17 07:08:10.939  4313  4313 E ActivityThread: android.app.ServiceConnectionLeaked: Service com.google.android.apps.turbo.deadline.library.DeadlineUpdateJobService has leaked ServiceConnection bdz@2b375e3 that was originally bound here
06-17 07:08:10.939  4313  4313 E ActivityThread: 	at android.app.LoadedApk$ServiceDispatcher.<init>(LoadedApk.java:2064)
06-17 07:08:10.939  4313  4313 E ActivityThread: 	at android.app.LoadedApk.getServiceDispatcherCommon(LoadedApk.java:1936)
06-17 07:08:10.939  4313  4313 E ActivityThread: 	at android.app.LoadedApk.getServiceDispatcher(LoadedApk.java:1915)
06-17 07:08:10.939  4313  4313 E ActivityThread: 	at android.app.ContextImpl.bindServiceCommon(ContextImpl.java:2113)
06-17 07:08:10.939  4313  4313 E ActivityThread: 	at android.app.ContextImpl.bindService(ContextImpl.java:1989)
06-17 07:08:10.939  4313  4313 E ActivityThread: 	at android.content.ContextWrapper.bindService(ContextWrapper.java:861)
06-17 07:08:10.939  4313  4313 E ActivityThread: 	at bdo.a(PG:204)
06-17 07:08:10.939  4313  4313 E ActivityThread: 	at ly.c(PG:19)
06-17 07:08:10.939  4313  4313 E ActivityThread: 	at com.google.android.apps.turbo.deadline.library.DeadlineUpdateJobService.e(PG:31)
06-17 07:08:10.939  4313  4313 E ActivityThread: 	at gl.run(PG:129)
06-17 07:08:10.939  4313  4313 E ActivityThread: 	at java.util.concurrent.Executors$RunnableAdapter.call(Executors.java:487)
06-17 07:08:10.939  4313  4313 E ActivityThread: 	at eni.a(PG:3)
06-17 07:08:10.939  4313  4313 E ActivityThread: 	at emo.run(PG:19)
06-17 07:08:10.939  4313  4313 E ActivityThread: 	at enj.run(PG:5)
06-17 07:08:10.939  4313  4313 E ActivityThread: 	at eii.run(PG:44)
06-17 07:08:10.939  4313  4313 E ActivityThread: 	at qq.run(PG:250)
06-17 07:08:10.939  4313  4313 E ActivityThread: 	at java.lang.Thread.run(Thread.java:1012)
06-17 07:08:10.939  4313  4313 E ActivityThread: 	at cgw.run(PG:58)
06-17 07:08:11.090  2077  2232 E KernelWakelockReader: neither /proc/wakelocks nor /d/wakeup_sources exists
06-17 07:08:11.425  2077  2205 E ShortcutService: Failed to verity-protect /data/system_ce/0/shortcut_service/packages/com.google.android.calendar.xml
06-17 07:08:11.425  2077  2205 E ShortcutService: java.io.IOException: Failed to enable fs-verity on /data/system_ce/0/shortcut_service/packages/com.google.android.calendar.xml: Inappropriate ioctl for device
06-17 07:08:11.425  2077  2205 E ShortcutService: 	at com.android.internal.security.VerityUtils.setUpFsverity(VerityUtils.java:80)
06-17 07:08:11.425  2077  2205 E ShortcutService: 	at com.android.server.security.FileIntegrity.setUpFsVerity(FileIntegrity.java:45)
06-17 07:08:11.425  2077  2205 E ShortcutService: 	at com.android.server.pm.ShortcutPackageItem.saveToFileLocked(ShortcutPackageItem.java:186)
06-17 07:08:11.425  2077  2205 E ShortcutService: 	at com.android.server.pm.ShortcutPackageItem.saveShortcutPackageItem(ShortcutPackageItem.java:232)
06-17 07:08:11.425  2077  2205 E ShortcutService: 	at com.android.server.pm.ShortcutPackageItem$$ExternalSyntheticLambda0.run(R8$$SyntheticClass:0)
06-17 07:08:11.425  2077  2205 E ShortcutService: 	at android.os.Handler.handleCallback(Handler.java:958)
06-17 07:08:11.425  2077  2205 E ShortcutService: 	at android.os.Handler.dispatchMessage(Handler.java:99)
06-17 07:08:11.425  2077  2205 E ShortcutService: 	at android.os.Looper.loopOnce(Looper.java:205)
06-17 07:08:11.425  2077  2205 E ShortcutService: 	at android.os.Looper.loop(Looper.java:294)
06-17 07:08:11.425  2077  2205 E ShortcutService: 	at android.os.HandlerThread.run(HandlerThread.java:67)
06-17 07:10:20.659  4313  4313 E ActivityThread: Service com.google.android.apps.turbo.deadline.library.BatteryFlagService has leaked ServiceConnection bdz@c424b17 that was originally bound here
06-17 07:10:20.659  4313  4313 E ActivityThread: android.app.ServiceConnectionLeaked: Service com.google.android.apps.turbo.deadline.library.BatteryFlagService has leaked ServiceConnection bdz@c424b17 that was originally bound here
06-17 07:10:20.659  4313  4313 E ActivityThread: 	at android.app.LoadedApk$ServiceDispatcher.<init>(LoadedApk.java:2064)
06-17 07:10:20.659  4313  4313 E ActivityThread: 	at android.app.LoadedApk.getServiceDispatcherCommon(LoadedApk.java:1936)
06-17 07:10:20.659  4313  4313 E ActivityThread: 	at android.app.LoadedApk.getServiceDispatcher(LoadedApk.java:1915)
06-17 07:10:20.659  4313  4313 E ActivityThread: 	at android.app.ContextImpl.bindServiceCommon(ContextImpl.java:2113)
06-17 07:10:20.659  4313  4313 E ActivityThread: 	at android.app.ContextImpl.bindService(ContextImpl.java:1989)
06-17 07:10:20.659  4313  4313 E ActivityThread: 	at android.content.ContextWrapper.bindService(ContextWrapper.java:861)
06-17 07:10:20.659  4313  4313 E ActivityThread: 	at bdo.a(PG:283)
06-17 07:10:20.659  4313  4313 E ActivityThread: 	at ly.c(PG:19)
06-17 07:10:20.659  4313  4313 E ActivityThread: 	at com.google.android.apps.turbo.deadline.library.BatteryFlagService.e(PG:17)
06-17 07:10:20.659  4313  4313 E ActivityThread: 	at gl.run(PG:267)
