06-17 07:39:27.593  2077  2205 E ShortcutService: 	at com.android.server.pm.ShortcutPackageItem.saveToFileLocked(ShortcutPackageItem.java:186)
06-17 07:39:27.593  2077  2205 E ShortcutService: 	at com.android.server.pm.ShortcutPackageItem.saveShortcutPackageItem(ShortcutPackageItem.java:232)
06-17 07:39:27.593  2077  2205 E ShortcutService: 	at com.android.server.pm.ShortcutPackageItem$$ExternalSyntheticLambda0.run(R8$$SyntheticClass:0)
06-17 07:39:27.593  2077  2205 E ShortcutService: 	at android.os.Handler.handleCallback(Handler.java:958)
06-17 07:39:27.593  2077  2205 E ShortcutService: 	at android.os.Handler.dispatchMessage(Handler.java:99)
06-17 07:39:27.593  2077  2205 E ShortcutService: 	at android.os.Looper.loopOnce(Looper.java:205)
06-17 07:39:27.593  2077  2205 E ShortcutService: 	at android.os.Looper.loop(Looper.java:294)
06-17 07:39:27.593  2077  2205 E ShortcutService: 	at android.os.HandlerThread.run(HandlerThread.java:67)
06-17 07:39:27.604 11375 11375 E oid.documentsui: Not starting debugger since process cannot load the jdwp agent.
06-17 07:39:27.613  2077  2205 E ShortcutService: Failed to verity-protect /data/system_ce/0/shortcut_service/launchers/com.android.systemui0.xml
06-17 07:39:27.613  2077  2205 E ShortcutService: java.io.IOException: Failed to enable fs-verity on /data/system_ce/0/shortcut_service/launchers/com.android.systemui0.xml: Inappropriate ioctl for device
06-17 07:39:27.613  2077  2205 E ShortcutService: 	at com.android.internal.security.VerityUtils.setUpFsverity(VerityUtils.java:80)
06-17 07:39:27.613  2077  2205 E ShortcutService: 	at com.android.server.security.FileIntegrity.setUpFsVerity(FileIntegrity.java:45)
06-17 07:39:27.613  2077  2205 E ShortcutService: 	at com.android.server.pm.ShortcutPackageItem.saveToFileLocked(ShortcutPackageItem.java:186)
06-17 07:39:27.613  2077  2205 E ShortcutService: 	at com.android.server.pm.ShortcutPackageItem.saveShortcutPackageItem(ShortcutPackageItem.java:232)
06-17 07:39:27.613  2077  2205 E ShortcutService: 	at com.android.server.pm.ShortcutPackageItem$$ExternalSyntheticLambda0.run(R8$$SyntheticClass:0)
06-17 07:39:27.613  2077  2205 E ShortcutService: 	at android.os.Handler.handleCallback(Handler.java:958)
06-17 07:39:27.613  2077  2205 E ShortcutService: 	at android.os.Handler.dispatchMessage(Handler.java:99)
06-17 07:39:27.613  2077  2205 E ShortcutService: 	at android.os.Looper.loopOnce(Looper.java:205)
06-17 07:39:27.613  2077  2205 E ShortcutService: 	at android.os.Looper.loop(Looper.java:294)
06-17 07:39:27.613  2077  2205 E ShortcutService: 	at android.os.HandlerThread.run(HandlerThread.java:67)
06-17 07:39:27.774 11417 11417 E d.process.media: Not starting debugger since process cannot load the jdwp agent.
06-17 07:39:27.982  2077  2232 E system_server: Cannot read thread CPU times for PID 2077
06-17 07:39:28.020  2077  2205 E RuntimePermissionsPersistenceImpl: Failed to verity-protect runtime-permissions
06-17 07:39:28.020  2077  2205 E RuntimePermissionsPersistenceImpl: java.io.IOException: Failed to enable fs-verity on /data/misc_de/0/apexdata/com.android.permission/runtime-permissions.xml: Inappropriate ioctl for device
06-17 07:39:28.020  2077  2205 E RuntimePermissionsPersistenceImpl: 	at com.android.internal.security.VerityUtils.setUpFsverity(VerityUtils.java:80)
06-17 07:39:28.020  2077  2205 E RuntimePermissionsPersistenceImpl: 	at com.android.server.security.FileIntegrity.setUpFsVerity(FileIntegrity.java:45)
06-17 07:39:28.020  2077  2205 E RuntimePermissionsPersistenceImpl: 	at com.android.permission.persistence.RuntimePermissionsPersistenceImpl.lambda$new$0(RuntimePermissionsPersistenceImpl.java:86)
06-17 07:39:28.020  2077  2205 E RuntimePermissionsPersistenceImpl: 	at com.android.permission.persistence.RuntimePermissionsPersistenceImpl.$r8$lambda$5h47_iJJQtrg6YAo_U8axU1owJI(RuntimePermissionsPersistenceImpl.java:0)
06-17 07:39:28.020  2077  2205 E RuntimePermissionsPersistenceImpl: 	at com.android.permission.persistence.RuntimePermissionsPersistenceImpl$$ExternalSyntheticLambda0.enableFsVerity(R8$$SyntheticClass:0)
06-17 07:39:28.020  2077  2205 E RuntimePermissionsPersistenceImpl: 	at com.android.permission.persistence.RuntimePermissionsPersistenceImpl.writeForUser(RuntimePermissionsPersistenceImpl.java:252)
06-17 07:39:28.020  2077  2205 E RuntimePermissionsPersistenceImpl: 	at com.android.server.pm.Settings$RuntimePermissionPersistence.writePendingStates(Settings.java:5878)
06-17 07:39:28.020  2077  2205 E RuntimePermissionsPersistenceImpl: 	at com.android.server.pm.Settings$RuntimePermissionPersistence.-$$Nest$mwritePendingStates(Settings.java:0)
06-17 07:39:28.020  2077  2205 E RuntimePermissionsPersistenceImpl: 	at com.android.server.pm.Settings$RuntimePermissionPersistence$PersistenceHandler.handleMessage(Settings.java:6133)
06-17 07:39:28.020  2077  2205 E RuntimePermissionsPersistenceImpl: 	at android.os.Handler.dispatchMessage(Handler.java:106)
06-17 07:39:28.020  2077  2205 E RuntimePermissionsPersistenceImpl: 	at android.os.Looper.loopOnce(Looper.java:205)
06-17 07:39:28.020  2077  2205 E RuntimePermissionsPersistenceImpl: 	at android.os.Looper.loop(Looper.java:294)
06-17 07:39:28.020  2077  2205 E RuntimePermissionsPersistenceImpl: 	at android.os.HandlerThread.run(HandlerThread.java:67)
06-17 07:39:28.078  2077  2408 E RolesPersistenceImpl: Failed to verity-protect roles
06-17 07:39:28.078  2077  2408 E RolesPersistenceImpl: java.io.IOException: Failed to enable fs-verity on /data/misc_de/0/apexdata/com.android.permission/roles.xml: Inappropriate ioctl for device
06-17 07:39:28.078  2077  2408 E RolesPersistenceImpl: 	at com.android.internal.security.VerityUtils.setUpFsverity(VerityUtils.java:80)
06-17 07:39:28.078  2077  2408 E RolesPersistenceImpl: 	at com.android.server.security.FileIntegrity.setUpFsVerity(FileIntegrity.java:45)
06-17 07:39:28.078  2077  2408 E RolesPersistenceImpl: 	at com.android.role.persistence.RolesPersistenceImpl.lambda$new$0(RolesPersistenceImpl.java:82)
06-17 07:39:28.078  2077  2408 E RolesPersistenceImpl: 	at com.android.role.persistence.RolesPersistenceImpl.$r8$lambda$ickGZIv_pRR1EKdSoup5TAIVG7Q(RolesPersistenceImpl.java:0)
06-17 07:39:28.078  2077  2408 E RolesPersistenceImpl: 	at com.android.role.persistence.RolesPersistenceImpl$$ExternalSyntheticLambda0.enableFsVerity(R8$$SyntheticClass:0)
06-17 07:39:28.078  2077  2408 E RolesPersistenceImpl: 	at com.android.role.persistence.RolesPersistenceImpl.writeForUser(RolesPersistenceImpl.java:223)
06-17 07:39:28.078  2077  2408 E RolesPersistenceImpl: 	at com.android.role.RoleUserState.writeFile(RoleUserState.java:392)
06-17 07:39:28.078  2077  2408 E RolesPersistenceImpl: 	at com.android.role.RoleUserState.$r8$lambda$czjyYmVdh2Bej-XExJPvwTObAeY(RoleUserState.java:0)
06-17 07:39:28.078  2077  2408 E RolesPersistenceImpl: 	at com.android.role.RoleUserState$$ExternalSyntheticLambda0.run(R8$$SyntheticClass:0)
06-17 07:39:28.078  2077  2408 E RolesPersistenceImpl: 	at android.os.Handler.handleCallback(Handler.java:958)
06-17 07:39:28.078  2077  2408 E RolesPersistenceImpl: 	at android.os.Handler.dispatchMessage(Handler.java:99)
06-17 07:39:28.078  2077  2408 E RolesPersistenceImpl: 	at android.os.Looper.loopOnce(Looper.java:205)
06-17 07:39:28.078  2077  2408 E RolesPersistenceImpl: 	at android.os.Looper.loop(Looper.java:294)
06-17 07:39:28.078  2077  2408 E RolesPersistenceImpl: 	at android.os.HandlerThread.run(HandlerThread.java:67)
06-17 07:39:33.048   999 11111 E doh::ffi: timeout: deadline has elapsed
06-17 07:39:33.048   999 11116 E doh::ffi: timeout: deadline has elapsed
06-17 07:39:33.048   999 11102 E doh::ffi: timeout: deadline has elapsed
06-17 07:39:33.048   999 11100 E doh::ffi: timeout: deadline has elapsed
06-17 07:39:33.049   999 11132 E doh::ffi: timeout: deadline has elapsed
06-17 07:39:33.049   999 11115 E doh::ffi: timeout: deadline has elapsed
06-17 07:39:33.049   999 11117 E doh::ffi: timeout: deadline has elapsed
06-17 07:39:33.050   999 11121 E doh::ffi: timeout: deadline has elapsed
06-17 07:39:33.060   999 11161 E doh::ffi: timeout: deadline has elapsed
06-17 07:39:33.060   999 11160 E doh::ffi: timeout: deadline has elapsed
06-17 07:39:33.060   999 11158 E doh::ffi: timeout: deadline has elapsed
06-17 07:39:33.060   999 11165 E doh::ffi: timeout: deadline has elapsed
06-17 07:39:33.061   999 11164 E doh::ffi: timeout: deadline has elapsed
06-17 07:39:33.063   999 11171 E doh::ffi: timeout: deadline has elapsed
06-17 07:39:33.063   999 11168 E doh::ffi: timeout: deadline has elapsed
06-17 07:39:33.064   999 11173 E doh::ffi: timeout: deadline has elapsed
06-17 07:39:36.872  2077  2260 E ResilientAtomicFile: Failed to verity-protect package manager settings
06-17 07:39:36.872  2077  2260 E ResilientAtomicFile: java.io.IOException: Failed to enable fs-verity on FD(194): Inappropriate ioctl for device
06-17 07:39:36.872  2077  2260 E ResilientAtomicFile: 	at com.android.internal.security.VerityUtils.setUpFsverity(VerityUtils.java:89)
06-17 07:39:36.872  2077  2260 E ResilientAtomicFile: 	at com.android.server.security.FileIntegrity.setUpFsVerity(FileIntegrity.java:56)
06-17 07:39:36.872  2077  2260 E ResilientAtomicFile: 	at com.android.server.pm.ResilientAtomicFile.finishWrite(ResilientAtomicFile.java:146)
06-17 07:39:36.872  2077  2260 E ResilientAtomicFile: 	at com.android.server.pm.Settings.writeLPr(Settings.java:2652)
06-17 07:39:36.872  2077  2260 E ResilientAtomicFile: 	at com.android.server.pm.PackageManagerService.writeSettingsLPrTEMP(PackageManagerService.java:7409)
06-17 07:39:36.872  2077  2260 E ResilientAtomicFile: 	at com.android.server.pm.PackageManagerService.writeSettings(PackageManagerService.java:1491)
06-17 07:39:36.872  2077  2260 E ResilientAtomicFile: 	at com.android.server.pm.PackageHandler.doHandleMessage(PackageHandler.java:121)
06-17 07:39:36.872  2077  2260 E ResilientAtomicFile: 	at com.android.server.pm.PackageHandler.handleMessage(PackageHandler.java:76)
06-17 07:39:36.872  2077  2260 E ResilientAtomicFile: 	at android.os.Handler.dispatchMessage(Handler.java:106)
06-17 07:39:36.872  2077  2260 E ResilientAtomicFile: 	at android.os.Looper.loopOnce(Looper.java:205)
06-17 07:39:36.872  2077  2260 E ResilientAtomicFile: 	at android.os.Looper.loop(Looper.java:294)
06-17 07:39:36.872  2077  2260 E ResilientAtomicFile: 	at android.os.HandlerThread.run(HandlerThread.java:67)
06-17 07:39:36.872  2077  2260 E ResilientAtomicFile: 	at com.android.server.ServiceThread.run(ServiceThread.java:46)
06-17 07:39:36.928  2077  2256 E ResilientAtomicFile: Failed to verity-protect package restrictions
06-17 07:39:36.928  2077  2256 E ResilientAtomicFile: java.io.IOException: Failed to enable fs-verity on FD(194): Inappropriate ioctl for device
06-17 07:39:36.928  2077  2256 E ResilientAtomicFile: 	at com.android.internal.security.VerityUtils.setUpFsverity(VerityUtils.java:89)
06-17 07:39:36.928  2077  2256 E ResilientAtomicFile: 	at com.android.server.security.FileIntegrity.setUpFsVerity(FileIntegrity.java:56)
06-17 07:39:36.928  2077  2256 E ResilientAtomicFile: 	at com.android.server.pm.ResilientAtomicFile.finishWrite(ResilientAtomicFile.java:146)
06-17 07:39:36.928  2077  2256 E ResilientAtomicFile: 	at com.android.server.pm.Settings.writePackageRestrictions(Settings.java:2336)
06-17 07:39:36.928  2077  2256 E ResilientAtomicFile: 	at com.android.server.pm.Settings.lambda$writePackageRestrictionsLPr$1(Settings.java:2162)
06-17 07:39:36.928  2077  2256 E ResilientAtomicFile: 	at com.android.server.pm.Settings.$r8$lambda$OPlPaPj08qmthsK8f0-7Du1VRyA(Settings.java:0)
06-17 07:39:36.928  2077  2256 E ResilientAtomicFile: 	at com.android.server.pm.Settings$$ExternalSyntheticLambda0.run(R8$$SyntheticClass:0)
06-17 07:39:36.928  2077  2256 E ResilientAtomicFile: 	at com.android.server.pm.PackageManagerService$2.handleMessage(PackageManagerService.java:1516)
06-17 07:39:36.928  2077  2256 E ResilientAtomicFile: 	at android.os.Handler.dispatchMessage(Handler.java:102)
06-17 07:39:36.928  2077  2256 E ResilientAtomicFile: 	at android.os.Looper.loopOnce(Looper.java:205)
06-17 07:39:36.928  2077  2256 E ResilientAtomicFile: 	at android.os.Looper.loop(Looper.java:294)
06-17 07:39:36.928  2077  2256 E ResilientAtomicFile: 	at android.os.HandlerThread.run(HandlerThread.java:67)
06-17 07:39:36.928  2077  2256 E ResilientAtomicFile: 	at com.android.server.ServiceThread.run(ServiceThread.java:46)
06-17 07:39:37.863  2077  2205 E RuntimePermissionsPersistenceImpl: Failed to verity-protect runtime-permissions
06-17 07:39:37.863  2077  2205 E RuntimePermissionsPersistenceImpl: java.io.IOException: Failed to enable fs-verity on /data/misc_de/0/apexdata/com.android.permission/runtime-permissions.xml: Inappropriate ioctl for device
06-17 07:39:37.863  2077  2205 E RuntimePermissionsPersistenceImpl: 	at com.android.internal.security.VerityUtils.setUpFsverity(VerityUtils.java:80)
06-17 07:39:37.863  2077  2205 E RuntimePermissionsPersistenceImpl: 	at com.android.server.security.FileIntegrity.setUpFsVerity(FileIntegrity.java:45)
06-17 07:39:37.863  2077  2205 E RuntimePermissionsPersistenceImpl: 	at com.android.permission.persistence.RuntimePermissionsPersistenceImpl.lambda$new$0(RuntimePermissionsPersistenceImpl.java:86)
06-17 07:39:37.863  2077  2205 E RuntimePermissionsPersistenceImpl: 	at com.android.permission.persistence.RuntimePermissionsPersistenceImpl.$r8$lambda$5h47_iJJQtrg6YAo_U8axU1owJI(RuntimePermissionsPersistenceImpl.java:0)
06-17 07:39:37.863  2077  2205 E RuntimePermissionsPersistenceImpl: 	at com.android.permission.persistence.RuntimePermissionsPersistenceImpl$$ExternalSyntheticLambda0.enableFsVerity(R8$$SyntheticClass:0)
06-17 07:39:37.863  2077  2205 E RuntimePermissionsPersistenceImpl: 	at com.android.permission.persistence.RuntimePermissionsPersistenceImpl.writeForUser(RuntimePermissionsPersistenceImpl.java:252)
06-17 07:39:37.863  2077  2205 E RuntimePermissionsPersistenceImpl: 	at com.android.server.pm.Settings$RuntimePermissionPersistence.writePendingStates(Settings.java:5878)
06-17 07:39:37.863  2077  2205 E RuntimePermissionsPersistenceImpl: 	at com.android.server.pm.Settings$RuntimePermissionPersistence.-$$Nest$mwritePendingStates(Settings.java:0)
06-17 07:39:37.863  2077  2205 E RuntimePermissionsPersistenceImpl: 	at com.android.server.pm.Settings$RuntimePermissionPersistence$PersistenceHandler.handleMessage(Settings.java:6133)
06-17 07:39:37.863  2077  2205 E RuntimePermissionsPersistenceImpl: 	at android.os.Handler.dispatchMessage(Handler.java:106)
06-17 07:39:37.863  2077  2205 E RuntimePermissionsPersistenceImpl: 	at android.os.Looper.loopOnce(Looper.java:205)
06-17 07:39:37.863  2077  2205 E RuntimePermissionsPersistenceImpl: 	at android.os.Looper.loop(Looper.java:294)
06-17 07:39:37.863  2077  2205 E RuntimePermissionsPersistenceImpl: 	at android.os.HandlerThread.run(HandlerThread.java:67)
06-17 07:39:53.046   999 11128 E doh::ffi: timeout: deadline has elapsed
06-17 07:39:53.046   999 11126 E doh::ffi: timeout: deadline has elapsed
06-17 07:39:53.046   999 11123 E doh::ffi: timeout: deadline has elapsed
06-17 07:39:53.047   999 11129 E doh::ffi: timeout: deadline has elapsed
06-17 07:39:53.048   999 11138 E doh::ffi: timeout: deadline has elapsed
06-17 07:39:53.048   999 11136 E doh::ffi: timeout: deadline has elapsed
06-17 07:39:53.049   999 11137 E doh::ffi: timeout: deadline has elapsed
06-17 07:39:53.049   999 11133 E doh::ffi: timeout: deadline has elapsed
06-17 07:39:53.050   999 11139 E doh::ffi: timeout: deadline has elapsed
06-17 07:39:53.064   999 11172 E doh::ffi: timeout: deadline has elapsed
06-17 07:39:53.064   999 11174 E doh::ffi: timeout: deadline has elapsed
06-17 07:39:53.064   999 11176 E doh::ffi: timeout: deadline has elapsed
06-17 07:39:53.064   999 11178 E doh::ffi: timeout: deadline has elapsed
06-17 07:39:53.065   999 11181 E doh::ffi: timeout: deadline has elapsed
06-17 07:39:53.065   999 11183 E doh::ffi: timeout: deadline has elapsed
06-17 07:39:53.065   999 11182 E doh::ffi: timeout: deadline has elapsed
06-17 07:39:57.287   999 11335 E doh::ffi: timeout: deadline has elapsed
06-17 07:39:57.287   999 11336 E doh::ffi: timeout: deadline has elapsed
06-17 07:39:57.369   999 11348 E doh::ffi: timeout: deadline has elapsed
06-17 07:39:57.369   999 11349 E doh::ffi: timeout: deadline has elapsed
06-17 07:40:00.060  2483  2483 E SsBaseTemplateCard: No tap action can be set up
06-17 07:40:03.287   999 11442 E doh::ffi: timeout: deadline has elapsed
06-17 07:40:03.287   999 11443 E doh::ffi: timeout: deadline has elapsed
06-17 07:40:25.617 11472 11472 E gs.intelligence: Not starting debugger since process cannot load the jdwp agent.
06-17 07:40:30.809 11505 11505 E id.apps.weather: Not starting debugger since process cannot load the jdwp agent.
06-17 07:40:51.128  4695  5490 E TraceManagerImpl: Trace BuglePhoneApplicationBase#attatchBaseContext timed out after 3426902 ms. Complete trace: # fesw@7738ca59
06-17 07:40:51.128  4695  5490 E TraceManagerImpl: fetd: 
06-17 07:40:51.128  4695  5490 E TraceManagerImpl: 	at tk_trace.TelephonySatelliteReporter#reportNtnSmsSupport(Started After:10)
06-17 07:40:51.128  4695  5490 E TraceManagerImpl: 	at tk_trace.PhenotypeHelper#onBuglePhenotypeChanged(Started After:9)
06-17 07:40:51.128  4695  5490 E TraceManagerImpl: 	at tk_trace.PhenotypeHelper#registerPhenotype(Started After:0)
06-17 07:40:51.128  4695  5490 E TraceManagerImpl: 	at tk_trace.PhoneAsyncAppCreateStartupTask(Started After:0)
06-17 07:40:51.128  4695  5490 E TraceManagerImpl: 	at tk_trace.StartupHandlerImpl#onApplicationCreatedInternal(Started After:0)
06-17 07:40:51.128  4695  5490 E TraceManagerImpl: 	at tk_trace.StartupHandlerImpl#onApplicationCreated(Started After:0)
06-17 07:40:51.128  4695  5490 E TraceManagerImpl: 	at tk_trace.Application.onCreate(Started After:0)
06-17 07:40:51.128  4695  5490 E TraceManagerImpl: 	at tk_trace.Application creation(Started After:0)
06-17 07:40:51.128  4695  5490 E TraceManagerImpl: 	at tk_trace.BuglePhoneApplicationBase#attatchBaseContext(Started After:0)
06-17 07:40:51.129  4695  5491 E TraceManagerImpl: Trace WorkManager:TikTokListenableWorker startWork timed out after 3411258 ms. Complete trace: # fesw@8bde4c18
06-17 07:40:51.129  4695  5491 E TraceManagerImpl: fetd: 
06-17 07:40:51.129  4695  5491 E TraceManagerImpl: 	at tk_trace.ExecutionState::runAfterCommit(Started After:0)
06-17 07:40:51.129  4695  5491 E TraceManagerImpl: 	at tk_trace.WorkQueueWorkerImpl#handleResultInner(Started After:0)
06-17 07:40:51.129  4695  5491 E TraceManagerImpl: 	at tk_trace.WorkQueueWorkerImpl.startWork(Started After:0)
06-17 07:40:51.129  4695  5491 E TraceManagerImpl: 	at tk_trace.WorkQueueBatchingImpl#schedulingDeferred(Started After:0)
06-17 07:40:51.129  4695  5491 E TraceManagerImpl: 	at tk_trace.WorkQueueBatchingImpl#queueWorkItems(Started After:0)
06-17 07:40:51.129  4695  5491 E TraceManagerImpl: 	at tk_trace.WorkQueueBatchingImpl#queueWorkItem(Started After:0)
06-17 07:40:51.129  4695  5491 E TraceManagerImpl: 	at tk_trace.NoAccountWorkerFactory startWork()(Started After:0)
06-17 07:40:51.129  4695  5491 E TraceManagerImpl: 	at tk_trace.com.google.android.apps.messaging.shared.receiver.bootcomplete.BootCompleteWorker startWork()(Started After:0)
06-17 07:40:51.129  4695  5491 E TraceManagerImpl: 	at tk_trace.com.google.android.apps.messaging.shared.receiver.bootcomplete.BootCompleteWorker startWork()(Started After:0)
06-17 07:40:51.129  4695  5491 E TraceManagerImpl: 	at tk_trace.WorkManager:TikTokListenableWorker startWork(Started After:0)
06-17 07:40:51.129  4695  4933 E TraceManagerImpl: Trace WorkQueueWorkerShim#startWork timed out after 3422893 ms. Complete trace: # fesw@e6b2f1c3
06-17 07:40:51.129  4695  4933 E TraceManagerImpl: fetd: 
06-17 07:40:51.129  4695  4933 E TraceManagerImpl: 	at tk_trace.notifyListener(Started After:6)
06-17 07:40:51.129  4695  4933 E TraceManagerImpl: 	at tk_trace.PhenotypeHelper#onCsLibPhenotypeChanged(Started After:6)
06-17 07:40:51.129  4695  4933 E TraceManagerImpl: 	at tk_trace.PhenotypeHelper#registerCsLibPhenotype(Started After:1)
06-17 07:40:51.129  4695  4933 E TraceManagerImpl: 	at tk_trace.SimFlagLoader#handleSimLoaded(Started After:1)
06-17 07:40:51.129  4695  4933 E TraceManagerImpl: 	at tk_trace.PhoneSimsStateUpdaterImpl#updatePhoneSimsState(Started After:0)
06-17 07:40:51.129  4695  4933 E TraceManagerImpl: 	at tk_trace.SimStateUpdateHandler(Started After:0)
06-17 07:40:51.129  4695  4933 E TraceManagerImpl: 	at tk_trace.WorkQueueWorkerImpl.startWork(Started After:0)
06-17 07:40:51.129  4695  4933 E TraceManagerImpl: 	at tk_trace.WorkQueueWorkerShim#startWork(Started After:0)
06-17 07:40:51.138  4695  5516 E TraceManagerImpl: Trace StartupHandlerImpl App Interactive Delay Timer Fired timed out after 3411489 ms. Complete trace: # fesw@b484e90e
06-17 07:40:51.138  4695  5516 E TraceManagerImpl: fetd: 
06-17 07:40:51.138  4695  5516 E TraceManagerImpl: 	at tk_trace.GenericWorkerQueueAction(Started After:6)
06-17 07:40:51.138  4695  5516 E TraceManagerImpl: 	at tk_trace.BackgroundResponseRunnable#processBackgroundWorkResponse(Started After:6)
06-17 07:40:51.138  4695  5516 E TraceManagerImpl: 	at tk_trace.BackgroundWorkerRunnable#runImpl(Started After:6)
06-17 07:40:51.138  4695  5516 E TraceManagerImpl: 	at tk_trace.ExecuteActionRunnable#runImpl(Started After:6)
06-17 07:40:51.138  4695  5516 E TraceManagerImpl: 	at tk_trace.GwqWorkerStartupTask(Started After:0)
06-17 07:40:51.138  4695  5516 E TraceManagerImpl: 	at tk_trace.StartupHandlerImpl#onAppInteractiveInternal(Started After:0)
06-17 07:40:51.138  4695  5516 E TraceManagerImpl: 	at tk_trace.StartupHandlerImpl App Interactive Delay Timer Fired(Started After:0)
06-17 07:41:00.046  2483  2483 E SsBaseTemplateCard: No tap action can be set up
06-17 07:41:38.880 11548 11548 E id.gms.unstable: Not starting debugger since process cannot load the jdwp agent.
06-17 07:41:49.449  1122  1122 E sensors-hal: ~worker:70, pthread_join iRet = 0
06-17 07:41:49.455  1122  1189 E sensors-hal: ~worker:70, pthread_join iRet = 0
06-17 07:41:58.424  2077  2232 E KernelCpuUidUserSysTimeReader: Negative user/sys time delta for UID=10136
06-17 07:41:58.424  2077  2232 E KernelCpuUidUserSysTimeReader: Prev times: u=900000 s=310000 Curr times: u=860000 s=240000
06-17 07:41:58.434  2077  2232 E system_server: Cannot read thread CPU times for PID 2077
06-17 07:41:58.435  2077  2232 E KernelWakelockReader: neither /proc/wakelocks nor /d/wakeup_sources exists
06-17 07:42:00.059  2483  2483 E SsBaseTemplateCard: No tap action can be set up
06-17 07:42:12.331  9588 11618 E AbstractLogEventBuilder: The provided ProductIdOrigin 3 is not one of the process-level expected values: 1 or 2
06-17 07:42:12.866  9588  9622 E AbstractLogEventBuilder: The provided ProductIdOrigin 3 is not one of the process-level expected values: 1 or 2
06-17 07:42:13.261  9588  9588 E AbstractLogEventBuilder: The provided ProductIdOrigin 3 is not one of the process-level expected values: 1 or 2
06-17 07:42:13.274  9588 11618 E AbstractLogEventBuilder: The provided ProductIdOrigin 3 is not one of the process-level expected values: 1 or 2
06-17 07:42:13.478  2077  2260 E RuntimePermissionsPersistenceImpl: Failed to verity-protect runtime-permissions
06-17 07:42:13.478  2077  2260 E RuntimePermissionsPersistenceImpl: java.io.IOException: Failed to enable fs-verity on /data/misc_de/0/apexdata/com.android.permission/runtime-permissions.xml: Inappropriate ioctl for device
06-17 07:42:13.478  2077  2260 E RuntimePermissionsPersistenceImpl: 	at com.android.internal.security.VerityUtils.setUpFsverity(VerityUtils.java:80)
06-17 07:42:13.478  2077  2260 E RuntimePermissionsPersistenceImpl: 	at com.android.server.security.FileIntegrity.setUpFsVerity(FileIntegrity.java:45)
06-17 07:42:13.478  2077  2260 E RuntimePermissionsPersistenceImpl: 	at com.android.permission.persistence.RuntimePermissionsPersistenceImpl.lambda$new$0(RuntimePermissionsPersistenceImpl.java:86)
06-17 07:42:13.478  2077  2260 E RuntimePermissionsPersistenceImpl: 	at com.android.permission.persistence.RuntimePermissionsPersistenceImpl.$r8$lambda$5h47_iJJQtrg6YAo_U8axU1owJI(RuntimePermissionsPersistenceImpl.java:0)
06-17 07:42:13.478  2077  2260 E RuntimePermissionsPersistenceImpl: 	at com.android.permission.persistence.RuntimePermissionsPersistenceImpl$$ExternalSyntheticLambda0.enableFsVerity(R8$$SyntheticClass:0)
06-17 07:42:13.478  2077  2260 E RuntimePermissionsPersistenceImpl: 	at com.android.permission.persistence.RuntimePermissionsPersistenceImpl.writeForUser(RuntimePermissionsPersistenceImpl.java:252)
06-17 07:42:13.478  2077  2260 E RuntimePermissionsPersistenceImpl: 	at com.android.server.pm.Settings$RuntimePermissionPersistence.writePendingStates(Settings.java:5878)
06-17 07:42:13.478  2077  2260 E RuntimePermissionsPersistenceImpl: 	at com.android.server.pm.Settings$RuntimePermissionPersistence.lambda$writeStateForUser$0(Settings.java:5852)
06-17 07:42:13.478  2077  2260 E RuntimePermissionsPersistenceImpl: 	at com.android.server.pm.Settings$RuntimePermissionPersistence.$r8$lambda$vL_IDWXxeht9CSPZDEwmYs-q41w(Settings.java:0)
06-17 07:42:13.478  2077  2260 E RuntimePermissionsPersistenceImpl: 	at com.android.server.pm.Settings$RuntimePermissionPersistence$$ExternalSyntheticLambda0.run(R8$$SyntheticClass:0)
06-17 07:42:13.478  2077  2260 E RuntimePermissionsPersistenceImpl: 	at com.android.server.pm.Settings$RuntimePermissionPersistence.writeStateForUser(Settings.java:5861)
06-17 07:42:13.478  2077  2260 E RuntimePermissionsPersistenceImpl: 	at com.android.server.pm.Settings.writePermissionStateForUserLPr(Settings.java:5547)
06-17 07:42:13.478  2077  2260 E RuntimePermissionsPersistenceImpl: 	at com.android.server.pm.PackageManagerService$PackageManagerInternalImpl.writePermissionSettings(PackageManagerService.java:6921)
06-17 07:42:13.478  2077  2260 E RuntimePermissionsPersistenceImpl: 	at com.android.server.pm.permission.PermissionManagerServiceImpl$1.onPermissionUpdated(PermissionManagerServiceImpl.java:398)
06-17 07:42:13.478  2077  2260 E RuntimePermissionsPersistenceImpl: 	at com.android.server.pm.permission.PermissionManagerServiceImpl.restorePermissionState(PermissionManagerServiceImpl.java:3010)
06-17 07:42:13.478  2077  2260 E RuntimePermissionsPersistenceImpl: 	at com.android.server.pm.permission.PermissionManagerServiceImpl.updatePermissions(PermissionManagerServiceImpl.java:4084)
06-17 07:42:13.478  2077  2260 E RuntimePermissionsPersistenceImpl: 	at com.android.server.pm.permission.PermissionManagerServiceImpl.updatePermissions(PermissionManagerServiceImpl.java:3961)
06-17 07:42:13.478  2077  2260 E RuntimePermissionsPersistenceImpl: 	at com.android.server.pm.permission.PermissionManagerServiceImpl.onPackageInstalledInternal(PermissionManagerServiceImpl.java:5027)
06-17 07:42:13.478  2077  2260 E RuntimePermissionsPersistenceImpl: 	at com.android.server.pm.permission.PermissionManagerServiceImpl.onPackageInstalled(PermissionManagerServiceImpl.java:5300)
06-17 07:42:13.478  2077  2260 E RuntimePermissionsPersistenceImpl: 	at com.android.server.pm.permission.PermissionManagerService$PermissionManagerServiceInternalImpl.onPackageInstalled(PermissionManagerService.java:703)
06-17 07:42:13.478  2077  2260 E RuntimePermissionsPersistenceImpl: 	at com.android.server.pm.InstallPackageHelper.updateSettingsInternalLI(InstallPackageHelper.java:2370)
06-17 07:42:13.478  2077  2260 E RuntimePermissionsPersistenceImpl: 	at com.android.server.pm.InstallPackageHelper.updateSettingsLI(InstallPackageHelper.java:2165)
06-17 07:42:13.478  2077  2260 E RuntimePermissionsPersistenceImpl: 	at com.android.server.pm.InstallPackageHelper.commitPackagesLocked(InstallPackageHelper.java:2134)
06-17 07:42:13.478  2077  2260 E RuntimePermissionsPersistenceImpl: 	at com.android.server.pm.InstallPackageHelper.installPackagesLI(InstallPackageHelper.java:1031)
06-17 07:42:13.478  2077  2260 E RuntimePermissionsPersistenceImpl: 	at com.android.server.pm.InstallPackageHelper.installPackagesTraced(InstallPackageHelper.java:915)
06-17 07:42:13.478  2077  2260 E RuntimePermissionsPersistenceImpl: 	at com.android.server.pm.InstallingSession.processApkInstallRequests(InstallingSession.java:540)
06-17 07:42:13.478  2077  2260 E RuntimePermissionsPersistenceImpl: 	at com.android.server.pm.InstallingSession.processInstallRequests(InstallingSession.java:529)
06-17 07:42:13.478  2077  2260 E RuntimePermissionsPersistenceImpl: 	at com.android.server.pm.InstallingSession.lambda$processPendingInstall$0(InstallingSession.java:288)
06-17 07:42:13.478  2077  2260 E RuntimePermissionsPersistenceImpl: 	at com.android.server.pm.InstallingSession.$r8$lambda$tqRjKCgCJYNNnnY7Qw5M5BHLup8(InstallingSession.java:0)
06-17 07:42:13.478  2077  2260 E RuntimePermissionsPersistenceImpl: 	at com.android.server.pm.InstallingSession$$ExternalSyntheticLambda1.run(R8$$SyntheticClass:0)
06-17 07:42:13.478  2077  2260 E RuntimePermissionsPersistenceImpl: 	at android.os.Handler.handleCallback(Handler.java:958)
06-17 07:42:13.478  2077  2260 E RuntimePermissionsPersistenceImpl: 	at android.os.Handler.dispatchMessage(Handler.java:99)
06-17 07:42:13.478  2077  2260 E RuntimePermissionsPersistenceImpl: 	at android.os.Looper.loopOnce(Looper.java:205)
06-17 07:42:13.478  2077  2260 E RuntimePermissionsPersistenceImpl: 	at android.os.Looper.loop(Looper.java:294)
06-17 07:42:13.478  2077  2260 E RuntimePermissionsPersistenceImpl: 	at android.os.HandlerThread.run(HandlerThread.java:67)
06-17 07:42:13.478  2077  2260 E RuntimePermissionsPersistenceImpl: 	at com.android.server.ServiceThread.run(ServiceThread.java:46)
06-17 07:42:13.501  2077  2260 E ResilientAtomicFile: Failed to verity-protect package manager settings
06-17 07:42:13.501  2077  2260 E ResilientAtomicFile: java.io.IOException: Failed to enable fs-verity on FD(507): Inappropriate ioctl for device
06-17 07:42:13.501  2077  2260 E ResilientAtomicFile: 	at com.android.internal.security.VerityUtils.setUpFsverity(VerityUtils.java:89)
06-17 07:42:13.501  2077  2260 E ResilientAtomicFile: 	at com.android.server.security.FileIntegrity.setUpFsVerity(FileIntegrity.java:56)
06-17 07:42:13.501  2077  2260 E ResilientAtomicFile: 	at com.android.server.pm.ResilientAtomicFile.finishWrite(ResilientAtomicFile.java:146)
06-17 07:42:13.501  2077  2260 E ResilientAtomicFile: 	at com.android.server.pm.Settings.writeLPr(Settings.java:2652)
06-17 07:42:13.501  2077  2260 E ResilientAtomicFile: 	at com.android.server.pm.PackageManagerService.writeSettingsLPrTEMP(PackageManagerService.java:7409)
06-17 07:42:13.501  2077  2260 E ResilientAtomicFile: 	at com.android.server.pm.PackageManagerService.writeSettingsLPrTEMP(PackageManagerService.java:7414)
06-17 07:42:13.501  2077  2260 E ResilientAtomicFile: 	at com.android.server.pm.InstallPackageHelper.updateSettingsInternalLI(InstallPackageHelper.java:2385)
06-17 07:42:13.501  2077  2260 E ResilientAtomicFile: 	at com.android.server.pm.InstallPackageHelper.updateSettingsLI(InstallPackageHelper.java:2165)
06-17 07:42:13.501  2077  2260 E ResilientAtomicFile: 	at com.android.server.pm.InstallPackageHelper.commitPackagesLocked(InstallPackageHelper.java:2134)
06-17 07:42:13.501  2077  2260 E ResilientAtomicFile: 	at com.android.server.pm.InstallPackageHelper.installPackagesLI(InstallPackageHelper.java:1031)
06-17 07:42:13.501  2077  2260 E ResilientAtomicFile: 	at com.android.server.pm.InstallPackageHelper.installPackagesTraced(InstallPackageHelper.java:915)
06-17 07:42:13.501  2077  2260 E ResilientAtomicFile: 	at com.android.server.pm.InstallingSession.processApkInstallRequests(InstallingSession.java:540)
06-17 07:42:13.501  2077  2260 E ResilientAtomicFile: 	at com.android.server.pm.InstallingSession.processInstallRequests(InstallingSession.java:529)
06-17 07:42:13.501  2077  2260 E ResilientAtomicFile: 	at com.android.server.pm.InstallingSession.lambda$processPendingInstall$0(InstallingSession.java:288)
06-17 07:42:13.501  2077  2260 E ResilientAtomicFile: 	at com.android.server.pm.InstallingSession.$r8$lambda$tqRjKCgCJYNNnnY7Qw5M5BHLup8(InstallingSession.java:0)
06-17 07:42:13.501  2077  2260 E ResilientAtomicFile: 	at com.android.server.pm.InstallingSession$$ExternalSyntheticLambda1.run(R8$$SyntheticClass:0)
06-17 07:42:13.501  2077  2260 E ResilientAtomicFile: 	at android.os.Handler.handleCallback(Handler.java:958)
06-17 07:42:13.501  2077  2260 E ResilientAtomicFile: 	at android.os.Handler.dispatchMessage(Handler.java:99)
06-17 07:42:13.501  2077  2260 E ResilientAtomicFile: 	at android.os.Looper.loopOnce(Looper.java:205)
06-17 07:42:13.501  2077  2260 E ResilientAtomicFile: 	at android.os.Looper.loop(Looper.java:294)
06-17 07:42:13.501  2077  2260 E ResilientAtomicFile: 	at android.os.HandlerThread.run(HandlerThread.java:67)
06-17 07:42:13.501  2077  2260 E ResilientAtomicFile: 	at com.android.server.ServiceThread.run(ServiceThread.java:46)
06-17 07:42:13.546  2077  2256 E ResilientAtomicFile: Failed to verity-protect package restrictions
06-17 07:42:13.546  2077  2256 E ResilientAtomicFile: java.io.IOException: Failed to enable fs-verity on FD(508): Inappropriate ioctl for device
06-17 07:42:13.546  2077  2256 E ResilientAtomicFile: 	at com.android.internal.security.VerityUtils.setUpFsverity(VerityUtils.java:89)
06-17 07:42:13.546  2077  2256 E ResilientAtomicFile: 	at com.android.server.security.FileIntegrity.setUpFsVerity(FileIntegrity.java:56)
06-17 07:42:13.546  2077  2256 E ResilientAtomicFile: 	at com.android.server.pm.ResilientAtomicFile.finishWrite(ResilientAtomicFile.java:146)
06-17 07:42:13.546  2077  2256 E ResilientAtomicFile: 	at com.android.server.pm.Settings.writePackageRestrictions(Settings.java:2336)
06-17 07:42:13.546  2077  2256 E ResilientAtomicFile: 	at com.android.server.pm.Settings.lambda$writePackageRestrictionsLPr$1(Settings.java:2162)
06-17 07:42:13.546  2077  2256 E ResilientAtomicFile: 	at com.android.server.pm.Settings.$r8$lambda$OPlPaPj08qmthsK8f0-7Du1VRyA(Settings.java:0)
06-17 07:42:13.546  2077  2256 E ResilientAtomicFile: 	at com.android.server.pm.Settings$$ExternalSyntheticLambda0.run(R8$$SyntheticClass:0)
06-17 07:42:13.546  2077  2256 E ResilientAtomicFile: 	at com.android.server.pm.PackageManagerService$2.handleMessage(PackageManagerService.java:1516)
06-17 07:42:13.546  2077  2256 E ResilientAtomicFile: 	at android.os.Handler.dispatchMessage(Handler.java:102)
06-17 07:42:13.546  2077  2256 E ResilientAtomicFile: 	at android.os.Looper.loopOnce(Looper.java:205)
06-17 07:42:13.546  2077  2256 E ResilientAtomicFile: 	at android.os.Looper.loop(Looper.java:294)
06-17 07:42:13.546  2077  2256 E ResilientAtomicFile: 	at android.os.HandlerThread.run(HandlerThread.java:67)
06-17 07:42:13.546  2077  2256 E ResilientAtomicFile: 	at com.android.server.ServiceThread.run(ServiceThread.java:46)
06-17 07:42:13.644  2077  2387 E AppOps  : attributionTag VCN not declared in manifest of android
06-17 07:42:13.645  2077  2387 E AppOps  : attributionTag VCN not declared in manifest of android
06-17 07:42:13.646  2077  2387 E AppOps  : attributionTag VCN not declared in manifest of android
06-17 07:42:13.648  2077  2387 E AppOps  : attributionTag VCN not declared in manifest of android
06-17 07:42:13.791  9304 11634 E RoleControllerServiceImpl: Default/fallback role holder package doesn't qualify for the role, package: com.google.android.apps.photos, role: android.app.role.SYSTEM_GALLERY
06-17 07:42:13.792  2483  2662 E OpenGLRenderer: Unable to match the desired swap behavior.
06-17 07:42:14.079  9588  9621 E Finsky  : [71] [Counters] attempted to use a non-positive increment for: 4752
06-17 07:42:14.080  9588  9621 E Finsky  : [71] [Counters] attempted to use a non-positive increment for: 4753
06-17 07:42:14.123  2077  2256 E VerityUtils: Failed to measure fs-verity, errno 25: /data/app/~~rdFvABXe3kc67zCtKyuH1g==/org.vestaopensource.tutor-kY1LN0c9Z6kBwSgqQYD-dQ==/base.apk
06-17 07:42:14.138  3541 11690 E Dck     : Could not get ProviderInfo when resolving the content provider authority. [CONTEXT service_id=289 ]
06-17 07:42:14.141  9588  9622 E Finsky  : [72] [Counters] attempted to use a non-positive increment for: 4752
06-17 07:42:14.144  9588  9621 E Finsky  : [71] [Counters] attempted to use a non-positive increment for: 4752
06-17 07:42:14.146  9588  9622 E Finsky  : [72] [Counters] attempted to use a non-positive increment for: 4753
06-17 07:42:14.150  9588  9620 E Finsky  : [70] [Counters] attempted to use a non-positive increment for: 4752
06-17 07:42:14.151  9588  9620 E Finsky  : [70] [Counters] attempted to use a non-positive increment for: 4753
06-17 07:42:14.152  9588  9620 E Finsky  : [70] [Counters] attempted to use a non-positive increment for: 4753
06-17 07:42:14.243  2077  2408 E RolesPersistenceImpl: Failed to verity-protect roles
06-17 07:42:14.243  2077  2408 E RolesPersistenceImpl: java.io.IOException: Failed to enable fs-verity on /data/misc_de/0/apexdata/com.android.permission/roles.xml: Inappropriate ioctl for device
06-17 07:42:14.243  2077  2408 E RolesPersistenceImpl: 	at com.android.internal.security.VerityUtils.setUpFsverity(VerityUtils.java:80)
06-17 07:42:14.243  2077  2408 E RolesPersistenceImpl: 	at com.android.server.security.FileIntegrity.setUpFsVerity(FileIntegrity.java:45)
06-17 07:42:14.243  2077  2408 E RolesPersistenceImpl: 	at com.android.role.persistence.RolesPersistenceImpl.lambda$new$0(RolesPersistenceImpl.java:82)
06-17 07:42:14.243  2077  2408 E RolesPersistenceImpl: 	at com.android.role.persistence.RolesPersistenceImpl.$r8$lambda$ickGZIv_pRR1EKdSoup5TAIVG7Q(RolesPersistenceImpl.java:0)
06-17 07:42:14.243  2077  2408 E RolesPersistenceImpl: 	at com.android.role.persistence.RolesPersistenceImpl$$ExternalSyntheticLambda0.enableFsVerity(R8$$SyntheticClass:0)
06-17 07:42:14.243  2077  2408 E RolesPersistenceImpl: 	at com.android.role.persistence.RolesPersistenceImpl.writeForUser(RolesPersistenceImpl.java:223)
06-17 07:42:14.243  2077  2408 E RolesPersistenceImpl: 	at com.android.role.RoleUserState.writeFile(RoleUserState.java:392)
06-17 07:42:14.243  2077  2408 E RolesPersistenceImpl: 	at com.android.role.RoleUserState.$r8$lambda$czjyYmVdh2Bej-XExJPvwTObAeY(RoleUserState.java:0)
06-17 07:42:14.243  2077  2408 E RolesPersistenceImpl: 	at com.android.role.RoleUserState$$ExternalSyntheticLambda0.run(R8$$SyntheticClass:0)
06-17 07:42:14.243  2077  2408 E RolesPersistenceImpl: 	at android.os.Handler.handleCallback(Handler.java:958)
06-17 07:42:14.243  2077  2408 E RolesPersistenceImpl: 	at android.os.Handler.dispatchMessage(Handler.java:99)
06-17 07:42:14.243  2077  2408 E RolesPersistenceImpl: 	at android.os.Looper.loopOnce(Looper.java:205)
06-17 07:42:14.243  2077  2408 E RolesPersistenceImpl: 	at android.os.Looper.loop(Looper.java:294)
06-17 07:42:14.243  2077  2408 E RolesPersistenceImpl: 	at android.os.HandlerThread.run(HandlerThread.java:67)
06-17 07:42:14.470  2077  2205 E RuntimePermissionsPersistenceImpl: Failed to verity-protect runtime-permissions
06-17 07:42:14.470  2077  2205 E RuntimePermissionsPersistenceImpl: java.io.IOException: Failed to enable fs-verity on /data/misc_de/0/apexdata/com.android.permission/runtime-permissions.xml: Inappropriate ioctl for device
06-17 07:42:14.470  2077  2205 E RuntimePermissionsPersistenceImpl: 	at com.android.internal.security.VerityUtils.setUpFsverity(VerityUtils.java:80)
06-17 07:42:14.470  2077  2205 E RuntimePermissionsPersistenceImpl: 	at com.android.server.security.FileIntegrity.setUpFsVerity(FileIntegrity.java:45)
06-17 07:42:14.470  2077  2205 E RuntimePermissionsPersistenceImpl: 	at com.android.permission.persistence.RuntimePermissionsPersistenceImpl.lambda$new$0(RuntimePermissionsPersistenceImpl.java:86)
06-17 07:42:14.470  2077  2205 E RuntimePermissionsPersistenceImpl: 	at com.android.permission.persistence.RuntimePermissionsPersistenceImpl.$r8$lambda$5h47_iJJQtrg6YAo_U8axU1owJI(RuntimePermissionsPersistenceImpl.java:0)
06-17 07:42:14.470  2077  2205 E RuntimePermissionsPersistenceImpl: 	at com.android.permission.persistence.RuntimePermissionsPersistenceImpl$$ExternalSyntheticLambda0.enableFsVerity(R8$$SyntheticClass:0)
06-17 07:42:14.470  2077  2205 E RuntimePermissionsPersistenceImpl: 	at com.android.permission.persistence.RuntimePermissionsPersistenceImpl.writeForUser(RuntimePermissionsPersistenceImpl.java:252)
06-17 07:42:14.470  2077  2205 E RuntimePermissionsPersistenceImpl: 	at com.android.server.pm.Settings$RuntimePermissionPersistence.writePendingStates(Settings.java:5878)
06-17 07:42:14.470  2077  2205 E RuntimePermissionsPersistenceImpl: 	at com.android.server.pm.Settings$RuntimePermissionPersistence.-$$Nest$mwritePendingStates(Settings.java:0)
06-17 07:42:14.470  2077  2205 E RuntimePermissionsPersistenceImpl: 	at com.android.server.pm.Settings$RuntimePermissionPersistence$PersistenceHandler.handleMessage(Settings.java:6133)
06-17 07:42:14.470  2077  2205 E RuntimePermissionsPersistenceImpl: 	at android.os.Handler.dispatchMessage(Handler.java:106)
06-17 07:42:14.470  2077  2205 E RuntimePermissionsPersistenceImpl: 	at android.os.Looper.loopOnce(Looper.java:205)
06-17 07:42:14.470  2077  2205 E RuntimePermissionsPersistenceImpl: 	at android.os.Looper.loop(Looper.java:294)
06-17 07:42:14.470  2077  2205 E RuntimePermissionsPersistenceImpl: 	at android.os.HandlerThread.run(HandlerThread.java:67)
06-17 07:42:14.781  1170  2429 E HWComposer: getSupportedContentTypes: getSupportedContentTypes failed for display 4630946328380524417: Unsupported (8)
06-17 07:42:14.781 11655 11711 E OpenGLRenderer: Unable to match the desired swap behavior.
06-17 07:42:23.801  2077  2256 E ResilientAtomicFile: Failed to verity-protect package restrictions
06-17 07:42:23.801  2077  2256 E ResilientAtomicFile: java.io.IOException: Failed to enable fs-verity on FD(453): Inappropriate ioctl for device
06-17 07:42:23.801  2077  2256 E ResilientAtomicFile: 	at com.android.internal.security.VerityUtils.setUpFsverity(VerityUtils.java:89)
06-17 07:42:23.801  2077  2256 E ResilientAtomicFile: 	at com.android.server.security.FileIntegrity.setUpFsVerity(FileIntegrity.java:56)
06-17 07:42:23.801  2077  2256 E ResilientAtomicFile: 	at com.android.server.pm.ResilientAtomicFile.finishWrite(ResilientAtomicFile.java:146)
06-17 07:42:23.801  2077  2256 E ResilientAtomicFile: 	at com.android.server.pm.Settings.writePackageRestrictions(Settings.java:2336)
06-17 07:42:23.801  2077  2256 E ResilientAtomicFile: 	at com.android.server.pm.Settings.writePackageRestrictions(Settings.java:2171)
06-17 07:42:23.801  2077  2256 E ResilientAtomicFile: 	at com.android.server.pm.PackageManagerService.writePendingRestrictions(PackageManagerService.java:1484)
06-17 07:42:23.801  2077  2256 E ResilientAtomicFile: 	at com.android.server.pm.PackageManagerService$2.handleMessage(PackageManagerService.java:1511)
06-17 07:42:23.801  2077  2256 E ResilientAtomicFile: 	at android.os.Handler.dispatchMessage(Handler.java:102)
06-17 07:42:23.801  2077  2256 E ResilientAtomicFile: 	at android.os.Looper.loopOnce(Looper.java:205)
06-17 07:42:23.801  2077  2256 E ResilientAtomicFile: 	at android.os.Looper.loop(Looper.java:294)
06-17 07:42:23.801  2077  2256 E ResilientAtomicFile: 	at android.os.HandlerThread.run(HandlerThread.java:67)
06-17 07:42:23.801  2077  2256 E ResilientAtomicFile: 	at com.android.server.ServiceThread.run(ServiceThread.java:46)
06-17 07:42:28.714  2077  2291 E system_server: Can't open file: /sys/kernel/ion/total_heaps_kb
06-17 07:42:28.717  2077  2291 E system_server: Unable to access: /sys/kernel/dmabuf/buffers: No such file or directory
06-17 07:42:45.863  2783  2974 E bluetooth: packages/modules/Bluetooth/system/gd/os/linux_generic/files.cc:221 FileCreatedTime: unable to read '/data/misc/bluetooth/logs/btsnooz_hci.log' file metadata, error: No such file or directory
06-17 07:43:00.051  2483  2483 E SsBaseTemplateCard: No tap action can be set up
06-17 07:43:59.162  2077  2232 E system_server: Cannot read thread CPU times for PID 2077
06-17 07:43:59.163  2077  2232 E KernelWakelockReader: neither /proc/wakelocks nor /d/wakeup_sources exists
06-17 07:43:59.184  3887  4302 E OpenGLRenderer: Unable to match the desired swap behavior.
06-17 07:44:00.033  2483  2483 E SsBaseTemplateCard: No tap action can be set up
06-17 07:44:12.878 11823 11823 E com.whatsapp: Not starting debugger since process cannot load the jdwp agent.
06-17 07:44:12.911 11835 11835 E roid.apps.turbo: Not starting debugger since process cannot load the jdwp agent.
06-17 07:44:12.912 11830 11830 E id.partnersetup: Not starting debugger since process cannot load the jdwp agent.
06-17 07:44:13.511 11896 11896 E e.process.gapps: Not starting debugger since process cannot load the jdwp agent.
06-17 07:44:13.953 11823 11895 E com.whatsapp: No implementation found for void com.facebook.quicklog.QuickPerformanceLoggerNativeProvider.nativeUpdateQPLInstance() (tried Java_com_facebook_quicklog_QuickPerformanceLoggerNativeProvider_nativeUpdateQPLInstance and Java_com_facebook_quicklog_QuickPerformanceLoggerNativeProvider_nativeUpdateQPLInstance__) - is the library loaded, e.g. System.loadLibrary?
06-17 07:44:15.813 11823 11933 E msys    : E[ADNSUCTIMH WCIFile]_WCIFileLog(140)=>Failed to open file filepath = /data/user/0/com.whatsapp/files/wam/WAMMetadataPrivateCredential-0 posixErrorCode = 2 error No such file or directory
06-17 07:44:15.814 11823 11933 E msys    : E[I wam]_WAMTransportPrivateLogUploadMessageWithDefaultLevel(55)=>privatestats/wameta/transport/credential/sync/renewing/failed - not connected or not ready to send realtime events
06-17 07:44:15.889 11823 11933 E msys    : E[I wam]_WAMTransportPrivateLogUploadMessageWithDefaultLevel(55)=>privatestats/wameta/transport/credential/unavailable
06-17 07:44:15.889 11823 11933 E msys    : E[I wam]_WAMTransportPrivateLogUploadMessageWithDefaultLevel(55)=>privatestats/wameta/transport/credential/sync/renewing/failed - not connected or not ready to send realtime events
06-17 07:44:15.889 11823 11933 E msys    : E[I wam]_WAMTransportPrivateLogUploadMessageWithDefaultLevel(55)=>privatestats/wameta/transport/token/auth token invalid
06-17 07:44:15.889 11823 11933 E msys    : E[I wam]_WAMTransportPrivateLogUploadMessageWithDefaultLevel(55)=>privatestats/wameta/transport/credential/unavailable
06-17 07:44:15.889 11823 11933 E msys    : E[I wam]_WAMTransportPrivateLogUploadMessageWithDefaultLevel(55)=>privatestats/wameta/transport/credential/sync/renewing/failed - not connected or not ready to send realtime events
06-17 07:44:15.889 11823 11933 E msys    : E[I wam]_WAMTransportPrivateLogUploadMessageWithDefaultLevel(55)=>privatestats/wameta/transport/token/auth token invalid
06-17 07:44:15.890 11823 11933 E msys    : E[I wam]_WAMTransportPrivateLogUploadMessageWithDefaultLevel(55)=>privatestats/wameta/transport/credential/unavailable
06-17 07:44:15.890 11823 11933 E msys    : E[I wam]_WAMTransportPrivateLogUploadMessageWithDefaultLevel(55)=>privatestats/wameta/transport/credential/sync/renewing/failed - not connected or not ready to send realtime events
06-17 07:44:15.890 11823 11933 E msys    : E[I wam]_WAMTransportPrivateLogUploadMessageWithDefaultLevel(55)=>privatestats/wameta/transport/token/auth token invalid
06-17 07:44:15.890 11823 11933 E msys    : E[I wam]_WAMTransportPrivateLogUploadMessageWithDefaultLevel(55)=>privatestats/wameta/transport/credential/unavailable
06-17 07:44:15.890 11823 11933 E msys    : E[I wam]_WAMTransportPrivateLogUploadMessageWithDefaultLevel(55)=>privatestats/wameta/transport/credential/sync/renewing/failed - not connected or not ready to send realtime events
06-17 07:44:15.890 11823 11933 E msys    : E[I wam]_WAMTransportPrivateLogUploadMessageWithDefaultLevel(55)=>privatestats/wameta/transport/token/auth token invalid
06-17 07:44:15.890 11823 11933 E msys    : E[I wam]_WAMTransportPrivateLogUploadMessageWithDefaultLevel(55)=>privatestats/wameta/transport/credential/unavailable
06-17 07:44:15.891 11823 11933 E msys    : E[I wam]_WAMTransportPrivateLogUploadMessageWithDefaultLevel(55)=>privatestats/wameta/transport/credential/sync/renewing/failed - not connected or not ready to send realtime events
06-17 07:44:15.891 11823 11933 E msys    : E[I wam]_WAMTransportPrivateLogUploadMessageWithDefaultLevel(55)=>privatestats/wameta/transport/token/auth token invalid
06-17 07:44:15.891 11823 11933 E msys    : E[I wam]_WAMTransportPrivateLogUploadMessageWithDefaultLevel(55)=>privatestats/wameta/transport/credential/unavailable
06-17 07:44:15.891 11823 11933 E msys    : E[I wam]_WAMTransportPrivateLogUploadMessageWithDefaultLevel(55)=>privatestats/wameta/transport/credential/sync/renewing/failed - not connected or not ready to send realtime events
06-17 07:44:15.891 11823 11933 E msys    : E[I wam]_WAMTransportPrivateLogUploadMessageWithDefaultLevel(55)=>privatestats/wameta/transport/token/auth token invalid
06-17 07:44:15.891 11823 11933 E msys    : E[I wam]_WAMTransportPrivateLogUploadMessageWithDefaultLevel(55)=>privatestats/wameta/transport/credential/unavailable
06-17 07:44:15.891 11823 11933 E msys    : E[I wam]_WAMTransportPrivateLogUploadMessageWithDefaultLevel(55)=>privatestats/wameta/transport/credential/sync/renewing/failed - not connected or not ready to send realtime events
06-17 07:44:15.891 11823 11933 E msys    : E[I wam]_WAMTransportPrivateLogUploadMessageWithDefaultLevel(55)=>privatestats/wameta/transport/token/auth token invalid
06-17 07:44:15.892 11823 11933 E msys    : E[I wam]_WAMTransportPrivateLogUploadMessageWithDefaultLevel(55)=>privatestats/wameta/transport/credential/unavailable
06-17 07:44:15.892 11823 11933 E msys    : E[I wam]_WAMTransportPrivateLogUploadMessageWithDefaultLevel(55)=>privatestats/wameta/transport/credential/sync/renewing/failed - not connected or not ready to send realtime events
