06-17 06:43:47.997  4313  4313 E ActivityThread: 	at android.app.LoadedApk$ServiceDispatcher.<init>(LoadedApk.java:2064)
06-17 06:43:47.997  4313  4313 E ActivityThread: 	at android.app.LoadedApk.getServiceDispatcherCommon(LoadedApk.java:1936)
06-17 06:43:47.997  4313  4313 E ActivityThread: 	at android.app.LoadedApk.getServiceDispatcher(LoadedApk.java:1915)
06-17 06:43:47.997  4313  4313 E ActivityThread: 	at android.app.ContextImpl.bindServiceCommon(ContextImpl.java:2113)
06-17 06:43:47.997  4313  4313 E ActivityThread: 	at android.app.ContextImpl.bindService(ContextImpl.java:1989)
06-17 06:43:47.997  4313  4313 E ActivityThread: 	at android.content.ContextWrapper.bindService(ContextWrapper.java:861)
06-17 06:43:47.997  4313  4313 E ActivityThread: 	at bdo.a(PG:283)
06-17 06:43:47.997  4313  4313 E ActivityThread: 	at ly.c(PG:19)
06-17 06:43:47.997  4313  4313 E ActivityThread: 	at com.google.android.apps.turbo.deadline.library.BatteryFlagService.e(PG:17)
06-17 06:43:47.997  4313  4313 E ActivityThread: 	at gl.run(PG:267)
06-17 06:43:47.997  4313  4313 E ActivityThread: 	at java.util.concurrent.Executors$RunnableAdapter.call(Executors.java:487)
06-17 06:43:47.997  4313  4313 E ActivityThread: 	at eni.a(PG:3)
06-17 06:43:47.997  4313  4313 E ActivityThread: 	at emo.run(PG:19)
06-17 06:43:47.997  4313  4313 E ActivityThread: 	at enj.run(PG:5)
06-17 06:43:47.997  4313  4313 E ActivityThread: 	at eii.run(PG:44)
06-17 06:43:47.997  4313  4313 E ActivityThread: 	at qq.run(PG:250)
06-17 06:43:47.997  4313  4313 E ActivityThread: 	at java.lang.Thread.run(Thread.java:1012)
06-17 06:43:47.997  4313  4313 E ActivityThread: 	at cgw.run(PG:58)
06-17 06:43:48.034  2077  2205 E ShortcutService: Failed to verity-protect /data/system_ce/0/shortcut_service/packages/com.google.android.deskclock.xml
06-17 06:43:48.034  2077  2205 E ShortcutService: java.io.IOException: Failed to enable fs-verity on /data/system_ce/0/shortcut_service/packages/com.google.android.deskclock.xml: Inappropriate ioctl for device
06-17 06:43:48.034  2077  2205 E ShortcutService: 	at com.android.internal.security.VerityUtils.setUpFsverity(VerityUtils.java:80)
06-17 06:43:48.034  2077  2205 E ShortcutService: 	at com.android.server.security.FileIntegrity.setUpFsVerity(FileIntegrity.java:45)
06-17 06:43:48.034  2077  2205 E ShortcutService: 	at com.android.server.pm.ShortcutPackageItem.saveToFileLocked(ShortcutPackageItem.java:186)
06-17 06:43:48.034  2077  2205 E ShortcutService: 	at com.android.server.pm.ShortcutPackageItem.saveShortcutPackageItem(ShortcutPackageItem.java:232)
06-17 06:43:48.034  2077  2205 E ShortcutService: 	at com.android.server.pm.ShortcutPackageItem$$ExternalSyntheticLambda0.run(R8$$SyntheticClass:0)
06-17 06:43:48.034  2077  2205 E ShortcutService: 	at android.os.Handler.handleCallback(Handler.java:958)
06-17 06:43:48.034  2077  2205 E ShortcutService: 	at android.os.Handler.dispatchMessage(Handler.java:99)
06-17 06:43:48.034  2077  2205 E ShortcutService: 	at android.os.Looper.loopOnce(Looper.java:205)
06-17 06:43:48.034  2077  2205 E ShortcutService: 	at android.os.Looper.loop(Looper.java:294)
06-17 06:43:48.034  2077  2205 E ShortcutService: 	at android.os.HandlerThread.run(HandlerThread.java:67)
06-17 06:43:48.438  2077  2578 E JobScheduler.JobStatus: App com.google.android.safetycore became active but still in NEVER bucket
06-17 06:43:48.464  2077  2578 E JobScheduler.JobStatus: App com.google.android.safetycore became active but still in NEVER bucket
06-17 06:43:48.481  2077  2578 E JobScheduler.JobStatus: App com.google.android.safetycore became active but still in NEVER bucket
06-17 06:43:48.493  2077  3649 E JobScheduler.JobStatus: App com.google.android.safetycore became active but still in NEVER bucket
06-17 06:43:49.527   712   712 E keystore2: system/security/keystore2/src/error.rs:180 - system/security/keystore2/src/security_level.rs:622
06-17 06:43:49.527   712   712 E keystore2: 
06-17 06:43:49.527   712   712 E keystore2: Caused by:
06-17 06:43:49.527   712   712 E keystore2:     0: system/security/keystore2/src/security_level.rs:620: While generating Key without explicit attestation key.
06-17 06:43:49.527   712   712 E keystore2:     1: Error::Km(-10003)
06-17 06:43:49.709  2077  2174 E SensorNotificationService: Invalid local geomagnetic field, ignore.
06-17 06:43:49.964  2077  2782 E Transition: Trying to add a ready-group twice: Display{#0 state=ON size=1080x2248 ROTATION_0}
06-17 06:43:50.176   712   712 E keystore2: system/security/keystore2/src/error.rs:180 - system/security/keystore2/src/security_level.rs:622
06-17 06:43:50.176   712   712 E keystore2: 
06-17 06:43:50.176   712   712 E keystore2: Caused by:
06-17 06:43:50.176   712   712 E keystore2:     0: system/security/keystore2/src/security_level.rs:620: While generating Key without explicit attestation key.
06-17 06:43:50.176   712   712 E keystore2:     1: Error::Km(-10003)
06-17 06:43:51.470  2077  2205 E ShortcutService: Failed to verity-protect /data/system_ce/0/shortcut_service/packages/com.google.android.googlequicksearchbox.xml
06-17 06:43:51.470  2077  2205 E ShortcutService: java.io.IOException: Failed to enable fs-verity on /data/system_ce/0/shortcut_service/packages/com.google.android.googlequicksearchbox.xml: Inappropriate ioctl for device
06-17 06:43:51.470  2077  2205 E ShortcutService: 	at com.android.internal.security.VerityUtils.setUpFsverity(VerityUtils.java:80)
06-17 06:43:51.470  2077  2205 E ShortcutService: 	at com.android.server.security.FileIntegrity.setUpFsVerity(FileIntegrity.java:45)
06-17 06:43:51.470  2077  2205 E ShortcutService: 	at com.android.server.pm.ShortcutPackageItem.saveToFileLocked(ShortcutPackageItem.java:186)
06-17 06:43:51.470  2077  2205 E ShortcutService: 	at com.android.server.pm.ShortcutPackageItem.saveShortcutPackageItem(ShortcutPackageItem.java:232)
06-17 06:43:51.470  2077  2205 E ShortcutService: 	at com.android.server.pm.ShortcutPackageItem$$ExternalSyntheticLambda0.run(R8$$SyntheticClass:0)
06-17 06:43:51.470  2077  2205 E ShortcutService: 	at android.os.Handler.handleCallback(Handler.java:958)
06-17 06:43:51.470  2077  2205 E ShortcutService: 	at android.os.Handler.dispatchMessage(Handler.java:99)
06-17 06:43:51.470  2077  2205 E ShortcutService: 	at android.os.Looper.loopOnce(Looper.java:205)
06-17 06:43:51.470  2077  2205 E ShortcutService: 	at android.os.Looper.loop(Looper.java:294)
06-17 06:43:51.470  2077  2205 E ShortcutService: 	at android.os.HandlerThread.run(HandlerThread.java:67)
06-17 06:43:51.586  2077  2260 E ResilientAtomicFile: Failed to verity-protect package manager settings
06-17 06:43:51.586  2077  2260 E ResilientAtomicFile: java.io.IOException: Failed to enable fs-verity on FD(601): Inappropriate ioctl for device
06-17 06:43:51.586  2077  2260 E ResilientAtomicFile: 	at com.android.internal.security.VerityUtils.setUpFsverity(VerityUtils.java:89)
06-17 06:43:51.586  2077  2260 E ResilientAtomicFile: 	at com.android.server.security.FileIntegrity.setUpFsVerity(FileIntegrity.java:56)
06-17 06:43:51.586  2077  2260 E ResilientAtomicFile: 	at com.android.server.pm.ResilientAtomicFile.finishWrite(ResilientAtomicFile.java:146)
06-17 06:43:51.586  2077  2260 E ResilientAtomicFile: 	at com.android.server.pm.Settings.writeLPr(Settings.java:2652)
06-17 06:43:51.586  2077  2260 E ResilientAtomicFile: 	at com.android.server.pm.PackageManagerService.writeSettingsLPrTEMP(PackageManagerService.java:7409)
06-17 06:43:51.586  2077  2260 E ResilientAtomicFile: 	at com.android.server.pm.PackageManagerService.writeSettingsLPrTEMP(PackageManagerService.java:7414)
06-17 06:43:51.586  2077  2260 E ResilientAtomicFile: 	at com.android.server.pm.RemovePackageHelper.removePackageDataLIF(RemovePackageHelper.java:373)
06-17 06:43:51.586  2077  2260 E ResilientAtomicFile: 	at com.android.server.pm.DeletePackageHelper.deleteInstalledPackageLIF(DeletePackageHelper.java:575)
06-17 06:43:51.586  2077  2260 E ResilientAtomicFile: 	at com.android.server.pm.DeletePackageHelper.executeDeletePackageLIF(DeletePackageHelper.java:487)
06-17 06:43:51.586  2077  2260 E ResilientAtomicFile: 	at com.android.server.pm.DeletePackageHelper.deletePackageLIF(DeletePackageHelper.java:366)
06-17 06:43:51.586  2077  2260 E ResilientAtomicFile: 	at com.android.server.pm.DeletePackageHelper.deletePackageX(DeletePackageHelper.java:243)
06-17 06:43:51.586  2077  2260 E ResilientAtomicFile: 	at com.android.server.pm.DeletePackageHelper.lambda$deletePackageVersionedInternal$4(DeletePackageHelper.java:780)
06-17 06:43:51.586  2077  2260 E ResilientAtomicFile: 	at com.android.server.pm.DeletePackageHelper.$r8$lambda$4Fq6dOQzMurWEtr04t07o3_ePAI(DeletePackageHelper.java:0)
06-17 06:43:51.586  2077  2260 E ResilientAtomicFile: 	at com.android.server.pm.DeletePackageHelper$$ExternalSyntheticLambda4.run(R8$$SyntheticClass:0)
06-17 06:43:51.586  2077  2260 E ResilientAtomicFile: 	at android.os.Handler.handleCallback(Handler.java:958)
06-17 06:43:51.586  2077  2260 E ResilientAtomicFile: 	at android.os.Handler.dispatchMessage(Handler.java:99)
06-17 06:43:51.586  2077  2260 E ResilientAtomicFile: 	at android.os.Looper.loopOnce(Looper.java:205)
06-17 06:43:51.586  2077  2260 E ResilientAtomicFile: 	at android.os.Looper.loop(Looper.java:294)
06-17 06:43:51.586  2077  2260 E ResilientAtomicFile: 	at android.os.HandlerThread.run(HandlerThread.java:67)
06-17 06:43:51.586  2077  2260 E ResilientAtomicFile: 	at com.android.server.ServiceThread.run(ServiceThread.java:46)
06-17 06:43:51.854  2077  2256 E ResilientAtomicFile: Failed to verity-protect package restrictions
06-17 06:43:51.854  2077  2256 E ResilientAtomicFile: java.io.IOException: Failed to enable fs-verity on FD(619): Inappropriate ioctl for device
06-17 06:43:51.854  2077  2256 E ResilientAtomicFile: 	at com.android.internal.security.VerityUtils.setUpFsverity(VerityUtils.java:89)
06-17 06:43:51.854  2077  2256 E ResilientAtomicFile: 	at com.android.server.security.FileIntegrity.setUpFsVerity(FileIntegrity.java:56)
06-17 06:43:51.854  2077  2256 E ResilientAtomicFile: 	at com.android.server.pm.ResilientAtomicFile.finishWrite(ResilientAtomicFile.java:146)
06-17 06:43:51.854  2077  2256 E ResilientAtomicFile: 	at com.android.server.pm.Settings.writePackageRestrictions(Settings.java:2336)
06-17 06:43:51.854  2077  2256 E ResilientAtomicFile: 	at com.android.server.pm.Settings.lambda$writePackageRestrictionsLPr$1(Settings.java:2162)
06-17 06:43:51.854  2077  2256 E ResilientAtomicFile: 	at com.android.server.pm.Settings.$r8$lambda$OPlPaPj08qmthsK8f0-7Du1VRyA(Settings.java:0)
06-17 06:43:51.854  2077  2256 E ResilientAtomicFile: 	at com.android.server.pm.Settings$$ExternalSyntheticLambda0.run(R8$$SyntheticClass:0)
06-17 06:43:51.854  2077  2256 E ResilientAtomicFile: 	at com.android.server.pm.PackageManagerService$2.handleMessage(PackageManagerService.java:1516)
06-17 06:43:51.854  2077  2256 E ResilientAtomicFile: 	at android.os.Handler.dispatchMessage(Handler.java:102)
06-17 06:43:51.854  2077  2256 E ResilientAtomicFile: 	at android.os.Looper.loopOnce(Looper.java:205)
06-17 06:43:51.854  2077  2256 E ResilientAtomicFile: 	at android.os.Looper.loop(Looper.java:294)
06-17 06:43:51.854  2077  2256 E ResilientAtomicFile: 	at android.os.HandlerThread.run(HandlerThread.java:67)
06-17 06:43:51.854  2077  2256 E ResilientAtomicFile: 	at com.android.server.ServiceThread.run(ServiceThread.java:46)
06-17 06:43:52.490  2077  2387 E AppOps  : attributionTag VCN not declared in manifest of android
06-17 06:43:52.495  2077  2387 E AppOps  : attributionTag VCN not declared in manifest of android
06-17 06:43:52.496  2077  2387 E AppOps  : attributionTag VCN not declared in manifest of android
06-17 06:43:52.497  2077  2387 E AppOps  : attributionTag VCN not declared in manifest of android
06-17 06:43:53.277  2077  2205 E ShortcutService: Failed to verity-protect /data/system_ce/0/shortcut_service/launchers/android0.xml
06-17 06:43:53.277  2077  2205 E ShortcutService: java.io.IOException: Failed to enable fs-verity on /data/system_ce/0/shortcut_service/launchers/android0.xml: Inappropriate ioctl for device
06-17 06:43:53.277  2077  2205 E ShortcutService: 	at com.android.internal.security.VerityUtils.setUpFsverity(VerityUtils.java:80)
06-17 06:43:53.277  2077  2205 E ShortcutService: 	at com.android.server.security.FileIntegrity.setUpFsVerity(FileIntegrity.java:45)
06-17 06:43:53.277  2077  2205 E ShortcutService: 	at com.android.server.pm.ShortcutPackageItem.saveToFileLocked(ShortcutPackageItem.java:186)
06-17 06:43:53.277  2077  2205 E ShortcutService: 	at com.android.server.pm.ShortcutPackageItem.saveShortcutPackageItem(ShortcutPackageItem.java:232)
06-17 06:43:53.277  2077  2205 E ShortcutService: 	at com.android.server.pm.ShortcutPackageItem$$ExternalSyntheticLambda0.run(R8$$SyntheticClass:0)
06-17 06:43:53.277  2077  2205 E ShortcutService: 	at android.os.Handler.handleCallback(Handler.java:958)
06-17 06:43:53.277  2077  2205 E ShortcutService: 	at android.os.Handler.dispatchMessage(Handler.java:99)
06-17 06:43:53.277  2077  2205 E ShortcutService: 	at android.os.Looper.loopOnce(Looper.java:205)
06-17 06:43:53.277  2077  2205 E ShortcutService: 	at android.os.Looper.loop(Looper.java:294)
06-17 06:43:53.277  2077  2205 E ShortcutService: 	at android.os.HandlerThread.run(HandlerThread.java:67)
06-17 06:43:53.282  2077  2205 E ShortcutService: Failed to verity-protect /data/system_ce/0/shortcut_service/launchers/com.google.android.as0.xml
06-17 06:43:53.282  2077  2205 E ShortcutService: java.io.IOException: Failed to enable fs-verity on /data/system_ce/0/shortcut_service/launchers/com.google.android.as0.xml: Inappropriate ioctl for device
06-17 06:43:53.282  2077  2205 E ShortcutService: 	at com.android.internal.security.VerityUtils.setUpFsverity(VerityUtils.java:80)
06-17 06:43:53.282  2077  2205 E ShortcutService: 	at com.android.server.security.FileIntegrity.setUpFsVerity(FileIntegrity.java:45)
06-17 06:43:53.282  2077  2205 E ShortcutService: 	at com.android.server.pm.ShortcutPackageItem.saveToFileLocked(ShortcutPackageItem.java:186)
06-17 06:43:53.282  2077  2205 E ShortcutService: 	at com.android.server.pm.ShortcutPackageItem.saveShortcutPackageItem(ShortcutPackageItem.java:232)
06-17 06:43:53.282  2077  2205 E ShortcutService: 	at com.android.server.pm.ShortcutPackageItem$$ExternalSyntheticLambda0.run(R8$$SyntheticClass:0)
06-17 06:43:53.282  2077  2205 E ShortcutService: 	at android.os.Handler.handleCallback(Handler.java:958)
06-17 06:43:53.282  2077  2205 E ShortcutService: 	at android.os.Handler.dispatchMessage(Handler.java:99)
06-17 06:43:53.282  2077  2205 E ShortcutService: 	at android.os.Looper.loopOnce(Looper.java:205)
06-17 06:43:53.282  2077  2205 E ShortcutService: 	at android.os.Looper.loop(Looper.java:294)
06-17 06:43:53.282  2077  2205 E ShortcutService: 	at android.os.HandlerThread.run(HandlerThread.java:67)
06-17 06:43:53.304  2077  2205 E ShortcutService: Failed to verity-protect /data/system_ce/0/shortcut_service/launchers/com.google.android.apps.nexuslauncher0.xml
06-17 06:43:53.304  2077  2205 E ShortcutService: java.io.IOException: Failed to enable fs-verity on /data/system_ce/0/shortcut_service/launchers/com.google.android.apps.nexuslauncher0.xml: Inappropriate ioctl for device
06-17 06:43:53.304  2077  2205 E ShortcutService: 	at com.android.internal.security.VerityUtils.setUpFsverity(VerityUtils.java:80)
06-17 06:43:53.304  2077  2205 E ShortcutService: 	at com.android.server.security.FileIntegrity.setUpFsVerity(FileIntegrity.java:45)
06-17 06:43:53.304  2077  2205 E ShortcutService: 	at com.android.server.pm.ShortcutPackageItem.saveToFileLocked(ShortcutPackageItem.java:186)
06-17 06:43:53.304  2077  2205 E ShortcutService: 	at com.android.server.pm.ShortcutPackageItem.saveShortcutPackageItem(ShortcutPackageItem.java:232)
06-17 06:43:53.304  2077  2205 E ShortcutService: 	at com.android.server.pm.ShortcutPackageItem$$ExternalSyntheticLambda0.run(R8$$SyntheticClass:0)
06-17 06:43:53.304  2077  2205 E ShortcutService: 	at android.os.Handler.handleCallback(Handler.java:958)
06-17 06:43:53.304  2077  2205 E ShortcutService: 	at android.os.Handler.dispatchMessage(Handler.java:99)
06-17 06:43:53.304  2077  2205 E ShortcutService: 	at android.os.Looper.loopOnce(Looper.java:205)
06-17 06:43:53.304  2077  2205 E ShortcutService: 	at android.os.Looper.loop(Looper.java:294)
06-17 06:43:53.304  2077  2205 E ShortcutService: 	at android.os.HandlerThread.run(HandlerThread.java:67)
06-17 06:43:53.311  2077  2205 E ShortcutService: Failed to verity-protect /data/system_ce/0/shortcut_service/launchers/com.android.systemui0.xml
06-17 06:43:53.311  2077  2205 E ShortcutService: java.io.IOException: Failed to enable fs-verity on /data/system_ce/0/shortcut_service/launchers/com.android.systemui0.xml: Inappropriate ioctl for device
06-17 06:43:53.311  2077  2205 E ShortcutService: 	at com.android.internal.security.VerityUtils.setUpFsverity(VerityUtils.java:80)
06-17 06:43:53.311  2077  2205 E ShortcutService: 	at com.android.server.security.FileIntegrity.setUpFsVerity(FileIntegrity.java:45)
06-17 06:43:53.311  2077  2205 E ShortcutService: 	at com.android.server.pm.ShortcutPackageItem.saveToFileLocked(ShortcutPackageItem.java:186)
06-17 06:43:53.311  2077  2205 E ShortcutService: 	at com.android.server.pm.ShortcutPackageItem.saveShortcutPackageItem(ShortcutPackageItem.java:232)
06-17 06:43:53.311  2077  2205 E ShortcutService: 	at com.android.server.pm.ShortcutPackageItem$$ExternalSyntheticLambda0.run(R8$$SyntheticClass:0)
06-17 06:43:53.311  2077  2205 E ShortcutService: 	at android.os.Handler.handleCallback(Handler.java:958)
06-17 06:43:53.311  2077  2205 E ShortcutService: 	at android.os.Handler.dispatchMessage(Handler.java:99)
06-17 06:43:53.311  2077  2205 E ShortcutService: 	at android.os.Looper.loopOnce(Looper.java:205)
06-17 06:43:53.311  2077  2205 E ShortcutService: 	at android.os.Looper.loop(Looper.java:294)
06-17 06:43:53.311  2077  2205 E ShortcutService: 	at android.os.HandlerThread.run(HandlerThread.java:67)
06-17 06:43:54.243  4313  4313 E ActivityThread: Service com.google.android.apps.turbo.deadline.library.DeadlineUpdateJobService has leaked ServiceConnection bdz@879ad32 that was originally bound here
06-17 06:43:54.243  4313  4313 E ActivityThread: android.app.ServiceConnectionLeaked: Service com.google.android.apps.turbo.deadline.library.DeadlineUpdateJobService has leaked ServiceConnection bdz@879ad32 that was originally bound here
06-17 06:43:54.243  4313  4313 E ActivityThread: 	at android.app.LoadedApk$ServiceDispatcher.<init>(LoadedApk.java:2064)
06-17 06:43:54.243  4313  4313 E ActivityThread: 	at android.app.LoadedApk.getServiceDispatcherCommon(LoadedApk.java:1936)
06-17 06:43:54.243  4313  4313 E ActivityThread: 	at android.app.LoadedApk.getServiceDispatcher(LoadedApk.java:1915)
06-17 06:43:54.243  4313  4313 E ActivityThread: 	at android.app.ContextImpl.bindServiceCommon(ContextImpl.java:2113)
06-17 06:43:54.243  4313  4313 E ActivityThread: 	at android.app.ContextImpl.bindService(ContextImpl.java:1989)
06-17 06:43:54.243  4313  4313 E ActivityThread: 	at android.content.ContextWrapper.bindService(ContextWrapper.java:861)
06-17 06:43:54.243  4313  4313 E ActivityThread: 	at bdo.a(PG:204)
06-17 06:43:54.243  4313  4313 E ActivityThread: 	at ly.c(PG:19)
06-17 06:43:54.243  4313  4313 E ActivityThread: 	at com.google.android.apps.turbo.deadline.library.DeadlineUpdateJobService.e(PG:31)
06-17 06:43:54.243  4313  4313 E ActivityThread: 	at gl.run(PG:129)
06-17 06:43:54.243  4313  4313 E ActivityThread: 	at java.util.concurrent.Executors$RunnableAdapter.call(Executors.java:487)
06-17 06:43:54.243  4313  4313 E ActivityThread: 	at eni.a(PG:3)
06-17 06:43:54.243  4313  4313 E ActivityThread: 	at emo.run(PG:19)
06-17 06:43:54.243  4313  4313 E ActivityThread: 	at enj.run(PG:5)
06-17 06:43:54.243  4313  4313 E ActivityThread: 	at eii.run(PG:44)
06-17 06:43:54.243  4313  4313 E ActivityThread: 	at qq.run(PG:250)
06-17 06:43:54.243  4313  4313 E ActivityThread: 	at java.lang.Thread.run(Thread.java:1012)
06-17 06:43:54.243  4313  4313 E ActivityThread: 	at cgw.run(PG:58)
06-17 06:43:54.263  4313  4313 E ActivityThread: Service com.google.android.apps.turbo.deadline.library.BatteryFlagService has leaked ServiceConnection bdz@1a65439 that was originally bound here
06-17 06:43:54.263  4313  4313 E ActivityThread: android.app.ServiceConnectionLeaked: Service com.google.android.apps.turbo.deadline.library.BatteryFlagService has leaked ServiceConnection bdz@1a65439 that was originally bound here
06-17 06:43:54.263  4313  4313 E ActivityThread: 	at android.app.LoadedApk$ServiceDispatcher.<init>(LoadedApk.java:2064)
06-17 06:43:54.263  4313  4313 E ActivityThread: 	at android.app.LoadedApk.getServiceDispatcherCommon(LoadedApk.java:1936)
06-17 06:43:54.263  4313  4313 E ActivityThread: 	at android.app.LoadedApk.getServiceDispatcher(LoadedApk.java:1915)
06-17 06:43:54.263  4313  4313 E ActivityThread: 	at android.app.ContextImpl.bindServiceCommon(ContextImpl.java:2113)
06-17 06:43:54.263  4313  4313 E ActivityThread: 	at android.app.ContextImpl.bindService(ContextImpl.java:1989)
06-17 06:43:54.263  4313  4313 E ActivityThread: 	at android.content.ContextWrapper.bindService(ContextWrapper.java:861)
06-17 06:43:54.263  4313  4313 E ActivityThread: 	at bdo.a(PG:283)
06-17 06:43:54.263  4313  4313 E ActivityThread: 	at ly.c(PG:19)
06-17 06:43:54.263  4313  4313 E ActivityThread: 	at com.google.android.apps.turbo.deadline.library.BatteryFlagService.e(PG:17)
06-17 06:43:54.263  4313  4313 E ActivityThread: 	at gl.run(PG:267)
06-17 06:43:54.263  4313  4313 E ActivityThread: 	at java.util.concurrent.Executors$RunnableAdapter.call(Executors.java:487)
06-17 06:43:54.263  4313  4313 E ActivityThread: 	at eni.a(PG:3)
06-17 06:43:54.263  4313  4313 E ActivityThread: 	at emo.run(PG:19)
06-17 06:43:54.263  4313  4313 E ActivityThread: 	at enj.run(PG:5)
06-17 06:43:54.263  4313  4313 E ActivityThread: 	at eii.run(PG:44)
06-17 06:43:54.263  4313  4313 E ActivityThread: 	at qq.run(PG:250)
06-17 06:43:54.263  4313  4313 E ActivityThread: 	at java.lang.Thread.run(Thread.java:1012)
06-17 06:43:54.263  4313  4313 E ActivityThread: 	at cgw.run(PG:58)
06-17 06:43:54.939  2077  2205 E ShortcutService: Failed to verity-protect /data/system_ce/0/shortcut_service/packages/com.google.android.calendar.xml
06-17 06:43:54.939  2077  2205 E ShortcutService: java.io.IOException: Failed to enable fs-verity on /data/system_ce/0/shortcut_service/packages/com.google.android.calendar.xml: Inappropriate ioctl for device
06-17 06:43:54.939  2077  2205 E ShortcutService: 	at com.android.internal.security.VerityUtils.setUpFsverity(VerityUtils.java:80)
06-17 06:43:54.939  2077  2205 E ShortcutService: 	at com.android.server.security.FileIntegrity.setUpFsVerity(FileIntegrity.java:45)
06-17 06:43:54.939  2077  2205 E ShortcutService: 	at com.android.server.pm.ShortcutPackageItem.saveToFileLocked(ShortcutPackageItem.java:186)
06-17 06:43:54.939  2077  2205 E ShortcutService: 	at com.android.server.pm.ShortcutPackageItem.saveShortcutPackageItem(ShortcutPackageItem.java:232)
06-17 06:43:54.939  2077  2205 E ShortcutService: 	at com.android.server.pm.ShortcutPackageItem$$ExternalSyntheticLambda0.run(R8$$SyntheticClass:0)
06-17 06:43:54.939  2077  2205 E ShortcutService: 	at android.os.Handler.handleCallback(Handler.java:958)
06-17 06:43:54.939  2077  2205 E ShortcutService: 	at android.os.Handler.dispatchMessage(Handler.java:99)
06-17 06:43:54.939  2077  2205 E ShortcutService: 	at android.os.Looper.loopOnce(Looper.java:205)
06-17 06:43:54.939  2077  2205 E ShortcutService: 	at android.os.Looper.loop(Looper.java:294)
06-17 06:43:54.939  2077  2205 E ShortcutService: 	at android.os.HandlerThread.run(HandlerThread.java:67)
06-17 06:43:55.096  3541  6664 E ActivityThread: Failed to find provider info for subscribedfeeds
06-17 06:43:55.097  3541  6664 E ActivityThread: Failed to find provider info for subscribedfeeds
06-17 06:43:56.232  3541  6906 E ActivityThread: Failed to find provider info for subscribedfeeds
06-17 06:43:56.417  2077  2256 E ResilientAtomicFile: Failed to verity-protect package restrictions
06-17 06:43:56.417  2077  2256 E ResilientAtomicFile: java.io.IOException: Failed to enable fs-verity on FD(228): Inappropriate ioctl for device
06-17 06:43:56.417  2077  2256 E ResilientAtomicFile: 	at com.android.internal.security.VerityUtils.setUpFsverity(VerityUtils.java:89)
06-17 06:43:56.417  2077  2256 E ResilientAtomicFile: 	at com.android.server.security.FileIntegrity.setUpFsVerity(FileIntegrity.java:56)
06-17 06:43:56.417  2077  2256 E ResilientAtomicFile: 	at com.android.server.pm.ResilientAtomicFile.finishWrite(ResilientAtomicFile.java:146)
06-17 06:43:56.417  2077  2256 E ResilientAtomicFile: 	at com.android.server.pm.Settings.writePackageRestrictions(Settings.java:2336)
06-17 06:43:56.417  2077  2256 E ResilientAtomicFile: 	at com.android.server.pm.Settings.writePackageRestrictions(Settings.java:2171)
06-17 06:43:56.417  2077  2256 E ResilientAtomicFile: 	at com.android.server.pm.PackageManagerService.writePendingRestrictions(PackageManagerService.java:1484)
06-17 06:43:56.417  2077  2256 E ResilientAtomicFile: 	at com.android.server.pm.PackageManagerService$2.handleMessage(PackageManagerService.java:1511)
06-17 06:43:56.417  2077  2256 E ResilientAtomicFile: 	at android.os.Handler.dispatchMessage(Handler.java:102)
06-17 06:43:56.417  2077  2256 E ResilientAtomicFile: 	at android.os.Looper.loopOnce(Looper.java:205)
06-17 06:43:56.417  2077  2256 E ResilientAtomicFile: 	at android.os.Looper.loop(Looper.java:294)
06-17 06:43:56.417  2077  2256 E ResilientAtomicFile: 	at android.os.HandlerThread.run(HandlerThread.java:67)
06-17 06:43:56.417  2077  2256 E ResilientAtomicFile: 	at com.android.server.ServiceThread.run(ServiceThread.java:46)
06-17 06:43:57.013   712  6444 E keystore2: system/security/keystore2/src/error.rs:180 - system/security/keystore2/src/security_level.rs:622
06-17 06:43:57.013   712  6444 E keystore2: 
06-17 06:43:57.013   712  6444 E keystore2: Caused by:
06-17 06:43:57.013   712  6444 E keystore2:     0: system/security/keystore2/src/security_level.rs:620: While generating Key without explicit attestation key.
06-17 06:43:57.013   712  6444 E keystore2:     1: Error::Km(-10003)
06-17 06:43:57.773  3541  7036 E ActivityThread: Failed to find provider info for subscribedfeeds
06-17 06:43:57.774  3541  7036 E ActivityThread: Failed to find provider info for subscribedfeeds
06-17 06:43:57.899   712  6444 E keystore2: system/security/keystore2/src/error.rs:180 - system/security/keystore2/src/security_level.rs:622
06-17 06:43:57.899   712  6444 E keystore2: 
06-17 06:43:57.899   712  6444 E keystore2: Caused by:
06-17 06:43:57.899   712  6444 E keystore2:     0: system/security/keystore2/src/security_level.rs:620: While generating Key without explicit attestation key.
06-17 06:43:57.899   712  6444 E keystore2:     1: Error::Km(-10003)
06-17 06:43:57.950   712   759 E keystore2: system/security/keystore2/src/error.rs:180 - system/security/keystore2/src/security_level.rs:622
06-17 06:43:57.950   712   759 E keystore2: 
06-17 06:43:57.950   712   759 E keystore2: Caused by:
06-17 06:43:57.950   712   759 E keystore2:     0: system/security/keystore2/src/security_level.rs:620: While generating Key without explicit attestation key.
06-17 06:43:57.950   712   759 E keystore2:     1: Error::Km(-10003)
06-17 06:43:58.390  4313  4313 E ActivityThread: Service com.google.android.apps.turbo.deadline.library.BatteryFlagService has leaked ServiceConnection bdz@f8266fb that was originally bound here
06-17 06:43:58.390  4313  4313 E ActivityThread: android.app.ServiceConnectionLeaked: Service com.google.android.apps.turbo.deadline.library.BatteryFlagService has leaked ServiceConnection bdz@f8266fb that was originally bound here
06-17 06:43:58.390  4313  4313 E ActivityThread: 	at android.app.LoadedApk$ServiceDispatcher.<init>(LoadedApk.java:2064)
06-17 06:43:58.390  4313  4313 E ActivityThread: 	at android.app.LoadedApk.getServiceDispatcherCommon(LoadedApk.java:1936)
06-17 06:43:58.390  4313  4313 E ActivityThread: 	at android.app.LoadedApk.getServiceDispatcher(LoadedApk.java:1915)
06-17 06:43:58.390  4313  4313 E ActivityThread: 	at android.app.ContextImpl.bindServiceCommon(ContextImpl.java:2113)
06-17 06:43:58.390  4313  4313 E ActivityThread: 	at android.app.ContextImpl.bindService(ContextImpl.java:1989)
06-17 06:43:58.390  4313  4313 E ActivityThread: 	at android.content.ContextWrapper.bindService(ContextWrapper.java:861)
06-17 06:43:58.390  4313  4313 E ActivityThread: 	at bdo.a(PG:283)
06-17 06:43:58.390  4313  4313 E ActivityThread: 	at ly.c(PG:19)
06-17 06:43:58.390  4313  4313 E ActivityThread: 	at com.google.android.apps.turbo.deadline.library.BatteryFlagService.e(PG:17)
06-17 06:43:58.390  4313  4313 E ActivityThread: 	at gl.run(PG:267)
06-17 06:43:58.390  4313  4313 E ActivityThread: 	at java.util.concurrent.Executors$RunnableAdapter.call(Executors.java:487)
06-17 06:43:58.390  4313  4313 E ActivityThread: 	at eni.a(PG:3)
06-17 06:43:58.390  4313  4313 E ActivityThread: 	at emo.run(PG:19)
06-17 06:43:58.390  4313  4313 E ActivityThread: 	at enj.run(PG:5)
06-17 06:43:58.390  4313  4313 E ActivityThread: 	at eii.run(PG:44)
06-17 06:43:58.390  4313  4313 E ActivityThread: 	at qq.run(PG:250)
06-17 06:43:58.390  4313  4313 E ActivityThread: 	at java.lang.Thread.run(Thread.java:1012)
06-17 06:43:58.390  4313  4313 E ActivityThread: 	at cgw.run(PG:58)
06-17 06:43:58.398  4313  4313 E ActivityThread: Service com.google.android.apps.turbo.deadline.library.DeadlineUpdateJobService has leaked ServiceConnection bdz@9a893ad that was originally bound here
06-17 06:43:58.398  4313  4313 E ActivityThread: android.app.ServiceConnectionLeaked: Service com.google.android.apps.turbo.deadline.library.DeadlineUpdateJobService has leaked ServiceConnection bdz@9a893ad that was originally bound here
06-17 06:43:58.398  4313  4313 E ActivityThread: 	at android.app.LoadedApk$ServiceDispatcher.<init>(LoadedApk.java:2064)
06-17 06:43:58.398  4313  4313 E ActivityThread: 	at android.app.LoadedApk.getServiceDispatcherCommon(LoadedApk.java:1936)
06-17 06:43:58.398  4313  4313 E ActivityThread: 	at android.app.LoadedApk.getServiceDispatcher(LoadedApk.java:1915)
06-17 06:43:58.398  4313  4313 E ActivityThread: 	at android.app.ContextImpl.bindServiceCommon(ContextImpl.java:2113)
06-17 06:43:58.398  4313  4313 E ActivityThread: 	at android.app.ContextImpl.bindService(ContextImpl.java:1989)
06-17 06:43:58.398  4313  4313 E ActivityThread: 	at android.content.ContextWrapper.bindService(ContextWrapper.java:861)
06-17 06:43:58.398  4313  4313 E ActivityThread: 	at bdo.a(PG:204)
06-17 06:43:58.398  4313  4313 E ActivityThread: 	at ly.c(PG:19)
06-17 06:43:58.398  4313  4313 E ActivityThread: 	at com.google.android.apps.turbo.deadline.library.DeadlineUpdateJobService.e(PG:31)
06-17 06:43:58.398  4313  4313 E ActivityThread: 	at gl.run(PG:129)
06-17 06:43:58.398  4313  4313 E ActivityThread: 	at java.util.concurrent.Executors$RunnableAdapter.call(Executors.java:487)
06-17 06:43:58.398  4313  4313 E ActivityThread: 	at eni.a(PG:3)
06-17 06:43:58.398  4313  4313 E ActivityThread: 	at emo.run(PG:19)
06-17 06:43:58.398  4313  4313 E ActivityThread: 	at enj.run(PG:5)
06-17 06:43:58.398  4313  4313 E ActivityThread: 	at eii.run(PG:44)
06-17 06:43:58.398  4313  4313 E ActivityThread: 	at qq.run(PG:250)
06-17 06:43:58.398  4313  4313 E ActivityThread: 	at java.lang.Thread.run(Thread.java:1012)
06-17 06:43:58.398  4313  4313 E ActivityThread: 	at cgw.run(PG:58)
06-17 06:43:58.524  2077  2205 E ShortcutService: Failed to verity-protect /data/system_ce/0/shortcut_service/packages/com.google.android.contacts.xml
06-17 06:43:58.524  2077  2205 E ShortcutService: java.io.IOException: Failed to enable fs-verity on /data/system_ce/0/shortcut_service/packages/com.google.android.contacts.xml: Inappropriate ioctl for device
06-17 06:43:58.524  2077  2205 E ShortcutService: 	at com.android.internal.security.VerityUtils.setUpFsverity(VerityUtils.java:80)
06-17 06:43:58.524  2077  2205 E ShortcutService: 	at com.android.server.security.FileIntegrity.setUpFsVerity(FileIntegrity.java:45)
06-17 06:43:58.524  2077  2205 E ShortcutService: 	at com.android.server.pm.ShortcutPackageItem.saveToFileLocked(ShortcutPackageItem.java:186)
06-17 06:43:58.524  2077  2205 E ShortcutService: 	at com.android.server.pm.ShortcutPackageItem.saveShortcutPackageItem(ShortcutPackageItem.java:232)
06-17 06:43:58.524  2077  2205 E ShortcutService: 	at com.android.server.pm.ShortcutPackageItem$$ExternalSyntheticLambda0.run(R8$$SyntheticClass:0)
06-17 06:43:58.524  2077  2205 E ShortcutService: 	at android.os.Handler.handleCallback(Handler.java:958)
06-17 06:43:58.524  2077  2205 E ShortcutService: 	at android.os.Handler.dispatchMessage(Handler.java:99)
06-17 06:43:58.524  2077  2205 E ShortcutService: 	at android.os.Looper.loopOnce(Looper.java:205)
06-17 06:43:58.524  2077  2205 E ShortcutService: 	at android.os.Looper.loop(Looper.java:294)
06-17 06:43:58.524  2077  2205 E ShortcutService: 	at android.os.HandlerThread.run(HandlerThread.java:67)
06-17 06:44:01.307  2077  2232 E KernelWakelockReader: neither /proc/wakelocks nor /d/wakeup_sources exists
06-17 06:44:01.476  2077  2260 E ResilientAtomicFile: Failed to verity-protect package manager settings
06-17 06:44:01.476  2077  2260 E ResilientAtomicFile: java.io.IOException: Failed to enable fs-verity on FD(646): Inappropriate ioctl for device
06-17 06:44:01.476  2077  2260 E ResilientAtomicFile: 	at com.android.internal.security.VerityUtils.setUpFsverity(VerityUtils.java:89)
06-17 06:44:01.476  2077  2260 E ResilientAtomicFile: 	at com.android.server.security.FileIntegrity.setUpFsVerity(FileIntegrity.java:56)
06-17 06:44:01.476  2077  2260 E ResilientAtomicFile: 	at com.android.server.pm.ResilientAtomicFile.finishWrite(ResilientAtomicFile.java:146)
06-17 06:44:01.476  2077  2260 E ResilientAtomicFile: 	at com.android.server.pm.Settings.writeLPr(Settings.java:2652)
06-17 06:44:01.476  2077  2260 E ResilientAtomicFile: 	at com.android.server.pm.PackageManagerService.writeSettingsLPrTEMP(PackageManagerService.java:7409)
06-17 06:44:01.476  2077  2260 E ResilientAtomicFile: 	at com.android.server.pm.PackageManagerService.writeSettings(PackageManagerService.java:1491)
06-17 06:44:01.476  2077  2260 E ResilientAtomicFile: 	at com.android.server.pm.PackageHandler.doHandleMessage(PackageHandler.java:121)
06-17 06:44:01.476  2077  2260 E ResilientAtomicFile: 	at com.android.server.pm.PackageHandler.handleMessage(PackageHandler.java:76)
06-17 06:44:01.476  2077  2260 E ResilientAtomicFile: 	at android.os.Handler.dispatchMessage(Handler.java:106)
06-17 06:44:01.476  2077  2260 E ResilientAtomicFile: 	at android.os.Looper.loopOnce(Looper.java:205)
06-17 06:44:01.476  2077  2260 E ResilientAtomicFile: 	at android.os.Looper.loop(Looper.java:294)
06-17 06:44:01.476  2077  2260 E ResilientAtomicFile: 	at android.os.HandlerThread.run(HandlerThread.java:67)
06-17 06:44:01.476  2077  2260 E ResilientAtomicFile: 	at com.android.server.ServiceThread.run(ServiceThread.java:46)
06-17 06:44:01.512  2077  2256 E ResilientAtomicFile: Failed to verity-protect package restrictions
06-17 06:44:01.512  2077  2256 E ResilientAtomicFile: java.io.IOException: Failed to enable fs-verity on FD(653): Inappropriate ioctl for device
06-17 06:44:01.512  2077  2256 E ResilientAtomicFile: 	at com.android.internal.security.VerityUtils.setUpFsverity(VerityUtils.java:89)
06-17 06:44:01.512  2077  2256 E ResilientAtomicFile: 	at com.android.server.security.FileIntegrity.setUpFsVerity(FileIntegrity.java:56)
06-17 06:44:01.512  2077  2256 E ResilientAtomicFile: 	at com.android.server.pm.ResilientAtomicFile.finishWrite(ResilientAtomicFile.java:146)
06-17 06:44:01.512  2077  2256 E ResilientAtomicFile: 	at com.android.server.pm.Settings.writePackageRestrictions(Settings.java:2336)
06-17 06:44:01.512  2077  2256 E ResilientAtomicFile: 	at com.android.server.pm.Settings.lambda$writePackageRestrictionsLPr$1(Settings.java:2162)
06-17 06:44:01.512  2077  2256 E ResilientAtomicFile: 	at com.android.server.pm.Settings.$r8$lambda$OPlPaPj08qmthsK8f0-7Du1VRyA(Settings.java:0)
06-17 06:44:01.512  2077  2256 E ResilientAtomicFile: 	at com.android.server.pm.Settings$$ExternalSyntheticLambda0.run(R8$$SyntheticClass:0)
06-17 06:44:01.512  2077  2256 E ResilientAtomicFile: 	at com.android.server.pm.PackageManagerService$2.handleMessage(PackageManagerService.java:1516)
06-17 06:44:01.512  2077  2256 E ResilientAtomicFile: 	at android.os.Handler.dispatchMessage(Handler.java:102)
06-17 06:44:01.512  2077  2256 E ResilientAtomicFile: 	at android.os.Looper.loopOnce(Looper.java:205)
06-17 06:44:01.512  2077  2256 E ResilientAtomicFile: 	at android.os.Looper.loop(Looper.java:294)
06-17 06:44:01.512  2077  2256 E ResilientAtomicFile: 	at android.os.HandlerThread.run(HandlerThread.java:67)
06-17 06:44:01.512  2077  2256 E ResilientAtomicFile: 	at com.android.server.ServiceThread.run(ServiceThread.java:46)
06-17 06:44:17.942   712  6444 E keystore2: system/security/keystore2/src/error.rs:180 - system/security/keystore2/src/metrics_store.rs:608: Property not set.
06-17 06:44:17.943  2077  4014 E StatsPullAtomService: pulling keystore metrics failed
06-17 06:44:17.943  2077  4014 E StatsPullAtomService: android.os.ServiceSpecificException: system/security/keystore2/src/metrics_store.rs:608: Property not set. (code 4)
06-17 06:44:17.943  2077  4014 E StatsPullAtomService: 	at android.os.Parcel.createExceptionOrNull(Parcel.java:3071)
06-17 06:44:17.943  2077  4014 E StatsPullAtomService: 	at android.os.Parcel.createException(Parcel.java:3041)
06-17 06:44:17.943  2077  4014 E StatsPullAtomService: 	at android.os.Parcel.readException(Parcel.java:3024)
06-17 06:44:17.943  2077  4014 E StatsPullAtomService: 	at android.os.Parcel.readException(Parcel.java:2966)
06-17 06:44:17.943  2077  4014 E StatsPullAtomService: 	at android.security.metrics.IKeystoreMetrics$Stub$Proxy.pullMetrics(IKeystoreMetrics.java:155)
06-17 06:44:17.943  2077  4014 E StatsPullAtomService: 	at com.android.server.stats.pull.StatsPullAtomService.pullKeystoreAtoms(StatsPullAtomService.java:4564)
06-17 06:44:17.943  2077  4014 E StatsPullAtomService: 	at com.android.server.stats.pull.StatsPullAtomService$StatsPullAtomCallbackImpl.onPullAtom(StatsPullAtomService.java:750)
06-17 06:44:17.943  2077  4014 E StatsPullAtomService: 	at android.app.StatsManager$PullAtomCallbackInternal.lambda$onPullAtom$0(StatsManager.java:688)
06-17 06:44:17.943  2077  4014 E StatsPullAtomService: 	at android.app.StatsManager$PullAtomCallbackInternal.$r8$lambda$wkAbOHvoKcxNXFVeEyQU5e9coiY(Unknown Source:0)
06-17 06:44:17.943  2077  4014 E StatsPullAtomService: 	at android.app.StatsManager$PullAtomCallbackInternal$$ExternalSyntheticLambda0.run(Unknown Source:6)
06-17 06:44:17.943  2077  4014 E StatsPullAtomService: 	at com.android.internal.util.ConcurrentUtils$DirectExecutor.execute(ConcurrentUtils.java:141)
06-17 06:44:17.943  2077  4014 E StatsPullAtomService: 	at android.app.StatsManager$PullAtomCallbackInternal.onPullAtom(StatsManager.java:686)
06-17 06:44:17.943  2077  4014 E StatsPullAtomService: 	at android.os.IPullAtomCallback$Stub.onTransact(IPullAtomCallback.java:92)
06-17 06:44:17.943  2077  4014 E StatsPullAtomService: 	at android.os.Binder.execTransactInternal(Binder.java:1363)
06-17 06:44:17.943  2077  4014 E StatsPullAtomService: 	at android.os.Binder.execTransact(Binder.java:1304)
06-17 06:44:18.148  2077  2077 E ALSProbe: Max time exceeded for ALS logger - disabling: 135761452
06-17 06:44:18.374  2077  2232 E KernelWakelockReader: neither /proc/wakelocks nor /d/wakeup_sources exists
06-17 06:44:26.306  2077  2077 E ALSProbe: Max time exceeded for ALS logger - disabling: 169765520
06-17 06:44:36.308   712  6444 E keystore2: system/security/keystore2/src/error.rs:180 - system/security/keystore2/src/security_level.rs:622
06-17 06:44:36.308   712  6444 E keystore2: 
06-17 06:44:36.308   712  6444 E keystore2: Caused by:
06-17 06:44:36.308   712  6444 E keystore2:     0: system/security/keystore2/src/security_level.rs:620: While generating Key without explicit attestation key.
06-17 06:44:36.308   712  6444 E keystore2:     1: Error::Km(-10003)
06-17 06:44:36.869   712  6444 E keystore2: system/security/keystore2/src/error.rs:180 - system/security/keystore2/src/security_level.rs:622
06-17 06:44:36.869   712  6444 E keystore2: 
06-17 06:44:36.869   712  6444 E keystore2: Caused by:
06-17 06:44:36.869   712  6444 E keystore2:     0: system/security/keystore2/src/security_level.rs:620: While generating Key without explicit attestation key.
06-17 06:44:36.869   712  6444 E keystore2:     1: Error::Km(-10003)
06-17 06:44:37.935   712  6444 E keystore2: system/security/keystore2/src/error.rs:180 - system/security/keystore2/src/security_level.rs:622
06-17 06:44:37.935   712  6444 E keystore2: 
06-17 06:44:37.935   712  6444 E keystore2: Caused by:
06-17 06:44:37.935   712  6444 E keystore2:     0: system/security/keystore2/src/security_level.rs:620: While generating Key without explicit attestation key.
06-17 06:44:37.935   712  6444 E keystore2:     1: Error::Km(-10003)
06-17 06:44:40.000   712  6444 E keystore2: system/security/keystore2/src/error.rs:180 - system/security/keystore2/src/security_level.rs:622
06-17 06:44:40.000   712  6444 E keystore2: 
06-17 06:44:40.000   712  6444 E keystore2: Caused by:
06-17 06:44:40.000   712  6444 E keystore2:     0: system/security/keystore2/src/security_level.rs:620: While generating Key without explicit attestation key.
06-17 06:44:40.000   712  6444 E keystore2:     1: Error::Km(-10003)
06-17 06:44:44.062   712  6444 E keystore2: system/security/keystore2/src/error.rs:180 - system/security/keystore2/src/security_level.rs:622
06-17 06:44:44.062   712  6444 E keystore2: 
06-17 06:44:44.062   712  6444 E keystore2: Caused by:
06-17 06:44:44.062   712  6444 E keystore2:     0: system/security/keystore2/src/security_level.rs:620: While generating Key without explicit attestation key.
06-17 06:44:44.062   712  6444 E keystore2:     1: Error::Km(-10003)
06-17 06:44:58.427  4313  4313 E ActivityThread: Service com.google.android.apps.turbo.deadline.library.BatteryFlagService has leaked ServiceConnection bdz@76d9caf that was originally bound here
06-17 06:44:58.427  4313  4313 E ActivityThread: android.app.ServiceConnectionLeaked: Service com.google.android.apps.turbo.deadline.library.BatteryFlagService has leaked ServiceConnection bdz@76d9caf that was originally bound here
06-17 06:44:58.427  4313  4313 E ActivityThread: 	at android.app.LoadedApk$ServiceDispatcher.<init>(LoadedApk.java:2064)
06-17 06:44:58.427  4313  4313 E ActivityThread: 	at android.app.LoadedApk.getServiceDispatcherCommon(LoadedApk.java:1936)
06-17 06:44:58.427  4313  4313 E ActivityThread: 	at android.app.LoadedApk.getServiceDispatcher(LoadedApk.java:1915)
06-17 06:44:58.427  4313  4313 E ActivityThread: 	at android.app.ContextImpl.bindServiceCommon(ContextImpl.java:2113)
06-17 06:44:58.427  4313  4313 E ActivityThread: 	at android.app.ContextImpl.bindService(ContextImpl.java:1989)
06-17 06:44:58.427  4313  4313 E ActivityThread: 	at android.content.ContextWrapper.bindService(ContextWrapper.java:861)
06-17 06:44:58.427  4313  4313 E ActivityThread: 	at bdo.a(PG:283)
06-17 06:44:58.427  4313  4313 E ActivityThread: 	at ly.c(PG:19)
06-17 06:44:58.427  4313  4313 E ActivityThread: 	at com.google.android.apps.turbo.deadline.library.BatteryFlagService.e(PG:17)
06-17 06:44:58.427  4313  4313 E ActivityThread: 	at gl.run(PG:267)
06-17 06:44:58.427  4313  4313 E ActivityThread: 	at java.util.concurrent.Executors$RunnableAdapter.call(Executors.java:487)
06-17 06:44:58.427  4313  4313 E ActivityThread: 	at eni.a(PG:3)
06-17 06:44:58.427  4313  4313 E ActivityThread: 	at emo.run(PG:19)
06-17 06:44:58.427  4313  4313 E ActivityThread: 	at enj.run(PG:5)
06-17 06:44:58.427  4313  4313 E ActivityThread: 	at eii.run(PG:44)
06-17 06:44:58.427  4313  4313 E ActivityThread: 	at qq.run(PG:250)
06-17 06:44:58.427  4313  4313 E ActivityThread: 	at java.lang.Thread.run(Thread.java:1012)
06-17 06:44:58.427  4313  4313 E ActivityThread: 	at cgw.run(PG:58)
06-17 06:44:58.429  4313  4313 E ActivityThread: Service com.google.android.apps.turbo.deadline.library.DeadlineUpdateJobService has leaked ServiceConnection bdz@f5ffbc1 that was originally bound here
06-17 06:44:58.429  4313  4313 E ActivityThread: android.app.ServiceConnectionLeaked: Service com.google.android.apps.turbo.deadline.library.DeadlineUpdateJobService has leaked ServiceConnection bdz@f5ffbc1 that was originally bound here
06-17 06:44:58.429  4313  4313 E ActivityThread: 	at android.app.LoadedApk$ServiceDispatcher.<init>(LoadedApk.java:2064)
06-17 06:44:58.429  4313  4313 E ActivityThread: 	at android.app.LoadedApk.getServiceDispatcherCommon(LoadedApk.java:1936)
06-17 06:44:58.429  4313  4313 E ActivityThread: 	at android.app.LoadedApk.getServiceDispatcher(LoadedApk.java:1915)
06-17 06:44:58.429  4313  4313 E ActivityThread: 	at android.app.ContextImpl.bindServiceCommon(ContextImpl.java:2113)
06-17 06:44:58.429  4313  4313 E ActivityThread: 	at android.app.ContextImpl.bindService(ContextImpl.java:1989)
06-17 06:44:58.429  4313  4313 E ActivityThread: 	at android.content.ContextWrapper.bindService(ContextWrapper.java:861)
06-17 06:44:58.429  4313  4313 E ActivityThread: 	at bdo.a(PG:204)
06-17 06:44:58.429  4313  4313 E ActivityThread: 	at ly.c(PG:19)
06-17 06:44:58.429  4313  4313 E ActivityThread: 	at com.google.android.apps.turbo.deadline.library.DeadlineUpdateJobService.e(PG:31)
06-17 06:44:58.429  4313  4313 E ActivityThread: 	at gl.run(PG:129)
06-17 06:44:58.429  4313  4313 E ActivityThread: 	at java.util.concurrent.Executors$RunnableAdapter.call(Executors.java:487)
06-17 06:44:58.429  4313  4313 E ActivityThread: 	at eni.a(PG:3)
06-17 06:44:58.429  4313  4313 E ActivityThread: 	at emo.run(PG:19)
06-17 06:44:58.429  4313  4313 E ActivityThread: 	at enj.run(PG:5)
06-17 06:44:58.429  4313  4313 E ActivityThread: 	at eii.run(PG:44)
06-17 06:44:58.429  4313  4313 E ActivityThread: 	at qq.run(PG:250)
06-17 06:44:58.429  4313  4313 E ActivityThread: 	at java.lang.Thread.run(Thread.java:1012)
06-17 06:44:58.429  4313  4313 E ActivityThread: 	at cgw.run(PG:58)
06-17 06:45:35.153  2077  2260 E ResilientAtomicFile: Failed to verity-protect package manager settings
06-17 06:45:35.153  2077  2260 E ResilientAtomicFile: java.io.IOException: Failed to enable fs-verity on FD(469): Inappropriate ioctl for device
06-17 06:45:35.153  2077  2260 E ResilientAtomicFile: 	at com.android.internal.security.VerityUtils.setUpFsverity(VerityUtils.java:89)
06-17 06:45:35.153  2077  2260 E ResilientAtomicFile: 	at com.android.server.security.FileIntegrity.setUpFsVerity(FileIntegrity.java:56)
06-17 06:45:35.153  2077  2260 E ResilientAtomicFile: 	at com.android.server.pm.ResilientAtomicFile.finishWrite(ResilientAtomicFile.java:146)
06-17 06:45:35.153  2077  2260 E ResilientAtomicFile: 	at com.android.server.pm.Settings.writeLPr(Settings.java:2652)
06-17 06:45:35.153  2077  2260 E ResilientAtomicFile: 	at com.android.server.pm.PackageManagerService.writeSettingsLPrTEMP(PackageManagerService.java:7409)
06-17 06:45:35.153  2077  2260 E ResilientAtomicFile: 	at com.android.server.pm.PackageManagerService.writeSettingsLPrTEMP(PackageManagerService.java:7414)
06-17 06:45:35.153  2077  2260 E ResilientAtomicFile: 	at com.android.server.pm.InstallPackageHelper.updateSettingsInternalLI(InstallPackageHelper.java:2385)
06-17 06:45:35.153  2077  2260 E ResilientAtomicFile: 	at com.android.server.pm.InstallPackageHelper.updateSettingsLI(InstallPackageHelper.java:2165)
06-17 06:45:35.153  2077  2260 E ResilientAtomicFile: 	at com.android.server.pm.InstallPackageHelper.commitPackagesLocked(InstallPackageHelper.java:2134)
06-17 06:45:35.153  2077  2260 E ResilientAtomicFile: 	at com.android.server.pm.InstallPackageHelper.installPackagesLI(InstallPackageHelper.java:1031)
06-17 06:45:35.153  2077  2260 E ResilientAtomicFile: 	at com.android.server.pm.InstallPackageHelper.installPackagesTraced(InstallPackageHelper.java:915)
06-17 06:45:35.153  2077  2260 E ResilientAtomicFile: 	at com.android.server.pm.InstallingSession.processApkInstallRequests(InstallingSession.java:540)
06-17 06:45:35.153  2077  2260 E ResilientAtomicFile: 	at com.android.server.pm.InstallingSession.processInstallRequests(InstallingSession.java:529)
06-17 06:45:35.153  2077  2260 E ResilientAtomicFile: 	at com.android.server.pm.InstallingSession.lambda$processPendingInstall$0(InstallingSession.java:288)
06-17 06:45:35.153  2077  2260 E ResilientAtomicFile: 	at com.android.server.pm.InstallingSession.$r8$lambda$tqRjKCgCJYNNnnY7Qw5M5BHLup8(InstallingSession.java:0)
06-17 06:45:35.153  2077  2260 E ResilientAtomicFile: 	at com.android.server.pm.InstallingSession$$ExternalSyntheticLambda1.run(R8$$SyntheticClass:0)
06-17 06:45:35.153  2077  2260 E ResilientAtomicFile: 	at android.os.Handler.handleCallback(Handler.java:958)
06-17 06:45:35.153  2077  2260 E ResilientAtomicFile: 	at android.os.Handler.dispatchMessage(Handler.java:99)
06-17 06:45:35.153  2077  2260 E ResilientAtomicFile: 	at android.os.Looper.loopOnce(Looper.java:205)
06-17 06:45:35.153  2077  2260 E ResilientAtomicFile: 	at android.os.Looper.loop(Looper.java:294)
06-17 06:45:35.153  2077  2260 E ResilientAtomicFile: 	at android.os.HandlerThread.run(HandlerThread.java:67)
06-17 06:45:35.153  2077  2260 E ResilientAtomicFile: 	at com.android.server.ServiceThread.run(ServiceThread.java:46)
06-17 06:45:35.203  2077  2256 E ResilientAtomicFile: Failed to verity-protect package restrictions
